Archive member included to satisfy reference by file (symbol)

.\CortexM3\ARM_GCC_541\Debug\FinalProject.a(UART.o)
                              .\CortexM3\ARM_GCC_541\Debug\main.o (UART_Start)
.\CortexM3\ARM_GCC_541\Debug\FinalProject.a(Timer.o)
                              .\CortexM3\ARM_GCC_541\Debug\InterruptRoutines.o (Timer_ReadStatusRegister)
.\CortexM3\ARM_GCC_541\Debug\FinalProject.a(I2C_Master.o)
                              .\CortexM3\ARM_GCC_541\Debug\I2C_Interface.o (I2C_Master_Start)
.\CortexM3\ARM_GCC_541\Debug\FinalProject.a(SPIM.o)
                              .\CortexM3\ARM_GCC_541\Debug\SPI_Interface.o (SPIM_ReadTxStatus)
.\CortexM3\ARM_GCC_541\Debug\FinalProject.a(CS.o)
                              .\CortexM3\ARM_GCC_541\Debug\SPI_Interface.o (CS_Write)
.\CortexM3\ARM_GCC_541\Debug\FinalProject.a(isr_UART.o)
                              .\CortexM3\ARM_GCC_541\Debug\main.o (isr_UART_StartEx)
.\CortexM3\ARM_GCC_541\Debug\FinalProject.a(UART_IntClock.o)
                              .\CortexM3\ARM_GCC_541\Debug\FinalProject.a(UART.o) (UART_IntClock_Start)
.\CortexM3\ARM_GCC_541\Debug\FinalProject.a(SPIM_IntClock.o)
                              .\CortexM3\ARM_GCC_541\Debug\FinalProject.a(SPIM.o) (SPIM_IntClock_Start)
.\CortexM3\ARM_GCC_541\Debug\FinalProject.a(CyLib.o)
                              .\CortexM3\ARM_GCC_541\Debug\Cm3Start.o (CyHalt)
.\CortexM3\ARM_GCC_541\Debug\FinalProject.a(cyPm.o)
                              .\CortexM3\ARM_GCC_541\Debug\FinalProject.a(CyLib.o) (CyPmReadStatus)
.\CortexM3\ARM_GCC_541\Debug\FinalProject.a(ADC_DelSig.o)
                              .\CortexM3\ARM_GCC_541\Debug\InterruptRoutines.o (ADC_DelSig_CountsTo_mVolts)
.\CortexM3\ARM_GCC_541\Debug\FinalProject.a(ADC_DelSig_INT.o)
                              .\CortexM3\ARM_GCC_541\Debug\FinalProject.a(ADC_DelSig.o) (ADC_DelSig_ISR1)
.\CortexM3\ARM_GCC_541\Debug\FinalProject.a(ADC_DelSig_AMux.o)
                              .\CortexM3\ARM_GCC_541\Debug\FinalProject.a(ADC_DelSig.o) (ADC_DelSig_AMux_Select)
.\CortexM3\ARM_GCC_541\Debug\FinalProject.a(ADC_DelSig_Ext_CP_Clk.o)
                              .\CortexM3\ARM_GCC_541\Debug\FinalProject.a(ADC_DelSig.o) (ADC_DelSig_Ext_CP_Clk_SetModeRegister)
.\CortexM3\ARM_GCC_541\Debug\FinalProject.a(ADC_DelSig_theACLK.o)
                              .\CortexM3\ARM_GCC_541\Debug\FinalProject.a(ADC_DelSig.o) (ADC_DelSig_theACLK_SetModeRegister)
.\CortexM3\ARM_GCC_541\Debug\FinalProject.a(I2C_Master_INT.o)
                              .\CortexM3\ARM_GCC_541\Debug\FinalProject.a(I2C_Master.o) (I2C_Master_ISR)
.\CortexM3\ARM_GCC_541\Debug\FinalProject.a(I2C_Master_PM.o)
                              .\CortexM3\ARM_GCC_541\Debug\FinalProject.a(I2C_Master.o) (I2C_Master_backup)
.\CortexM3\ARM_GCC_541\Debug\FinalProject.a(I2C_Master_MASTER.o)
                              .\CortexM3\ARM_GCC_541\Debug\FinalProject.a(I2C_Master.o) (I2C_Master_mstrStatus)
.\CortexM3\ARM_GCC_541\Debug\FinalProject.a(CyBootAsmGnu.o)
                              .\CortexM3\ARM_GCC_541\Debug\cyfitter_cfg.o (CyDelayCycles)
.\CortexM3\ARM_GCC_541\Debug\FinalProject.a(CyFlash.o)
                              .\CortexM3\ARM_GCC_541\Debug\FinalProject.a(cyPm.o) (CyFlash_SetWaitCycles)
.\CortexM3\ARM_GCC_541\Debug\FinalProject.a(CySpc.o)
                              .\CortexM3\ARM_GCC_541\Debug\FinalProject.a(CyFlash.o) (CySpcStart)
c:/program files (x86)/cypress/psoc creator/4.3/psoc creator/import/gnu/arm/5.4.1/bin/../lib/gcc/arm-none-eabi/5.4.1/armv7-m\libgcc.a(_arm_addsubdf3.o)
                              .\CortexM3\ARM_GCC_541\Debug\FinalProject.a(ADC_DelSig.o) (__aeabi_f2d)
c:/program files (x86)/cypress/psoc creator/4.3/psoc creator/import/gnu/arm/5.4.1/bin/../lib/gcc/arm-none-eabi/5.4.1/armv7-m\libgcc.a(_arm_cmpdf2.o)
                              .\CortexM3\ARM_GCC_541\Debug\FinalProject.a(ADC_DelSig.o) (__aeabi_dcmpgt)
c:/program files (x86)/cypress/psoc creator/4.3/psoc creator/import/gnu/arm/5.4.1/bin/../lib/gcc/arm-none-eabi/5.4.1/armv7-m\libgcc.a(_arm_addsubsf3.o)
                              .\CortexM3\ARM_GCC_541\Debug\FinalProject.a(ADC_DelSig.o) (__aeabi_ui2f)
c:/program files (x86)/cypress/psoc creator/4.3/psoc creator/import/gnu/arm/5.4.1/bin/../lib/gcc/arm-none-eabi/5.4.1/armv7-m\libgcc.a(_arm_muldivsf3.o)
                              .\CortexM3\ARM_GCC_541\Debug\FinalProject.a(ADC_DelSig.o) (__aeabi_fmul)
c:/program files (x86)/cypress/psoc creator/4.3/psoc creator/import/gnu/arm/5.4.1/bin/../lib/gcc/arm-none-eabi/5.4.1/armv7-m\libgcc.a(_arm_fixunssfsi.o)
                              .\CortexM3\ARM_GCC_541\Debug\FinalProject.a(ADC_DelSig.o) (__aeabi_f2uiz)
c:/program files (x86)/cypress/psoc creator/4.3/psoc creator/import/gnu/arm/5.4.1/bin/../lib/gcc/arm-none-eabi/5.4.1/../../../../arm-none-eabi/lib/armv7-m\libg_nano.a(lib_a-errno.o)
                              .\CortexM3\ARM_GCC_541\Debug\Cm3Start.o (__errno)
[...]
Memory Configuration

Name             Origin             Length             Attributes
rom              0x00000000         0x00040000         xr
ram              0x1fff8000         0x00010000         xrw
*default*        0x00000000         0xffffffff

Linker script and memory map

LOAD c:/program files (x86)/cypress/psoc creator/4.3/psoc creator/import/gnu/arm/5.4.1/bin/../lib/gcc/arm-none-eabi/5.4.1/armv7-m/crti.o
LOAD c:/program files (x86)/cypress/psoc creator/4.3/psoc creator/import/gnu/arm/5.4.1/bin/../lib/gcc/arm-none-eabi/5.4.1/armv7-m/crtbegin.o
LOAD c:/program files (x86)/cypress/psoc creator/4.3/psoc creator/import/gnu/arm/5.4.1/bin/../lib/gcc/arm-none-eabi/5.4.1/../../../../arm-none-eabi/lib/armv7-m/crt0.o
START GROUP
LOAD .\CortexM3\ARM_GCC_541\Debug\main.o
LOAD .\CortexM3\ARM_GCC_541\Debug\InterruptRoutines.o
LOAD .\CortexM3\ARM_GCC_541\Debug\I2C_Interface.o
LOAD .\CortexM3\ARM_GCC_541\Debug\ConfigurationMenu.o
LOAD .\CortexM3\ARM_GCC_541\Debug\25LC256.o
LOAD .\CortexM3\ARM_GCC_541\Debug\SPI_Interface.o
LOAD .\CortexM3\ARM_GCC_541\Debug\LIS3DH_Registers.o
LOAD .\CortexM3\ARM_GCC_541\Debug\cyfitter_cfg.o
LOAD .\CortexM3\ARM_GCC_541\Debug\cymetadata.o
LOAD .\CortexM3\ARM_GCC_541\Debug\Cm3Start.o
LOAD .\CortexM3\ARM_GCC_541\Debug\FinalProject.a
LOAD C:\Program Files (x86)\Cypress\PSoC Creator\4.3\PSoC Creator\psoc\content\cycomponentlibrary\CyComponentLibrary.cylib\CortexM3\ARM_GCC_541\Debug\CyComponentLibrary.a
END GROUP
START GROUP
LOAD c:/program files (x86)/cypress/psoc creator/4.3/psoc creator/import/gnu/arm/5.4.1/bin/../lib/gcc/arm-none-eabi/5.4.1/armv7-m\libgcc.a
LOAD c:/program files (x86)/cypress/psoc creator/4.3/psoc creator/import/gnu/arm/5.4.1/bin/../lib/gcc/arm-none-eabi/5.4.1/../../../../arm-none-eabi/lib/armv7-m\libg_nano.a
LOAD c:/program files (x86)/cypress/psoc creator/4.3/psoc creator/import/gnu/arm/5.4.1/bin/../lib/gcc/arm-none-eabi/5.4.1/../../../../arm-none-eabi/lib/armv7-m\libc_nano.a
END GROUP
START GROUP
LOAD c:/program files (x86)/cypress/psoc creator/4.3/psoc creator/import/gnu/arm/5.4.1/bin/../lib/gcc/arm-none-eabi/5.4.1/armv7-m\libgcc.a
LOAD c:/program files (x86)/cypress/psoc creator/4.3/psoc creator/import/gnu/arm/5.4.1/bin/../lib/gcc/arm-none-eabi/5.4.1/../../../../arm-none-eabi/lib/armv7-m\libc_nano.a
END GROUP
LOAD c:/program files (x86)/cypress/psoc creator/4.3/psoc creator/import/gnu/arm/5.4.1/bin/../lib/gcc/arm-none-eabi/5.4.1/armv7-m/crtend.o
LOAD c:/program files (x86)/cypress/psoc creator/4.3/psoc creator/import/gnu/arm/5.4.1/bin/../lib/gcc/arm-none-eabi/5.4.1/armv7-m/crtn.o
START GROUP
LOAD c:/program files (x86)/cypress/psoc creator/4.3/psoc creator/import/gnu/arm/5.4.1/bin/../lib/gcc/arm-none-eabi/5.4.1/armv7-m\libgcc.a
LOAD c:/program files (x86)/cypress/psoc creator/4.3/psoc creator/import/gnu/arm/5.4.1/bin/../lib/gcc/arm-none-eabi/5.4.1/../../../../arm-none-eabi/lib/armv7-m\libc.a
LOAD c:/program files (x86)/cypress/psoc creator/4.3/psoc creator/import/gnu/arm/5.4.1/bin/../lib/gcc/arm-none-eabi/5.4.1/../../../../arm-none-eabi/lib/armv7-m\libnosys.a
END GROUP
                0x00000000                CY_APPL_ORIGIN = 0x0
                0x00000100                CY_FLASH_ROW_SIZE = 0x100
                0x00000020                CY_ECC_ROW_SIZE = 0x20
                0x00000000                CY_EE_IN_BTLDR = 0x0
                0x00000000                CY_APPL_LOADABLE = 0x0
                0x00000800                CY_EE_SIZE = 0x800
                0x00000001                CY_APPL_NUM = 0x1
                0x00000001                CY_APPL_MAX = 0x1
                0x00000040                CY_METADATA_SIZE = 0x40
                0x00000000                CY_APPL_LOADABLE = 0x0
                0x00000000                CY_CHECKSUM_EXCLUDE_SIZE = ALIGN (0x0, CY_FLASH_ROW_SIZE)
                [!provide]                PROVIDE (__cy_heap_start, _end)
                0x00000001                PROVIDE (__cy_region_num, ((__cy_regions_end - __cy_regions) / 0x10))
                0x20008000                PROVIDE (__cy_stack, (ORIGIN (ram) + LENGTH (ram)))
                [!provide]                PROVIDE (__cy_heap_end, (__cy_stack - 0x800))

.cybootloader   0x00000000        0x0
 *(.cybootloader)
                0x00000000                appl1_start = CY_APPL_ORIGIN?CY_APPL_ORIGIN:ALIGN (CY_FLASH_ROW_SIZE)
                0x0001ff00                appl2_start = (appl1_start + ALIGN ((((LENGTH (rom) - appl1_start) - (0x2 * CY_FLASH_ROW_SIZE)) / 0x2), CY_FLASH_ROW_SIZE))
                0x00000000                appl_start = (CY_APPL_NUM == 0x1)?appl1_start:appl2_start
                0x00000000                ecc_offset = ((appl_start / CY_FLASH_ROW_SIZE) * CY_ECC_ROW_SIZE)
                0x00000000                ee_offset = (CY_APPL_LOADABLE && ! (CY_EE_IN_BTLDR))?((CY_EE_SIZE / CY_APPL_MAX) * (CY_APPL_NUM - 0x1)):0x0
                0x00000800                ee_size = (CY_APPL_LOADABLE && ! (CY_EE_IN_BTLDR))?(CY_EE_SIZE / CY_APPL_MAX):CY_EE_SIZE
                [!provide]                PROVIDE (CY_ECC_OFFSET, ecc_offset)

.text           0x00000000     0x1030
 CREATE_OBJECT_SYMBOLS
                0x00000000                PROVIDE (__cy_interrupt_vector, RomVectors)
 *(.romvectors)
 .romvectors    0x00000000       0x10 .\CortexM3\ARM_GCC_541\Debug\Cm3Start.o
                0x00000000                RomVectors
                0x00000001                ASSERT ((. != __cy_interrupt_vector), No interrupt vector)
                0x00000001                ASSERT (CY_APPL_ORIGIN?(SIZEOF (.cybootloader) <= CY_APPL_ORIGIN):0x1, Wrong image location)
                0x00000010                PROVIDE (__cy_reset, Reset)
 *(.text.Reset)
 .text.Reset    0x00000010       0x18 .\CortexM3\ARM_GCC_541\Debug\Cm3Start.o
                0x00000010                Reset
                0x00000001                ASSERT ((. != __cy_reset), No reset code)
 *(.dma_init)
                0x00000001                ASSERT ((((appl_start + .) <= 0x10000) || 0x1), DMA Init must be within the first 64k of flash)
 *(.text .text.* .gnu.linkonce.t.*)
 .text          0x00000028       0x5c c:/program files (x86)/cypress/psoc creator/4.3/psoc creator/import/gnu/arm/5.4.1/bin/../lib/gcc/arm-none-eabi/5.4.1/armv7-m/crtbegin.o
 .text.main     0x00000084       0x34 .\CortexM3\ARM_GCC_541\Debug\main.o
                0x00000084                main
 .text.Custom_isr_UART
                0x000000b8       0x9c .\CortexM3\ARM_GCC_541\Debug\InterruptRoutines.o
                0x000000b8                Custom_isr_UART
 .text.Menu_edge
                0x00000154       0x38 .\CortexM3\ARM_GCC_541\Debug\ConfigurationMenu.o
                0x00000154                Menu_edge
 .text.Show_table
                0x0000018c       0xac .\CortexM3\ARM_GCC_541\Debug\ConfigurationMenu.o
                0x0000018c                Show_table
 .text.CyClockStartupError
                0x00000238        0x4 .\CortexM3\ARM_GCC_541\Debug\cyfitter_cfg.o
 .text.cfg_write_bytes32
                0x0000023c       0x34 .\CortexM3\ARM_GCC_541\Debug\cyfitter_cfg.o
 .text.AnalogSetDefault
                0x00000270       0x3c .\CortexM3\ARM_GCC_541\Debug\cyfitter_cfg.o
 .text.CYMEMZERO
                0x000002ac        0xc .\CortexM3\ARM_GCC_541\Debug\cyfitter_cfg.o
 .text.CYCONFIGCPY
                0x000002b8        0x8 .\CortexM3\ARM_GCC_541\Debug\cyfitter_cfg.o
 .text.ClockSetup
                0x000002c0      0x10c .\CortexM3\ARM_GCC_541\Debug\cyfitter_cfg.o
 .text.cyfitter_cfg
                0x000003cc      0x13c .\CortexM3\ARM_GCC_541\Debug\cyfitter_cfg.o
                0x000003cc                cyfitter_cfg
 .text.IntDefaultHandler
                0x00000508       0x10 .\CortexM3\ARM_GCC_541\Debug\Cm3Start.o
                0x00000508                IntDefaultHandler
 .text._sbrk    0x00000518       0x30 .\CortexM3\ARM_GCC_541\Debug\Cm3Start.o
                0x00000518                _sbrk
 .text.Start_c  0x00000548       0x4c .\CortexM3\ARM_GCC_541\Debug\Cm3Start.o
                0x00000548                Start_c
 .text.initialize_psoc
                0x00000594       0x68 .\CortexM3\ARM_GCC_541\Debug\Cm3Start.o
                0x00000594                initialize_psoc
 .text.UART_Init
                0x000005fc       0x24 .\CortexM3\ARM_GCC_541\Debug\FinalProject.a(UART.o)
                0x000005fc                UART_Init
 .text.UART_Enable
                0x00000620       0x38 .\CortexM3\ARM_GCC_541\Debug\FinalProject.a(UART.o)
                0x00000620                UART_Enable
 .text.UART_Start
                0x00000658       0x1c .\CortexM3\ARM_GCC_541\Debug\FinalProject.a(UART.o)
                0x00000658                UART_Start
 .text.UART_GetChar
                0x00000674       0x2c .\CortexM3\ARM_GCC_541\Debug\FinalProject.a(UART.o)
                0x00000674                UART_GetChar
 .text.UART_PutChar
                0x000006a0       0x18 .\CortexM3\ARM_GCC_541\Debug\FinalProject.a(UART.o)
                0x000006a0                UART_PutChar
 .text.UART_PutString
                0x000006b8       0x24 .\CortexM3\ARM_GCC_541\Debug\FinalProject.a(UART.o)
                0x000006b8                UART_PutString
 .text.isr_UART_SetVector
                0x000006dc        0xc .\CortexM3\ARM_GCC_541\Debug\FinalProject.a(isr_UART.o)
                0x000006dc                isr_UART_SetVector
 .text.isr_UART_SetPriority
                0x000006e8       0x10 .\CortexM3\ARM_GCC_541\Debug\FinalProject.a(isr_UART.o)
                0x000006e8                isr_UART_SetPriority
 .text.isr_UART_Enable
                0x000006f8        0xc .\CortexM3\ARM_GCC_541\Debug\FinalProject.a(isr_UART.o)
                0x000006f8                isr_UART_Enable
 .text.isr_UART_Disable
                0x00000704        0xc .\CortexM3\ARM_GCC_541\Debug\FinalProject.a(isr_UART.o)
                0x00000704                isr_UART_Disable
 .text.isr_UART_StartEx
                0x00000710       0x1c .\CortexM3\ARM_GCC_541\Debug\FinalProject.a(isr_UART.o)
                0x00000710                isr_UART_StartEx
 .text.UART_IntClock_Start
                0x0000072c       0x1c .\CortexM3\ARM_GCC_541\Debug\FinalProject.a(UART_IntClock.o)
                0x0000072c                UART_IntClock_Start
 .text          0x00000748       0x20 .\CortexM3\ARM_GCC_541\Debug\FinalProject.a(CyBootAsmGnu.o)
                0x00000748                CyDelayCycles
                0x00000758                CyEnterCriticalSection
                0x00000760                CyExitCriticalSection
 .text.__errno  0x00000768        0xc c:/program files (x86)/cypress/psoc creator/4.3/psoc creator/import/gnu/arm/5.4.1/bin/../lib/gcc/arm-none-eabi/5.4.1/../../../../arm-none-eabi/lib/armv7-m\libg_nano.a(lib_a-errno.o)
                0x00000768                __errno
 .text.__libc_init_array
                0x00000774       0x4c c:/program files (x86)/cypress/psoc creator/4.3/psoc creator/import/gnu/arm/5.4.1/bin/../lib/gcc/arm-none-eabi/5.4.1/../../../../arm-none-eabi/lib/armv7-m\libg_nano.a(lib_a-init.o)
                0x00000774                __libc_init_array
 .text.memcpy   0x000007c0       0x16 c:/program files (x86)/cypress/psoc creator/4.3/psoc creator/import/gnu/arm/5.4.1/bin/../lib/gcc/arm-none-eabi/5.4.1/../../../../arm-none-eabi/lib/armv7-m\libg_nano.a(lib_a-memcpy-stub.o)
                0x000007c0                memcpy
 .text.memset   0x000007d6       0x10 c:/program files (x86)/cypress/psoc creator/4.3/psoc creator/import/gnu/arm/5.4.1/bin/../lib/gcc/arm-none-eabi/5.4.1/../../../../arm-none-eabi/lib/armv7-m\libg_nano.a(lib_a-memset.o)
                0x000007d6                memset
 *fill*         0x000007e6        0x2 
 .text.sprintf  0x000007e8       0x48 c:/program files (x86)/cypress/psoc creator/4.3/psoc creator/import/gnu/arm/5.4.1/bin/../lib/gcc/arm-none-eabi/5.4.1/../../../../arm-none-eabi/lib/armv7-m\libg_nano.a(lib_a-sprintf.o)
                0x000007e8                siprintf
                0x000007e8                sprintf
 .text.__ssputs_r
                0x00000830       0xb2 c:/program files (x86)/cypress/psoc creator/4.3/psoc creator/import/gnu/arm/5.4.1/bin/../lib/gcc/arm-none-eabi/5.4.1/../../../../arm-none-eabi/lib/armv7-m\libg_nano.a(lib_a-nano-svfprintf.o)
                0x00000830                __ssputs_r
 *fill*         0x000008e2        0x2 
 .text._svfprintf_r
                0x000008e4      0x1e8 c:/program files (x86)/cypress/psoc creator/4.3/psoc creator/import/gnu/arm/5.4.1/bin/../lib/gcc/arm-none-eabi/5.4.1/../../../../arm-none-eabi/lib/armv7-m\libg_nano.a(lib_a-nano-svfprintf.o)
                0x000008e4                _svfiprintf_r
                0x000008e4                _svfprintf_r
 .text._printf_common
                0x00000acc       0xec c:/program files (x86)/cypress/psoc creator/4.3/psoc creator/import/gnu/arm/5.4.1/bin/../lib/gcc/arm-none-eabi/5.4.1/../../../../arm-none-eabi/lib/armv7-m\libg_nano.a(lib_a-nano-vfprintf_i.o)
                0x00000acc                _printf_common
 .text._printf_i
                0x00000bb8      0x24c c:/program files (x86)/cypress/psoc creator/4.3/psoc creator/import/gnu/arm/5.4.1/bin/../lib/gcc/arm-none-eabi/5.4.1/../../../../arm-none-eabi/lib/armv7-m\libg_nano.a(lib_a-nano-vfprintf_i.o)
                0x00000bb8                _printf_i
 .text.memchr   0x00000e04       0x1c c:/program files (x86)/cypress/psoc creator/4.3/psoc creator/import/gnu/arm/5.4.1/bin/../lib/gcc/arm-none-eabi/5.4.1/../../../../arm-none-eabi/lib/armv7-m\libg_nano.a(lib_a-memchr-stub.o)
                0x00000e04                memchr
 .text.memmove  0x00000e20       0x36 c:/program files (x86)/cypress/psoc creator/4.3/psoc creator/import/gnu/arm/5.4.1/bin/../lib/gcc/arm-none-eabi/5.4.1/../../../../arm-none-eabi/lib/armv7-m\libg_nano.a(lib_a-memmove.o)
                0x00000e20                memmove
 *fill*         0x00000e56        0x2 
 .text._free_r  0x00000e58       0x98 c:/program files (x86)/cypress/psoc creator/4.3/psoc creator/import/gnu/arm/5.4.1/bin/../lib/gcc/arm-none-eabi/5.4.1/../../../../arm-none-eabi/lib/armv7-m\libg_nano.a(lib_a-nano-freer.o)
                0x00000e58                _free_r
 .text._malloc_r
                0x00000ef0       0xbc c:/program files (x86)/cypress/psoc creator/4.3/psoc creator/import/gnu/arm/5.4.1/bin/../lib/gcc/arm-none-eabi/5.4.1/../../../../arm-none-eabi/lib/armv7-m\libg_nano.a(lib_a-nano-mallocr.o)
                0x00000ef0                _malloc_r
 .text._realloc_r
                0x00000fac       0x4c c:/program files (x86)/cypress/psoc creator/4.3/psoc creator/import/gnu/arm/5.4.1/bin/../lib/gcc/arm-none-eabi/5.4.1/../../../../arm-none-eabi/lib/armv7-m\libg_nano.a(lib_a-nano-reallocr.o)
                0x00000fac                _realloc_r
 .text._sbrk_r  0x00000ff8       0x20 c:/program files (x86)/cypress/psoc creator/4.3/psoc creator/import/gnu/arm/5.4.1/bin/../lib/gcc/arm-none-eabi/5.4.1/../../../../arm-none-eabi/lib/armv7-m\libg_nano.a(lib_a-sbrkr.o)
                0x00000ff8                _sbrk_r
 .text.__malloc_lock
                0x00001018        0x2 c:/program files (x86)/cypress/psoc creator/4.3/psoc creator/import/gnu/arm/5.4.1/bin/../lib/gcc/arm-none-eabi/5.4.1/../../../../arm-none-eabi/lib/armv7-m\libg_nano.a(lib_a-mlock.o)
                0x00001018                __malloc_lock
 .text.__malloc_unlock
                0x0000101a        0x2 c:/program files (x86)/cypress/psoc creator/4.3/psoc creator/import/gnu/arm/5.4.1/bin/../lib/gcc/arm-none-eabi/5.4.1/../../../../arm-none-eabi/lib/armv7-m\libg_nano.a(lib_a-mlock.o)
                0x0000101a                __malloc_unlock
 .text._malloc_usable_size_r
                0x0000101c       0x14 c:/program files (x86)/cypress/psoc creator/4.3/psoc creator/import/gnu/arm/5.4.1/bin/../lib/gcc/arm-none-eabi/5.4.1/../../../../arm-none-eabi/lib/armv7-m\libg_nano.a(lib_a-nano-msizer.o)
                0x0000101c                _malloc_usable_size_r
 *(.plt)
 *(.gnu.warning)
 *(.glue_7t)
 .glue_7t       0x00001030        0x0 linker stubs
 *(.glue_7)
 .glue_7        0x00001030        0x0 linker stubs
 *(.vfp11_veneer)
 .vfp11_veneer  0x00001030        0x0 linker stubs
 *(.bootloader)
 *(.ARM.extab* .gnu.linkonce.armextab.*)
 *(.gcc_except_table)

.v4_bx          0x00001030        0x0
 .v4_bx         0x00001030        0x0 linker stubs

.iplt           0x00001030        0x0
 .iplt          0x00001030        0x0 c:/program files (x86)/cypress/psoc creator/4.3/psoc creator/import/gnu/arm/5.4.1/bin/../lib/gcc/arm-none-eabi/5.4.1/armv7-m/crtbegin.o

.eh_frame_hdr
 *(.eh_frame_hdr)

.eh_frame       0x00001030        0x4
 *(.eh_frame)
 .eh_frame      0x00001030        0x0 c:/program files (x86)/cypress/psoc creator/4.3/psoc creator/import/gnu/arm/5.4.1/bin/../lib/gcc/arm-none-eabi/5.4.1/armv7-m/crtbegin.o
 .eh_frame      0x00001030        0x4 c:/program files (x86)/cypress/psoc creator/4.3/psoc creator/import/gnu/arm/5.4.1/bin/../lib/gcc/arm-none-eabi/5.4.1/armv7-m/crtend.o
                [!provide]                PROVIDE (__exidx_start, .)

.ARM.exidx
 *(.ARM.exidx* .gnu.linkonce.armexidx.*)
                0x00001034                __exidx_end = .

.rodata         0x00001034      0x5b4
 *(.rodata .rodata.* .gnu.linkonce.r.*)
 .rodata        0x00001034      0x174 .\CortexM3\ARM_GCC_541\Debug\ConfigurationMenu.o
                0x00001034                FSR
                0x000010b0                SampFreq
                0x0000112c                TempFormat
 .rodata.str1.4
                0x000011a8      0x374 .\CortexM3\ARM_GCC_541\Debug\ConfigurationMenu.o
                                0x372 (size before relaxing)
 .rodata        0x0000151c       0x5c .\CortexM3\ARM_GCC_541\Debug\cyfitter_cfg.o
                0x0000151c                ADC_DelSig_AMux__addrTable
                0x00001524                ADC_DelSig_AMux__maskTable
 .rodata.str1.1
                0x00001578        0x2 c:/program files (x86)/cypress/psoc creator/4.3/psoc creator/import/gnu/arm/5.4.1/bin/../lib/gcc/arm-none-eabi/5.4.1/../../../../arm-none-eabi/lib/armv7-m\libg_nano.a(lib_a-impure.o)
 .rodata.str1.1
                0x0000157a       0x11 c:/program files (x86)/cypress/psoc creator/4.3/psoc creator/import/gnu/arm/5.4.1/bin/../lib/gcc/arm-none-eabi/5.4.1/../../../../arm-none-eabi/lib/armv7-m\libg_nano.a(lib_a-nano-svfprintf.o)
 .rodata.str1.1
                0x0000158b       0x22 c:/program files (x86)/cypress/psoc creator/4.3/psoc creator/import/gnu/arm/5.4.1/bin/../lib/gcc/arm-none-eabi/5.4.1/../../../../arm-none-eabi/lib/armv7-m\libg_nano.a(lib_a-nano-vfprintf_i.o)
                0x000015b0                . = ALIGN (0x4)
 *fill*         0x000015ad        0x3 
 *(.init)
 .init          0x000015b0        0x4 c:/program files (x86)/cypress/psoc creator/4.3/psoc creator/import/gnu/arm/5.4.1/bin/../lib/gcc/arm-none-eabi/5.4.1/armv7-m/crti.o
                0x000015b0                _init
 .init          0x000015b4        0x8 c:/program files (x86)/cypress/psoc creator/4.3/psoc creator/import/gnu/arm/5.4.1/bin/../lib/gcc/arm-none-eabi/5.4.1/armv7-m/crtn.o
                0x000015bc                . = ALIGN (0x4)
                0x000015bc                __preinit_array_start = .
 *(.preinit_array)
                0x000015bc                __preinit_array_end = .
                0x000015bc                . = ALIGN (0x4)
                0x000015bc                __init_array_start = .
 *(SORT(.init_array.*))
 *(.init_array)
 .init_array    0x000015bc        0x4 c:/program files (x86)/cypress/psoc creator/4.3/psoc creator/import/gnu/arm/5.4.1/bin/../lib/gcc/arm-none-eabi/5.4.1/armv7-m/crtbegin.o
 .init_array    0x000015c0        0x4 .\CortexM3\ARM_GCC_541\Debug\Cm3Start.o
                0x000015c4                __init_array_end = .
                0x000015c4                . = ALIGN (0x4)
 *(.fini)
 .fini          0x000015c4        0x4 c:/program files (x86)/cypress/psoc creator/4.3/psoc creator/import/gnu/arm/5.4.1/bin/../lib/gcc/arm-none-eabi/5.4.1/armv7-m/crti.o
                0x000015c4                _fini
 .fini          0x000015c8        0x8 c:/program files (x86)/cypress/psoc creator/4.3/psoc creator/import/gnu/arm/5.4.1/bin/../lib/gcc/arm-none-eabi/5.4.1/armv7-m/crtn.o
                0x000015d0                . = ALIGN (0x4)
                0x000015d0                __fini_array_start = .
 *(.fini_array)
 .fini_array    0x000015d0        0x4 c:/program files (x86)/cypress/psoc creator/4.3/psoc creator/import/gnu/arm/5.4.1/bin/../lib/gcc/arm-none-eabi/5.4.1/armv7-m/crtbegin.o
 *(SORT(.fini_array.*))
                0x000015d4                __fini_array_end = .
                0x000015d4                . = ALIGN (0x4)
 *crtbegin.o(.ctors)
 *(EXCLUDE_FILE(*crtend.o) .ctors)
 *(SORT(.ctors.*))
 *crtend.o(.ctors)
                0x000015d4                . = ALIGN (0x4)
 *crtbegin.o(.dtors)
 *(EXCLUDE_FILE(*crtend.o) .dtors)
 *(SORT(.dtors.*))
 *crtend.o(.dtors)
                0x000015d4                . = ALIGN (0x4)
                0x000015d4                __cy_regions = .
                0x000015d4        0x4 LONG 0x15e8 __cy_region_init_ram
                0x000015d8        0x4 LONG 0x1fff80c8 __cy_region_start_data
                0x000015dc        0x4 LONG 0x70 __cy_region_init_size_ram
                0x000015e0        0x4 LONG 0x1e0 __cy_region_zero_size_ram
                0x000015e4                __cy_regions_end = .
                0x000015e8                . = ALIGN (0x8)
 *fill*         0x000015e4        0x4 
                0x000015e8                _etext = .

.cy_checksum_exclude
                0x000015e8        0x0
 *(.cy_checksum_exclude)

.ramvectors     0x1fff8000       0xc0
                0x1fff8000                __cy_region_start_ram = .
 *(.ramvectors)
 .ramvectors    0x1fff8000       0xc0 .\CortexM3\ARM_GCC_541\Debug\Cm3Start.o
                0x1fff8000                CyRamVectors

.noinit         0x1fff80c0        0x1
 *(.noinit)
 .noinit        0x1fff80c0        0x1 .\CortexM3\ARM_GCC_541\Debug\FinalProject.a(CyLib.o)
                0x1fff80c0                CyResetStatus

.data           0x1fff80c8       0x70 load address 0x000015e8
                0x1fff80c8                __cy_region_start_data = .
 *(.jcr)
 .jcr           0x1fff80c8        0x0 c:/program files (x86)/cypress/psoc creator/4.3/psoc creator/import/gnu/arm/5.4.1/bin/../lib/gcc/arm-none-eabi/5.4.1/armv7-m/crtbegin.o
 .jcr           0x1fff80c8        0x4 c:/program files (x86)/cypress/psoc creator/4.3/psoc creator/import/gnu/arm/5.4.1/bin/../lib/gcc/arm-none-eabi/5.4.1/armv7-m/crtend.o
 *(.got.plt)
 *(.got)
 *(.shdata)
 *(.data .data.* .gnu.linkonce.d.*)
 .data          0x1fff80cc        0x4 .\CortexM3\ARM_GCC_541\Debug\Cm3Start.o
 .data.impure_data
                0x1fff80d0       0x60 c:/program files (x86)/cypress/psoc creator/4.3/psoc creator/import/gnu/arm/5.4.1/bin/../lib/gcc/arm-none-eabi/5.4.1/../../../../arm-none-eabi/lib/armv7-m\libg_nano.a(lib_a-impure.o)
 .data._impure_ptr
                0x1fff8130        0x4 c:/program files (x86)/cypress/psoc creator/4.3/psoc creator/import/gnu/arm/5.4.1/bin/../lib/gcc/arm-none-eabi/5.4.1/../../../../arm-none-eabi/lib/armv7-m\libg_nano.a(lib_a-impure.o)
                0x1fff8130                _impure_ptr
                0x1fff8138                . = ALIGN (0x8)
 *fill*         0x1fff8134        0x4 
 *(.ram)
                0x1fff8138                _edata = .

.igot.plt       0x1fff8138        0x0 load address 0x00001658
 .igot.plt      0x1fff8138        0x0 c:/program files (x86)/cypress/psoc creator/4.3/psoc creator/import/gnu/arm/5.4.1/bin/../lib/gcc/arm-none-eabi/5.4.1/armv7-m/crtbegin.o

.bss            0x1fff8138      0x1e0 load address 0x00001658
                0x1fff8138                PROVIDE (__bss_start__, .)
 *(.shbss)
 *(.bss .bss.* .gnu.linkonce.b.*)
 .bss           0x1fff8138       0x1c c:/program files (x86)/cypress/psoc creator/4.3/psoc creator/import/gnu/arm/5.4.1/bin/../lib/gcc/arm-none-eabi/5.4.1/armv7-m/crtbegin.o
 .bss           0x1fff8154        0x2 .\CortexM3\ARM_GCC_541\Debug\FinalProject.a(UART.o)
                0x1fff8154                UART_initVar
 *fill*         0x1fff8156        0x2 
 .bss.__malloc_sbrk_start
                0x1fff8158        0x4 c:/program files (x86)/cypress/psoc creator/4.3/psoc creator/import/gnu/arm/5.4.1/bin/../lib/gcc/arm-none-eabi/5.4.1/../../../../arm-none-eabi/lib/armv7-m\libg_nano.a(lib_a-nano-mallocr.o)
                0x1fff8158                __malloc_sbrk_start
 .bss.__malloc_free_list
                0x1fff815c        0x4 c:/program files (x86)/cypress/psoc creator/4.3/psoc creator/import/gnu/arm/5.4.1/bin/../lib/gcc/arm-none-eabi/5.4.1/../../../../arm-none-eabi/lib/armv7-m\libg_nano.a(lib_a-nano-mallocr.o)
                0x1fff815c                __malloc_free_list
 *(COMMON)
 COMMON         0x1fff8160      0x17b .\CortexM3\ARM_GCC_541\Debug\main.o
                0x1fff8160                change_settings_flag
                0x1fff8161                option_table
                0x1fff8164                set_of_tables
                0x1fff82d8                initialized
                0x1fff82d9                FlagReady
                0x1fff82da                start
 *fill*         0x1fff82db        0x1 
 COMMON         0x1fff82dc       0x32 .\CortexM3\ARM_GCC_541\Debug\ConfigurationMenu.o
                0x1fff82dc                message
 *fill*         0x1fff830e        0x2 
 COMMON         0x1fff8310        0x4 c:/program files (x86)/cypress/psoc creator/4.3/psoc creator/import/gnu/arm/5.4.1/bin/../lib/gcc/arm-none-eabi/5.4.1/../../../../arm-none-eabi/lib/armv7-m\libg_nano.a(lib_a-reent.o)
                0x1fff8310                errno
                0x1fff8318                . = ALIGN (0x8)
 *fill*         0x1fff8314        0x4 
 *(.ram.b)
                0x1fff8318                _end = .
                0x1fff8318                __end = .
                0x1fff8318                PROVIDE (end, .)
                0x1fff8318                PROVIDE (__bss_end__, .)
                0x000015e8                __cy_region_init_ram = LOADADDR (.data)
                0x00000070                __cy_region_init_size_ram = (_edata - ADDR (.data))
                0x000001e0                __cy_region_zero_size_ram = (_end - _edata)

.heap           0x1fff8318       0x80 load address 0x00001658
                0x1fff8318                . = _end
                0x1fff8398                . = (. + 0x80)
 *fill*         0x1fff8318       0x80 
                0x1fff8398                __cy_heap_limit = .

.stack          0x20007800      0x800
                0x20007800                __cy_stack_limit = .
                0x20008000                . = (. + 0x800)
 *fill*         0x20007800      0x800 
                0x00000001                ASSERT ((__cy_stack_limit >= __cy_heap_limit), region RAM overflowed with stack)
                0x00000000                cy_checksum_exclude_size = (CY_APPL_LOADABLE == 0x1)?SIZEOF (.cy_checksum_exclude):0x0
                0x00000001                ASSERT ((cy_checksum_exclude_size <= CY_CHECKSUM_EXCLUDE_SIZE), CY_BOOT: Section .cy_checksum_exclude size exceedes specified limit.)

.cyloadermeta
 *(.cyloadermeta)

.cyloadablemeta
 *(.cyloadablemeta)

.cyconfigecc    0x80000000      0x66c
 *(.cyconfigecc)
 .cyconfigecc   0x80000000      0x66c .\CortexM3\ARM_GCC_541\Debug\cymetadata.o
                0x80000000                cy_meta_configecc

.cycustnvl      0x90000000        0x4
 *(.cycustnvl)
 .cycustnvl     0x90000000        0x4 .\CortexM3\ARM_GCC_541\Debug\cymetadata.o
                0x90000000                cy_meta_custnvl

.cywolatch      0x90100000        0x4
 *(.cywolatch)
 .cywolatch     0x90100000        0x4 .\CortexM3\ARM_GCC_541\Debug\cymetadata.o
                0x90100000                cy_meta_wonvl

.cyeeprom       0x90200000        0x0
 *(.cyeeprom)
                0x00000001                ASSERT ((. <= ((0x90200000 + ee_offset) + ee_size)), .cyeeprom data will not fit in EEPROM)

.cyflashprotect
                0x90400000      0x100
 *(.cyflashprotect)
 .cyflashprotect
                0x90400000      0x100 .\CortexM3\ARM_GCC_541\Debug\cymetadata.o
                0x90400000                cy_meta_flashprotect

.cymeta         0x90500000        0xc
 *(.cymeta)
 .cymeta        0x90500000        0xc .\CortexM3\ARM_GCC_541\Debug\cymetadata.o
                0x90500000                cy_metadata

.rel.dyn        0x00001658        0x0 load address 0x9050000c
 .rel.iplt      0x00001658        0x0 c:/program files (x86)/cypress/psoc creator/4.3/psoc creator/import/gnu/arm/5.4.1/bin/../lib/gcc/arm-none-eabi/5.4.1/armv7-m/crtbegin.o

.stab
 *(.stab)

.stabstr
 *(.stabstr)

.debug
 *(.debug)

.line
 *(.line)

.debug_srcinfo
 *(.debug_srcinfo)

.debug_sfnames
 *(.debug_sfnames)

.debug_aranges  0x00000000      0xdd8
 *(.debug_aranges)
 .debug_aranges
                0x00000000       0x20 .\CortexM3\ARM_GCC_541\Debug\main.o
 .debug_aranges
                0x00000020       0x30 .\CortexM3\ARM_GCC_541\Debug\InterruptRoutines.o
 .debug_aranges
                0x00000050       0x48 .\CortexM3\ARM_GCC_541\Debug\I2C_Interface.o
 .debug_aranges
                0x00000098       0x40 .\CortexM3\ARM_GCC_541\Debug\ConfigurationMenu.o
 .debug_aranges
                0x000000d8       0x50 .\CortexM3\ARM_GCC_541\Debug\25LC256.o
 .debug_aranges
                0x00000128       0x30 .\CortexM3\ARM_GCC_541\Debug\SPI_Interface.o
 .debug_aranges
                0x00000158       0x20 .\CortexM3\ARM_GCC_541\Debug\LIS3DH_Registers.o
 .debug_aranges
                0x00000178       0x68 .\CortexM3\ARM_GCC_541\Debug\cyfitter_cfg.o
 .debug_aranges
                0x000001e0       0x18 .\CortexM3\ARM_GCC_541\Debug\cymetadata.o
 .debug_aranges
                0x000001f8       0x48 .\CortexM3\ARM_GCC_541\Debug\Cm3Start.o
 .debug_aranges
                0x00000240       0xf0 .\CortexM3\ARM_GCC_541\Debug\FinalProject.a(UART.o)
 .debug_aranges
                0x00000330       0x88 .\CortexM3\ARM_GCC_541\Debug\FinalProject.a(Timer.o)
 .debug_aranges
                0x000003b8       0x38 .\CortexM3\ARM_GCC_541\Debug\FinalProject.a(I2C_Master.o)
 .debug_aranges
                0x000003f0       0xd8 .\CortexM3\ARM_GCC_541\Debug\FinalProject.a(SPIM.o)
 .debug_aranges
                0x000004c8       0x38 .\CortexM3\ARM_GCC_541\Debug\FinalProject.a(CS.o)
 .debug_aranges
                0x00000500       0x80 .\CortexM3\ARM_GCC_541\Debug\FinalProject.a(isr_UART.o)
 .debug_aranges
                0x00000580       0x70 .\CortexM3\ARM_GCC_541\Debug\FinalProject.a(UART_IntClock.o)
 .debug_aranges
                0x000005f0       0x70 .\CortexM3\ARM_GCC_541\Debug\FinalProject.a(SPIM_IntClock.o)
 .debug_aranges
                0x00000660      0x2a0 .\CortexM3\ARM_GCC_541\Debug\FinalProject.a(CyLib.o)
 .debug_aranges
                0x00000900       0x98 .\CortexM3\ARM_GCC_541\Debug\FinalProject.a(cyPm.o)
 .debug_aranges
                0x00000998       0xe8 .\CortexM3\ARM_GCC_541\Debug\FinalProject.a(ADC_DelSig.o)
 .debug_aranges
                0x00000a80       0x38 .\CortexM3\ARM_GCC_541\Debug\FinalProject.a(ADC_DelSig_INT.o)
 .debug_aranges
                0x00000ab8       0x30 .\CortexM3\ARM_GCC_541\Debug\FinalProject.a(ADC_DelSig_AMux.o)
 .debug_aranges
                0x00000ae8       0x70 .\CortexM3\ARM_GCC_541\Debug\FinalProject.a(ADC_DelSig_Ext_CP_Clk.o)
 .debug_aranges
                0x00000b58       0x80 .\CortexM3\ARM_GCC_541\Debug\FinalProject.a(ADC_DelSig_theACLK.o)
 .debug_aranges
                0x00000bd8       0x20 .\CortexM3\ARM_GCC_541\Debug\FinalProject.a(I2C_Master_INT.o)
 .debug_aranges
                0x00000bf8       0x38 .\CortexM3\ARM_GCC_541\Debug\FinalProject.a(I2C_Master_PM.o)
 .debug_aranges
                0x00000c30       0x80 .\CortexM3\ARM_GCC_541\Debug\FinalProject.a(I2C_Master_MASTER.o)
 .debug_aranges
                0x00000cb0       0x20 .\CortexM3\ARM_GCC_541\Debug\FinalProject.a(CyBootAsmGnu.o)
 .debug_aranges
                0x00000cd0       0x88 .\CortexM3\ARM_GCC_541\Debug\FinalProject.a(CyFlash.o)
 .debug_aranges
                0x00000d58       0x80 .\CortexM3\ARM_GCC_541\Debug\FinalProject.a(CySpc.o)

.debug_pubnames
 *(.debug_pubnames)

.debug_info     0x00000000     0x878c
 *(.debug_info .gnu.linkonce.wi.*)
 .debug_info    0x00000000      0x255 .\CortexM3\ARM_GCC_541\Debug\main.o
 .debug_info    0x00000255      0x394 .\CortexM3\ARM_GCC_541\Debug\InterruptRoutines.o
 .debug_info    0x000005e9      0x402 .\CortexM3\ARM_GCC_541\Debug\I2C_Interface.o
 .debug_info    0x000009eb      0x618 .\CortexM3\ARM_GCC_541\Debug\ConfigurationMenu.o
 .debug_info    0x00001003      0x392 .\CortexM3\ARM_GCC_541\Debug\25LC256.o
 .debug_info    0x00001395      0x397 .\CortexM3\ARM_GCC_541\Debug\SPI_Interface.o
 .debug_info    0x0000172c      0x88b .\CortexM3\ARM_GCC_541\Debug\LIS3DH_Registers.o
 .debug_info    0x00001fb7      0x6c7 .\CortexM3\ARM_GCC_541\Debug\cyfitter_cfg.o
 .debug_info    0x0000267e      0x138 .\CortexM3\ARM_GCC_541\Debug\cymetadata.o
 .debug_info    0x000027b6      0x3bb .\CortexM3\ARM_GCC_541\Debug\Cm3Start.o
 .debug_info    0x00002b71      0x60c .\CortexM3\ARM_GCC_541\Debug\FinalProject.a(UART.o)
 .debug_info    0x0000317d      0x295 .\CortexM3\ARM_GCC_541\Debug\FinalProject.a(Timer.o)
 .debug_info    0x00003412      0x2ad .\CortexM3\ARM_GCC_541\Debug\FinalProject.a(I2C_Master.o)
 .debug_info    0x000036bf      0x4bb .\CortexM3\ARM_GCC_541\Debug\FinalProject.a(SPIM.o)
 .debug_info    0x00003b7a      0x11f .\CortexM3\ARM_GCC_541\Debug\FinalProject.a(CS.o)
 .debug_info    0x00003c99      0x2d2 .\CortexM3\ARM_GCC_541\Debug\FinalProject.a(isr_UART.o)
 .debug_info    0x00003f6b      0x283 .\CortexM3\ARM_GCC_541\Debug\FinalProject.a(UART_IntClock.o)
 .debug_info    0x000041ee      0x283 .\CortexM3\ARM_GCC_541\Debug\FinalProject.a(SPIM_IntClock.o)
 .debug_info    0x00004471     0x1374 .\CortexM3\ARM_GCC_541\Debug\FinalProject.a(CyLib.o)
 .debug_info    0x000057e5      0xa2a .\CortexM3\ARM_GCC_541\Debug\FinalProject.a(cyPm.o)
 .debug_info    0x0000620f      0xa1b .\CortexM3\ARM_GCC_541\Debug\FinalProject.a(ADC_DelSig.o)
 .debug_info    0x00006c2a       0xd3 .\CortexM3\ARM_GCC_541\Debug\FinalProject.a(ADC_DelSig_INT.o)
 .debug_info    0x00006cfd      0x165 .\CortexM3\ARM_GCC_541\Debug\FinalProject.a(ADC_DelSig_AMux.o)
 .debug_info    0x00006e62      0x283 .\CortexM3\ARM_GCC_541\Debug\FinalProject.a(ADC_DelSig_Ext_CP_Clk.o)
 .debug_info    0x000070e5      0x2c4 .\CortexM3\ARM_GCC_541\Debug\FinalProject.a(ADC_DelSig_theACLK.o)
 .debug_info    0x000073a9      0x184 .\CortexM3\ARM_GCC_541\Debug\FinalProject.a(I2C_Master_INT.o)
 .debug_info    0x0000752d      0x207 .\CortexM3\ARM_GCC_541\Debug\FinalProject.a(I2C_Master_PM.o)
 .debug_info    0x00007734      0x407 .\CortexM3\ARM_GCC_541\Debug\FinalProject.a(I2C_Master_MASTER.o)
 .debug_info    0x00007b3b       0xb4 .\CortexM3\ARM_GCC_541\Debug\FinalProject.a(CyBootAsmGnu.o)
 .debug_info    0x00007bef      0x64d .\CortexM3\ARM_GCC_541\Debug\FinalProject.a(CyFlash.o)
 .debug_info    0x0000823c      0x550 .\CortexM3\ARM_GCC_541\Debug\FinalProject.a(CySpc.o)

.debug_abbrev   0x00000000     0x24f0
 *(.debug_abbrev)
 .debug_abbrev  0x00000000       0xfc .\CortexM3\ARM_GCC_541\Debug\main.o
 .debug_abbrev  0x000000fc      0x127 .\CortexM3\ARM_GCC_541\Debug\InterruptRoutines.o
 .debug_abbrev  0x00000223       0xea .\CortexM3\ARM_GCC_541\Debug\I2C_Interface.o
 .debug_abbrev  0x0000030d      0x15f .\CortexM3\ARM_GCC_541\Debug\ConfigurationMenu.o
 .debug_abbrev  0x0000046c      0x121 .\CortexM3\ARM_GCC_541\Debug\25LC256.o
 .debug_abbrev  0x0000058d      0x11c .\CortexM3\ARM_GCC_541\Debug\SPI_Interface.o
 .debug_abbrev  0x000006a9      0x10f .\CortexM3\ARM_GCC_541\Debug\LIS3DH_Registers.o
 .debug_abbrev  0x000007b8      0x22d .\CortexM3\ARM_GCC_541\Debug\cyfitter_cfg.o
 .debug_abbrev  0x000009e5       0x77 .\CortexM3\ARM_GCC_541\Debug\cymetadata.o
 .debug_abbrev  0x00000a5c      0x1e8 .\CortexM3\ARM_GCC_541\Debug\Cm3Start.o
 .debug_abbrev  0x00000c44      0x175 .\CortexM3\ARM_GCC_541\Debug\FinalProject.a(UART.o)
 .debug_abbrev  0x00000db9      0x11a .\CortexM3\ARM_GCC_541\Debug\FinalProject.a(Timer.o)
 .debug_abbrev  0x00000ed3      0x10a .\CortexM3\ARM_GCC_541\Debug\FinalProject.a(I2C_Master.o)
 .debug_abbrev  0x00000fdd      0x146 .\CortexM3\ARM_GCC_541\Debug\FinalProject.a(SPIM.o)
 .debug_abbrev  0x00001123       0x90 .\CortexM3\ARM_GCC_541\Debug\FinalProject.a(CS.o)
 .debug_abbrev  0x000011b3      0x173 .\CortexM3\ARM_GCC_541\Debug\FinalProject.a(isr_UART.o)
 .debug_abbrev  0x00001326      0x139 .\CortexM3\ARM_GCC_541\Debug\FinalProject.a(UART_IntClock.o)
 .debug_abbrev  0x0000145f      0x139 .\CortexM3\ARM_GCC_541\Debug\FinalProject.a(SPIM_IntClock.o)
 .debug_abbrev  0x00001598      0x254 .\CortexM3\ARM_GCC_541\Debug\FinalProject.a(CyLib.o)
 .debug_abbrev  0x000017ec      0x1ab .\CortexM3\ARM_GCC_541\Debug\FinalProject.a(cyPm.o)
 .debug_abbrev  0x00001997      0x1cd .\CortexM3\ARM_GCC_541\Debug\FinalProject.a(ADC_DelSig.o)
 .debug_abbrev  0x00001b64       0x42 .\CortexM3\ARM_GCC_541\Debug\FinalProject.a(ADC_DelSig_INT.o)
 .debug_abbrev  0x00001ba6       0xb1 .\CortexM3\ARM_GCC_541\Debug\FinalProject.a(ADC_DelSig_AMux.o)
 .debug_abbrev  0x00001c57      0x139 .\CortexM3\ARM_GCC_541\Debug\FinalProject.a(ADC_DelSig_Ext_CP_Clk.o)
 .debug_abbrev  0x00001d90      0x121 .\CortexM3\ARM_GCC_541\Debug\FinalProject.a(ADC_DelSig_theACLK.o)
 .debug_abbrev  0x00001eb1       0xb6 .\CortexM3\ARM_GCC_541\Debug\FinalProject.a(I2C_Master_INT.o)
 .debug_abbrev  0x00001f67       0xfe .\CortexM3\ARM_GCC_541\Debug\FinalProject.a(I2C_Master_PM.o)
 .debug_abbrev  0x00002065      0x13c .\CortexM3\ARM_GCC_541\Debug\FinalProject.a(I2C_Master_MASTER.o)
 .debug_abbrev  0x000021a1       0x14 .\CortexM3\ARM_GCC_541\Debug\FinalProject.a(CyBootAsmGnu.o)
 .debug_abbrev  0x000021b5      0x1a7 .\CortexM3\ARM_GCC_541\Debug\FinalProject.a(CyFlash.o)
 .debug_abbrev  0x0000235c      0x194 .\CortexM3\ARM_GCC_541\Debug\FinalProject.a(CySpc.o)

.debug_line     0x00000000     0x3cb6
 *(.debug_line)
 .debug_line    0x00000000      0x1b2 .\CortexM3\ARM_GCC_541\Debug\main.o
 .debug_line    0x000001b2      0x230 .\CortexM3\ARM_GCC_541\Debug\InterruptRoutines.o
 .debug_line    0x000003e2      0x1ec .\CortexM3\ARM_GCC_541\Debug\I2C_Interface.o
 .debug_line    0x000005ce      0x2cf .\CortexM3\ARM_GCC_541\Debug\ConfigurationMenu.o
 .debug_line    0x0000089d      0x1f7 .\CortexM3\ARM_GCC_541\Debug\25LC256.o
 .debug_line    0x00000a94      0x1df .\CortexM3\ARM_GCC_541\Debug\SPI_Interface.o
 .debug_line    0x00000c73      0x278 .\CortexM3\ARM_GCC_541\Debug\LIS3DH_Registers.o
 .debug_line    0x00000eeb      0x227 .\CortexM3\ARM_GCC_541\Debug\cyfitter_cfg.o
 .debug_line    0x00001112      0x141 .\CortexM3\ARM_GCC_541\Debug\cymetadata.o
 .debug_line    0x00001253      0x234 .\CortexM3\ARM_GCC_541\Debug\Cm3Start.o
 .debug_line    0x00001487      0x2bc .\CortexM3\ARM_GCC_541\Debug\FinalProject.a(UART.o)
 .debug_line    0x00001743      0x153 .\CortexM3\ARM_GCC_541\Debug\FinalProject.a(Timer.o)
 .debug_line    0x00001896       0xee .\CortexM3\ARM_GCC_541\Debug\FinalProject.a(I2C_Master.o)
 .debug_line    0x00001984      0x243 .\CortexM3\ARM_GCC_541\Debug\FinalProject.a(SPIM.o)
 .debug_line    0x00001bc7       0x8f .\CortexM3\ARM_GCC_541\Debug\FinalProject.a(CS.o)
 .debug_line    0x00001c56      0x135 .\CortexM3\ARM_GCC_541\Debug\FinalProject.a(isr_UART.o)
 .debug_line    0x00001d8b      0x17c .\CortexM3\ARM_GCC_541\Debug\FinalProject.a(UART_IntClock.o)
 .debug_line    0x00001f07      0x17c .\CortexM3\ARM_GCC_541\Debug\FinalProject.a(SPIM_IntClock.o)
 .debug_line    0x00002083      0x816 .\CortexM3\ARM_GCC_541\Debug\FinalProject.a(CyLib.o)
 .debug_line    0x00002899      0x367 .\CortexM3\ARM_GCC_541\Debug\FinalProject.a(cyPm.o)
 .debug_line    0x00002c00      0x37e .\CortexM3\ARM_GCC_541\Debug\FinalProject.a(ADC_DelSig.o)
 .debug_line    0x00002f7e       0x87 .\CortexM3\ARM_GCC_541\Debug\FinalProject.a(ADC_DelSig_INT.o)
 .debug_line    0x00003005       0xb3 .\CortexM3\ARM_GCC_541\Debug\FinalProject.a(ADC_DelSig_AMux.o)
 .debug_line    0x000030b8      0x184 .\CortexM3\ARM_GCC_541\Debug\FinalProject.a(ADC_DelSig_Ext_CP_Clk.o)
 .debug_line    0x0000323c      0x1a4 .\CortexM3\ARM_GCC_541\Debug\FinalProject.a(ADC_DelSig_theACLK.o)
 .debug_line    0x000033e0      0x122 .\CortexM3\ARM_GCC_541\Debug\FinalProject.a(I2C_Master_INT.o)
 .debug_line    0x00003502       0xc9 .\CortexM3\ARM_GCC_541\Debug\FinalProject.a(I2C_Master_PM.o)
 .debug_line    0x000035cb      0x20b .\CortexM3\ARM_GCC_541\Debug\FinalProject.a(I2C_Master_MASTER.o)
 .debug_line    0x000037d6       0x66 .\CortexM3\ARM_GCC_541\Debug\FinalProject.a(CyBootAsmGnu.o)
 .debug_line    0x0000383c      0x21a .\CortexM3\ARM_GCC_541\Debug\FinalProject.a(CyFlash.o)
 .debug_line    0x00003a56      0x260 .\CortexM3\ARM_GCC_541\Debug\FinalProject.a(CySpc.o)

.debug_frame    0x00000000     0x2580
 *(.debug_frame)
 .debug_frame   0x00000000       0x2c .\CortexM3\ARM_GCC_541\Debug\main.o
 .debug_frame   0x0000002c       0x64 .\CortexM3\ARM_GCC_541\Debug\InterruptRoutines.o
 .debug_frame   0x00000090       0xd4 .\CortexM3\ARM_GCC_541\Debug\I2C_Interface.o
 .debug_frame   0x00000164       0xbc .\CortexM3\ARM_GCC_541\Debug\ConfigurationMenu.o
 .debug_frame   0x00000220       0xf8 .\CortexM3\ARM_GCC_541\Debug\25LC256.o
 .debug_frame   0x00000318       0x78 .\CortexM3\ARM_GCC_541\Debug\SPI_Interface.o
 .debug_frame   0x00000390       0x34 .\CortexM3\ARM_GCC_541\Debug\LIS3DH_Registers.o
 .debug_frame   0x000003c4      0x104 .\CortexM3\ARM_GCC_541\Debug\cyfitter_cfg.o
 .debug_frame   0x000004c8       0xb8 .\CortexM3\ARM_GCC_541\Debug\Cm3Start.o
 .debug_frame   0x00000580      0x250 .\CortexM3\ARM_GCC_541\Debug\FinalProject.a(UART.o)
 .debug_frame   0x000007d0      0x108 .\CortexM3\ARM_GCC_541\Debug\FinalProject.a(Timer.o)
 .debug_frame   0x000008d8       0x94 .\CortexM3\ARM_GCC_541\Debug\FinalProject.a(I2C_Master.o)
 .debug_frame   0x0000096c      0x1e8 .\CortexM3\ARM_GCC_541\Debug\FinalProject.a(SPIM.o)
 .debug_frame   0x00000b54       0x50 .\CortexM3\ARM_GCC_541\Debug\FinalProject.a(CS.o)
 .debug_frame   0x00000ba4      0x104 .\CortexM3\ARM_GCC_541\Debug\FinalProject.a(isr_UART.o)
 .debug_frame   0x00000ca8       0xe0 .\CortexM3\ARM_GCC_541\Debug\FinalProject.a(UART_IntClock.o)
 .debug_frame   0x00000d88       0xe0 .\CortexM3\ARM_GCC_541\Debug\FinalProject.a(SPIM_IntClock.o)
 .debug_frame   0x00000e68      0x738 .\CortexM3\ARM_GCC_541\Debug\FinalProject.a(CyLib.o)
 .debug_frame   0x000015a0      0x1f8 .\CortexM3\ARM_GCC_541\Debug\FinalProject.a(cyPm.o)
 .debug_frame   0x00001798      0x280 .\CortexM3\ARM_GCC_541\Debug\FinalProject.a(ADC_DelSig.o)
 .debug_frame   0x00001a18       0x50 .\CortexM3\ARM_GCC_541\Debug\FinalProject.a(ADC_DelSig_INT.o)
 .debug_frame   0x00001a68       0x64 .\CortexM3\ARM_GCC_541\Debug\FinalProject.a(ADC_DelSig_AMux.o)
 .debug_frame   0x00001acc       0xe0 .\CortexM3\ARM_GCC_541\Debug\FinalProject.a(ADC_DelSig_Ext_CP_Clk.o)
 .debug_frame   0x00001bac      0x100 .\CortexM3\ARM_GCC_541\Debug\FinalProject.a(ADC_DelSig_theACLK.o)
 .debug_frame   0x00001cac       0x30 .\CortexM3\ARM_GCC_541\Debug\FinalProject.a(I2C_Master_INT.o)
 .debug_frame   0x00001cdc       0x74 .\CortexM3\ARM_GCC_541\Debug\FinalProject.a(I2C_Master_PM.o)
 .debug_frame   0x00001d50      0x138 .\CortexM3\ARM_GCC_541\Debug\FinalProject.a(I2C_Master_MASTER.o)
 .debug_frame   0x00001e88      0x194 .\CortexM3\ARM_GCC_541\Debug\FinalProject.a(CyFlash.o)
 .debug_frame   0x0000201c      0x180 .\CortexM3\ARM_GCC_541\Debug\FinalProject.a(CySpc.o)
 .debug_frame   0x0000219c       0x20 c:/program files (x86)/cypress/psoc creator/4.3/psoc creator/import/gnu/arm/5.4.1/bin/../lib/gcc/arm-none-eabi/5.4.1/../../../../arm-none-eabi/lib/armv7-m\libg_nano.a(lib_a-errno.o)
 .debug_frame   0x000021bc       0x28 c:/program files (x86)/cypress/psoc creator/4.3/psoc creator/import/gnu/arm/5.4.1/bin/../lib/gcc/arm-none-eabi/5.4.1/../../../../arm-none-eabi/lib/armv7-m\libg_nano.a(lib_a-exit.o)
 .debug_frame   0x000021e4       0x2c c:/program files (x86)/cypress/psoc creator/4.3/psoc creator/import/gnu/arm/5.4.1/bin/../lib/gcc/arm-none-eabi/5.4.1/../../../../arm-none-eabi/lib/armv7-m\libg_nano.a(lib_a-init.o)
 .debug_frame   0x00002210       0x28 c:/program files (x86)/cypress/psoc creator/4.3/psoc creator/import/gnu/arm/5.4.1/bin/../lib/gcc/arm-none-eabi/5.4.1/../../../../arm-none-eabi/lib/armv7-m\libg_nano.a(lib_a-memcpy-stub.o)
 .debug_frame   0x00002238       0x20 c:/program files (x86)/cypress/psoc creator/4.3/psoc creator/import/gnu/arm/5.4.1/bin/../lib/gcc/arm-none-eabi/5.4.1/../../../../arm-none-eabi/lib/armv7-m\libg_nano.a(lib_a-memset.o)
 .debug_frame   0x00002258       0x70 c:/program files (x86)/cypress/psoc creator/4.3/psoc creator/import/gnu/arm/5.4.1/bin/../lib/gcc/arm-none-eabi/5.4.1/../../../../arm-none-eabi/lib/armv7-m\libg_nano.a(lib_a-sprintf.o)
 .debug_frame   0x000022c8       0x90 c:/program files (x86)/cypress/psoc creator/4.3/psoc creator/import/gnu/arm/5.4.1/bin/../lib/gcc/arm-none-eabi/5.4.1/../../../../arm-none-eabi/lib/armv7-m\libg_nano.a(lib_a-nano-svfprintf.o)
 .debug_frame   0x00002358       0x60 c:/program files (x86)/cypress/psoc creator/4.3/psoc creator/import/gnu/arm/5.4.1/bin/../lib/gcc/arm-none-eabi/5.4.1/../../../../arm-none-eabi/lib/armv7-m\libg_nano.a(lib_a-nano-vfprintf_i.o)
 .debug_frame   0x000023b8       0x28 c:/program files (x86)/cypress/psoc creator/4.3/psoc creator/import/gnu/arm/5.4.1/bin/../lib/gcc/arm-none-eabi/5.4.1/../../../../arm-none-eabi/lib/armv7-m\libg_nano.a(lib_a-memchr-stub.o)
 .debug_frame   0x000023e0       0x28 c:/program files (x86)/cypress/psoc creator/4.3/psoc creator/import/gnu/arm/5.4.1/bin/../lib/gcc/arm-none-eabi/5.4.1/../../../../arm-none-eabi/lib/armv7-m\libg_nano.a(lib_a-memmove.o)
 .debug_frame   0x00002408       0x38 c:/program files (x86)/cypress/psoc creator/4.3/psoc creator/import/gnu/arm/5.4.1/bin/../lib/gcc/arm-none-eabi/5.4.1/../../../../arm-none-eabi/lib/armv7-m\libg_nano.a(lib_a-nano-freer.o)
 .debug_frame   0x00002440       0x2c c:/program files (x86)/cypress/psoc creator/4.3/psoc creator/import/gnu/arm/5.4.1/bin/../lib/gcc/arm-none-eabi/5.4.1/../../../../arm-none-eabi/lib/armv7-m\libg_nano.a(lib_a-nano-mallocr.o)
 .debug_frame   0x0000246c       0x3c c:/program files (x86)/cypress/psoc creator/4.3/psoc creator/import/gnu/arm/5.4.1/bin/../lib/gcc/arm-none-eabi/5.4.1/../../../../arm-none-eabi/lib/armv7-m\libg_nano.a(lib_a-nano-reallocr.o)
 .debug_frame   0x000024a8       0x2c c:/program files (x86)/cypress/psoc creator/4.3/psoc creator/import/gnu/arm/5.4.1/bin/../lib/gcc/arm-none-eabi/5.4.1/../../../../arm-none-eabi/lib/armv7-m\libg_nano.a(lib_a-sbrkr.o)
 .debug_frame   0x000024d4       0x30 c:/program files (x86)/cypress/psoc creator/4.3/psoc creator/import/gnu/arm/5.4.1/bin/../lib/gcc/arm-none-eabi/5.4.1/../../../../arm-none-eabi/lib/armv7-m\libg_nano.a(lib_a-mlock.o)
 .debug_frame   0x00002504       0x20 c:/program files (x86)/cypress/psoc creator/4.3/psoc creator/import/gnu/arm/5.4.1/bin/../lib/gcc/arm-none-eabi/5.4.1/../../../../arm-none-eabi/lib/armv7-m\libg_nano.a(lib_a-nano-msizer.o)
 .debug_frame   0x00002524       0x5c c:/program files (x86)/cypress/psoc creator/4.3/psoc creator/import/gnu/arm/5.4.1/bin/../lib/gcc/arm-none-eabi/5.4.1/../../../../arm-none-eabi/lib/armv7-m\libg_nano.a(lib_a-reent.o)

.debug_str      0x00000000     0x2f39
 *(.debug_str)
 .debug_str     0x00000000      0x24b .\CortexM3\ARM_GCC_541\Debug\main.o
                                0x2ac (size before relaxing)
 .debug_str     0x0000024b      0x1b5 .\CortexM3\ARM_GCC_541\Debug\InterruptRoutines.o
                                0x3d1 (size before relaxing)
 .debug_str     0x00000400      0x156 .\CortexM3\ARM_GCC_541\Debug\I2C_Interface.o
                                0x368 (size before relaxing)
 .debug_str     0x00000556       0xa1 .\CortexM3\ARM_GCC_541\Debug\ConfigurationMenu.o
                                0x32d (size before relaxing)
 .debug_str     0x000005f7      0x121 .\CortexM3\ARM_GCC_541\Debug\25LC256.o
                                0x2e5 (size before relaxing)
 .debug_str     0x00000718       0xc3 .\CortexM3\ARM_GCC_541\Debug\SPI_Interface.o
                                0x2e6 (size before relaxing)
 .debug_str     0x000007db       0x65 .\CortexM3\ARM_GCC_541\Debug\LIS3DH_Registers.o
                                0x2cd (size before relaxing)
 .debug_str     0x00000840      0x211 .\CortexM3\ARM_GCC_541\Debug\cyfitter_cfg.o
                                0x3d0 (size before relaxing)
 .debug_str     0x00000a51       0x75 .\CortexM3\ARM_GCC_541\Debug\cymetadata.o
                                0x208 (size before relaxing)
 .debug_str     0x00000ac6      0x144 .\CortexM3\ARM_GCC_541\Debug\Cm3Start.o
                                0x32e (size before relaxing)
 .debug_str     0x00000c0a      0x297 .\CortexM3\ARM_GCC_541\Debug\FinalProject.a(UART.o)
                                0x499 (size before relaxing)
 .debug_str     0x00000ea1      0x139 .\CortexM3\ARM_GCC_541\Debug\FinalProject.a(Timer.o)
                                0x319 (size before relaxing)
 .debug_str     0x00000fda      0x13a .\CortexM3\ARM_GCC_541\Debug\FinalProject.a(I2C_Master.o)
                                0x359 (size before relaxing)
 .debug_str     0x00001114      0x1ac .\CortexM3\ARM_GCC_541\Debug\FinalProject.a(SPIM.o)
                                0x430 (size before relaxing)
 .debug_str     0x000012c0       0x53 .\CortexM3\ARM_GCC_541\Debug\FinalProject.a(CS.o)
                                0x1f7 (size before relaxing)
 .debug_str     0x00001313      0x117 .\CortexM3\ARM_GCC_541\Debug\FinalProject.a(isr_UART.o)
                                0x2f4 (size before relaxing)
 .debug_str     0x0000142a      0x183 .\CortexM3\ARM_GCC_541\Debug\FinalProject.a(UART_IntClock.o)
                                0x35a (size before relaxing)
 .debug_str     0x000015ad      0x138 .\CortexM3\ARM_GCC_541\Debug\FinalProject.a(SPIM_IntClock.o)
                                0x35a (size before relaxing)
 .debug_str     0x000016e5      0x7c7 .\CortexM3\ARM_GCC_541\Debug\FinalProject.a(CyLib.o)
                                0xa6b (size before relaxing)
 .debug_str     0x00001eac      0x365 .\CortexM3\ARM_GCC_541\Debug\FinalProject.a(cyPm.o)
                                0x757 (size before relaxing)
 .debug_str     0x00002211      0x457 .\CortexM3\ARM_GCC_541\Debug\FinalProject.a(ADC_DelSig.o)
                                0x70c (size before relaxing)
 .debug_str     0x00002668       0x68 .\CortexM3\ARM_GCC_541\Debug\FinalProject.a(ADC_DelSig_INT.o)
                                0x207 (size before relaxing)
 .debug_str     0x000026d0       0x7b .\CortexM3\ARM_GCC_541\Debug\FinalProject.a(ADC_DelSig_AMux.o)
                                0x254 (size before relaxing)
 .debug_str     0x0000274b      0x170 .\CortexM3\ARM_GCC_541\Debug\FinalProject.a(ADC_DelSig_Ext_CP_Clk.o)
                                0x3ba (size before relaxing)
 .debug_str     0x000028bb      0x1a3 .\CortexM3\ARM_GCC_541\Debug\FinalProject.a(ADC_DelSig_theACLK.o)
                                0x3e7 (size before relaxing)
 .debug_str     0x00002a5e       0xb7 .\CortexM3\ARM_GCC_541\Debug\FinalProject.a(I2C_Master_INT.o)
                                0x2d0 (size before relaxing)
 .debug_str     0x00002b15       0x79 .\CortexM3\ARM_GCC_541\Debug\FinalProject.a(I2C_Master_PM.o)
                                0x2e0 (size before relaxing)
 .debug_str     0x00002b8e      0x14b .\CortexM3\ARM_GCC_541\Debug\FinalProject.a(I2C_Master_MASTER.o)
                                0x469 (size before relaxing)
 .debug_str     0x00002cd9      0x1b4 .\CortexM3\ARM_GCC_541\Debug\FinalProject.a(CyFlash.o)
                                0x3e4 (size before relaxing)
 .debug_str     0x00002e8d       0xac .\CortexM3\ARM_GCC_541\Debug\FinalProject.a(CySpc.o)
                                0x35c (size before relaxing)

.debug_loc      0x00000000     0x3790
 *(.debug_loc)
 .debug_loc     0x00000000       0x65 .\CortexM3\ARM_GCC_541\Debug\InterruptRoutines.o
 .debug_loc     0x00000065      0x24a .\CortexM3\ARM_GCC_541\Debug\I2C_Interface.o
 .debug_loc     0x000002af       0x92 .\CortexM3\ARM_GCC_541\Debug\ConfigurationMenu.o
 .debug_loc     0x00000341      0x15e .\CortexM3\ARM_GCC_541\Debug\25LC256.o
 .debug_loc     0x0000049f      0x16c .\CortexM3\ARM_GCC_541\Debug\SPI_Interface.o
 .debug_loc     0x0000060b      0x171 .\CortexM3\ARM_GCC_541\Debug\LIS3DH_Registers.o
 .debug_loc     0x0000077c      0x2cb .\CortexM3\ARM_GCC_541\Debug\cyfitter_cfg.o
 .debug_loc     0x00000a47      0x144 .\CortexM3\ARM_GCC_541\Debug\Cm3Start.o
 .debug_loc     0x00000b8b      0x258 .\CortexM3\ARM_GCC_541\Debug\FinalProject.a(UART.o)
 .debug_loc     0x00000de3       0x39 .\CortexM3\ARM_GCC_541\Debug\FinalProject.a(I2C_Master.o)
 .debug_loc     0x00000e1c       0xfe .\CortexM3\ARM_GCC_541\Debug\FinalProject.a(SPIM.o)
 .debug_loc     0x00000f1a       0x42 .\CortexM3\ARM_GCC_541\Debug\FinalProject.a(CS.o)
 .debug_loc     0x00000f5c       0x56 .\CortexM3\ARM_GCC_541\Debug\FinalProject.a(isr_UART.o)
 .debug_loc     0x00000fb2      0x128 .\CortexM3\ARM_GCC_541\Debug\FinalProject.a(UART_IntClock.o)
 .debug_loc     0x000010da      0x128 .\CortexM3\ARM_GCC_541\Debug\FinalProject.a(SPIM_IntClock.o)
 .debug_loc     0x00001202      0xa11 .\CortexM3\ARM_GCC_541\Debug\FinalProject.a(CyLib.o)
 .debug_loc     0x00001c13      0x1e4 .\CortexM3\ARM_GCC_541\Debug\FinalProject.a(cyPm.o)
 .debug_loc     0x00001df7      0x692 .\CortexM3\ARM_GCC_541\Debug\FinalProject.a(ADC_DelSig.o)
 .debug_loc     0x00002489       0x6c .\CortexM3\ARM_GCC_541\Debug\FinalProject.a(ADC_DelSig_AMux.o)
 .debug_loc     0x000024f5      0x12c .\CortexM3\ARM_GCC_541\Debug\FinalProject.a(ADC_DelSig_Ext_CP_Clk.o)
 .debug_loc     0x00002621      0x14d .\CortexM3\ARM_GCC_541\Debug\FinalProject.a(ADC_DelSig_theACLK.o)
 .debug_loc     0x0000276e       0x29 .\CortexM3\ARM_GCC_541\Debug\FinalProject.a(I2C_Master_INT.o)
 .debug_loc     0x00002797       0x13 .\CortexM3\ARM_GCC_541\Debug\FinalProject.a(I2C_Master_PM.o)
 .debug_loc     0x000027aa      0x52f .\CortexM3\ARM_GCC_541\Debug\FinalProject.a(I2C_Master_MASTER.o)
 .debug_loc     0x00002cd9      0x3b2 .\CortexM3\ARM_GCC_541\Debug\FinalProject.a(CyFlash.o)
 .debug_loc     0x0000308b      0x705 .\CortexM3\ARM_GCC_541\Debug\FinalProject.a(CySpc.o)

.debug_macinfo
 *(.debug_macinfo)

.debug_ranges   0x00000000      0xc00
 *(.debug_ranges)
 .debug_ranges  0x00000000       0x10 .\CortexM3\ARM_GCC_541\Debug\main.o
 .debug_ranges  0x00000010       0x38 .\CortexM3\ARM_GCC_541\Debug\InterruptRoutines.o
 .debug_ranges  0x00000048       0x50 .\CortexM3\ARM_GCC_541\Debug\I2C_Interface.o
 .debug_ranges  0x00000098       0x30 .\CortexM3\ARM_GCC_541\Debug\ConfigurationMenu.o
 .debug_ranges  0x000000c8       0x40 .\CortexM3\ARM_GCC_541\Debug\25LC256.o
 .debug_ranges  0x00000108       0x20 .\CortexM3\ARM_GCC_541\Debug\SPI_Interface.o
 .debug_ranges  0x00000128       0x10 .\CortexM3\ARM_GCC_541\Debug\LIS3DH_Registers.o
 .debug_ranges  0x00000138       0x58 .\CortexM3\ARM_GCC_541\Debug\cyfitter_cfg.o
 .debug_ranges  0x00000190       0x38 .\CortexM3\ARM_GCC_541\Debug\Cm3Start.o
 .debug_ranges  0x000001c8       0xe0 .\CortexM3\ARM_GCC_541\Debug\FinalProject.a(UART.o)
 .debug_ranges  0x000002a8       0x78 .\CortexM3\ARM_GCC_541\Debug\FinalProject.a(Timer.o)
 .debug_ranges  0x00000320       0x28 .\CortexM3\ARM_GCC_541\Debug\FinalProject.a(I2C_Master.o)
 .debug_ranges  0x00000348       0xc8 .\CortexM3\ARM_GCC_541\Debug\FinalProject.a(SPIM.o)
 .debug_ranges  0x00000410       0x28 .\CortexM3\ARM_GCC_541\Debug\FinalProject.a(CS.o)
 .debug_ranges  0x00000438       0x70 .\CortexM3\ARM_GCC_541\Debug\FinalProject.a(isr_UART.o)
 .debug_ranges  0x000004a8       0x60 .\CortexM3\ARM_GCC_541\Debug\FinalProject.a(UART_IntClock.o)
 .debug_ranges  0x00000508       0x60 .\CortexM3\ARM_GCC_541\Debug\FinalProject.a(SPIM_IntClock.o)
 .debug_ranges  0x00000568      0x290 .\CortexM3\ARM_GCC_541\Debug\FinalProject.a(CyLib.o)
 .debug_ranges  0x000007f8       0x88 .\CortexM3\ARM_GCC_541\Debug\FinalProject.a(cyPm.o)
 .debug_ranges  0x00000880       0xd8 .\CortexM3\ARM_GCC_541\Debug\FinalProject.a(ADC_DelSig.o)
 .debug_ranges  0x00000958       0x28 .\CortexM3\ARM_GCC_541\Debug\FinalProject.a(ADC_DelSig_INT.o)
 .debug_ranges  0x00000980       0x20 .\CortexM3\ARM_GCC_541\Debug\FinalProject.a(ADC_DelSig_AMux.o)
 .debug_ranges  0x000009a0       0x60 .\CortexM3\ARM_GCC_541\Debug\FinalProject.a(ADC_DelSig_Ext_CP_Clk.o)
 .debug_ranges  0x00000a00       0x70 .\CortexM3\ARM_GCC_541\Debug\FinalProject.a(ADC_DelSig_theACLK.o)
 .debug_ranges  0x00000a70       0x10 .\CortexM3\ARM_GCC_541\Debug\FinalProject.a(I2C_Master_INT.o)
 .debug_ranges  0x00000a80       0x28 .\CortexM3\ARM_GCC_541\Debug\FinalProject.a(I2C_Master_PM.o)
 .debug_ranges  0x00000aa8       0x70 .\CortexM3\ARM_GCC_541\Debug\FinalProject.a(I2C_Master_MASTER.o)
 .debug_ranges  0x00000b18       0x78 .\CortexM3\ARM_GCC_541\Debug\FinalProject.a(CyFlash.o)
 .debug_ranges  0x00000b90       0x70 .\CortexM3\ARM_GCC_541\Debug\FinalProject.a(CySpc.o)

.comment        0x00000000       0x6e
 .comment       0x00000000       0x6e .\CortexM3\ARM_GCC_541\Debug\main.o
                                 0x6f (size before relaxing)
 .comment       0x0000006e       0x6f .\CortexM3\ARM_GCC_541\Debug\InterruptRoutines.o
 .comment       0x0000006e       0x6f .\CortexM3\ARM_GCC_541\Debug\I2C_Interface.o
 .comment       0x0000006e       0x6f .\CortexM3\ARM_GCC_541\Debug\ConfigurationMenu.o
 .comment       0x0000006e       0x6f .\CortexM3\ARM_GCC_541\Debug\25LC256.o
 .comment       0x0000006e       0x6f .\CortexM3\ARM_GCC_541\Debug\SPI_Interface.o
 .comment       0x0000006e       0x6f .\CortexM3\ARM_GCC_541\Debug\LIS3DH_Registers.o
 .comment       0x0000006e       0x6f .\CortexM3\ARM_GCC_541\Debug\cyfitter_cfg.o
 .comment       0x0000006e       0x6f .\CortexM3\ARM_GCC_541\Debug\cymetadata.o
 .comment       0x0000006e       0x6f .\CortexM3\ARM_GCC_541\Debug\Cm3Start.o
 .comment       0x0000006e       0x6f .\CortexM3\ARM_GCC_541\Debug\FinalProject.a(UART.o)
 .comment       0x0000006e       0x6f .\CortexM3\ARM_GCC_541\Debug\FinalProject.a(Timer.o)
 .comment       0x0000006e       0x6f .\CortexM3\ARM_GCC_541\Debug\FinalProject.a(I2C_Master.o)
 .comment       0x0000006e       0x6f .\CortexM3\ARM_GCC_541\Debug\FinalProject.a(SPIM.o)
 .comment       0x0000006e       0x6f .\CortexM3\ARM_GCC_541\Debug\FinalProject.a(CS.o)
 .comment       0x0000006e       0x6f .\CortexM3\ARM_GCC_541\Debug\FinalProject.a(isr_UART.o)
 .comment       0x0000006e       0x6f .\CortexM3\ARM_GCC_541\Debug\FinalProject.a(UART_IntClock.o)
 .comment       0x0000006e       0x6f .\CortexM3\ARM_GCC_541\Debug\FinalProject.a(SPIM_IntClock.o)
 .comment       0x0000006e       0x6f .\CortexM3\ARM_GCC_541\Debug\FinalProject.a(CyLib.o)
 .comment       0x0000006e       0x6f .\CortexM3\ARM_GCC_541\Debug\FinalProject.a(cyPm.o)
 .comment       0x0000006e       0x6f .\CortexM3\ARM_GCC_541\Debug\FinalProject.a(ADC_DelSig.o)
 .comment       0x0000006e       0x6f .\CortexM3\ARM_GCC_541\Debug\FinalProject.a(ADC_DelSig_INT.o)
 .comment       0x0000006e       0x6f .\CortexM3\ARM_GCC_541\Debug\FinalProject.a(ADC_DelSig_AMux.o)
 .comment       0x0000006e       0x6f .\CortexM3\ARM_GCC_541\Debug\FinalProject.a(ADC_DelSig_Ext_CP_Clk.o)
 .comment       0x0000006e       0x6f .\CortexM3\ARM_GCC_541\Debug\FinalProject.a(ADC_DelSig_theACLK.o)
 .comment       0x0000006e       0x6f .\CortexM3\ARM_GCC_541\Debug\FinalProject.a(I2C_Master_INT.o)
 .comment       0x0000006e       0x6f .\CortexM3\ARM_GCC_541\Debug\FinalProject.a(I2C_Master_PM.o)
 .comment       0x0000006e       0x6f .\CortexM3\ARM_GCC_541\Debug\FinalProject.a(I2C_Master_MASTER.o)
 .comment       0x0000006e       0x6f .\CortexM3\ARM_GCC_541\Debug\FinalProject.a(CyFlash.o)
 .comment       0x0000006e       0x6f .\CortexM3\ARM_GCC_541\Debug\FinalProject.a(CySpc.o)

.debug_weaknames
 *(.debug_weaknames)

.debug_funcnames
 *(.debug_funcnames)

.debug_typenames
 *(.debug_typenames)

.debug_varnames
 *(.debug_varnames)

.note.gnu.arm.ident
 *(.note.gnu.arm.ident)

.ARM.attributes
                0x00000000       0x29
 *(.ARM.attributes)
 .ARM.attributes
                0x00000000       0x1d c:/program files (x86)/cypress/psoc creator/4.3/psoc creator/import/gnu/arm/5.4.1/bin/../lib/gcc/arm-none-eabi/5.4.1/armv7-m/crti.o
 .ARM.attributes
                0x0000001d       0x2d c:/program files (x86)/cypress/psoc creator/4.3/psoc creator/import/gnu/arm/5.4.1/bin/../lib/gcc/arm-none-eabi/5.4.1/armv7-m/crtbegin.o
 .ARM.attributes
                0x0000004a       0x1b c:/program files (x86)/cypress/psoc creator/4.3/psoc creator/import/gnu/arm/5.4.1/bin/../lib/gcc/arm-none-eabi/5.4.1/../../../../arm-none-eabi/lib/armv7-m/crt0.o
 .ARM.attributes
                0x00000065       0x33 .\CortexM3\ARM_GCC_541\Debug\main.o
 .ARM.attributes
                0x00000098       0x33 .\CortexM3\ARM_GCC_541\Debug\InterruptRoutines.o
 .ARM.attributes
                0x000000cb       0x33 .\CortexM3\ARM_GCC_541\Debug\I2C_Interface.o
 .ARM.attributes
                0x000000fe       0x33 .\CortexM3\ARM_GCC_541\Debug\ConfigurationMenu.o
 .ARM.attributes
                0x00000131       0x33 .\CortexM3\ARM_GCC_541\Debug\25LC256.o
 .ARM.attributes
                0x00000164       0x33 .\CortexM3\ARM_GCC_541\Debug\SPI_Interface.o
 .ARM.attributes
                0x00000197       0x33 .\CortexM3\ARM_GCC_541\Debug\LIS3DH_Registers.o
 .ARM.attributes
                0x000001ca       0x33 .\CortexM3\ARM_GCC_541\Debug\cyfitter_cfg.o
 .ARM.attributes
                0x000001fd       0x33 .\CortexM3\ARM_GCC_541\Debug\cymetadata.o
 .ARM.attributes
                0x00000230       0x33 .\CortexM3\ARM_GCC_541\Debug\Cm3Start.o
 .ARM.attributes
                0x00000263       0x33 .\CortexM3\ARM_GCC_541\Debug\FinalProject.a(UART.o)
 .ARM.attributes
                0x00000296       0x33 .\CortexM3\ARM_GCC_541\Debug\FinalProject.a(Timer.o)
 .ARM.attributes
                0x000002c9       0x33 .\CortexM3\ARM_GCC_541\Debug\FinalProject.a(I2C_Master.o)
 .ARM.attributes
                0x000002fc       0x33 .\CortexM3\ARM_GCC_541\Debug\FinalProject.a(SPIM.o)
 .ARM.attributes
                0x0000032f       0x33 .\CortexM3\ARM_GCC_541\Debug\FinalProject.a(CS.o)
 .ARM.attributes
                0x00000362       0x33 .\CortexM3\ARM_GCC_541\Debug\FinalProject.a(isr_UART.o)
 .ARM.attributes
                0x00000395       0x33 .\CortexM3\ARM_GCC_541\Debug\FinalProject.a(UART_IntClock.o)
 .ARM.attributes
                0x000003c8       0x33 .\CortexM3\ARM_GCC_541\Debug\FinalProject.a(SPIM_IntClock.o)
 .ARM.attributes
                0x000003fb       0x33 .\CortexM3\ARM_GCC_541\Debug\FinalProject.a(CyLib.o)
 .ARM.attributes
                0x0000042e       0x33 .\CortexM3\ARM_GCC_541\Debug\FinalProject.a(cyPm.o)
 .ARM.attributes
                0x00000461       0x33 .\CortexM3\ARM_GCC_541\Debug\FinalProject.a(ADC_DelSig.o)
 .ARM.attributes
                0x00000494       0x33 .\CortexM3\ARM_GCC_541\Debug\FinalProject.a(ADC_DelSig_INT.o)
 .ARM.attributes
                0x000004c7       0x33 .\CortexM3\ARM_GCC_541\Debug\FinalProject.a(ADC_DelSig_AMux.o)
 .ARM.attributes
                0x000004fa       0x33 .\CortexM3\ARM_GCC_541\Debug\FinalProject.a(ADC_DelSig_Ext_CP_Clk.o)
 .ARM.attributes
                0x0000052d       0x33 .\CortexM3\ARM_GCC_541\Debug\FinalProject.a(ADC_DelSig_theACLK.o)
 .ARM.attributes
                0x00000560       0x33 .\CortexM3\ARM_GCC_541\Debug\FinalProject.a(I2C_Master_INT.o)
 .ARM.attributes
                0x00000593       0x33 .\CortexM3\ARM_GCC_541\Debug\FinalProject.a(I2C_Master_PM.o)
 .ARM.attributes
                0x000005c6       0x33 .\CortexM3\ARM_GCC_541\Debug\FinalProject.a(I2C_Master_MASTER.o)
 .ARM.attributes
                0x000005f9       0x21 .\CortexM3\ARM_GCC_541\Debug\FinalProject.a(CyBootAsmGnu.o)
 .ARM.attributes
                0x0000061a       0x33 .\CortexM3\ARM_GCC_541\Debug\FinalProject.a(CyFlash.o)
 .ARM.attributes
                0x0000064d       0x33 .\CortexM3\ARM_GCC_541\Debug\FinalProject.a(CySpc.o)
 .ARM.attributes
                0x00000680       0x1d c:/program files (x86)/cypress/psoc creator/4.3/psoc creator/import/gnu/arm/5.4.1/bin/../lib/gcc/arm-none-eabi/5.4.1/armv7-m\libgcc.a(_arm_addsubdf3.o)
 .ARM.attributes
                0x0000069d       0x1d c:/program files (x86)/cypress/psoc creator/4.3/psoc creator/import/gnu/arm/5.4.1/bin/../lib/gcc/arm-none-eabi/5.4.1/armv7-m\libgcc.a(_arm_cmpdf2.o)
 .ARM.attributes
                0x000006ba       0x1d c:/program files (x86)/cypress/psoc creator/4.3/psoc creator/import/gnu/arm/5.4.1/bin/../lib/gcc/arm-none-eabi/5.4.1/armv7-m\libgcc.a(_arm_addsubsf3.o)
 .ARM.attributes
                0x000006d7       0x1d c:/program files (x86)/cypress/psoc creator/4.3/psoc creator/import/gnu/arm/5.4.1/bin/../lib/gcc/arm-none-eabi/5.4.1/armv7-m\libgcc.a(_arm_muldivsf3.o)
 .ARM.attributes
                0x000006f4       0x1d c:/program files (x86)/cypress/psoc creator/4.3/psoc creator/import/gnu/arm/5.4.1/bin/../lib/gcc/arm-none-eabi/5.4.1/armv7-m\libgcc.a(_arm_fixunssfsi.o)
 .ARM.attributes
                0x00000711       0x2d c:/program files (x86)/cypress/psoc creator/4.3/psoc creator/import/gnu/arm/5.4.1/bin/../lib/gcc/arm-none-eabi/5.4.1/../../../../arm-none-eabi/lib/armv7-m\libg_nano.a(lib_a-errno.o)
 .ARM.attributes
                0x0000073e       0x2d c:/program files (x86)/cypress/psoc creator/4.3/psoc creator/import/gnu/arm/5.4.1/bin/../lib/gcc/arm-none-eabi/5.4.1/../../../../arm-none-eabi/lib/armv7-m\libg_nano.a(lib_a-exit.o)
 .ARM.attributes
                0x0000076b       0x2d c:/program files (x86)/cypress/psoc creator/4.3/psoc creator/import/gnu/arm/5.4.1/bin/../lib/gcc/arm-none-eabi/5.4.1/../../../../arm-none-eabi/lib/armv7-m\libg_nano.a(lib_a-impure.o)
 .ARM.attributes
                0x00000798       0x2d c:/program files (x86)/cypress/psoc creator/4.3/psoc creator/import/gnu/arm/5.4.1/bin/../lib/gcc/arm-none-eabi/5.4.1/../../../../arm-none-eabi/lib/armv7-m\libg_nano.a(lib_a-init.o)
 .ARM.attributes
                0x000007c5       0x2d c:/program files (x86)/cypress/psoc creator/4.3/psoc creator/import/gnu/arm/5.4.1/bin/../lib/gcc/arm-none-eabi/5.4.1/../../../../arm-none-eabi/lib/armv7-m\libg_nano.a(lib_a-memcpy-stub.o)
 .ARM.attributes
                0x000007f2       0x2d c:/program files (x86)/cypress/psoc creator/4.3/psoc creator/import/gnu/arm/5.4.1/bin/../lib/gcc/arm-none-eabi/5.4.1/../../../../arm-none-eabi/lib/armv7-m\libg_nano.a(lib_a-memset.o)
 .ARM.attributes
                0x0000081f       0x2d c:/program files (x86)/cypress/psoc creator/4.3/psoc creator/import/gnu/arm/5.4.1/bin/../lib/gcc/arm-none-eabi/5.4.1/../../../../arm-none-eabi/lib/armv7-m\libg_nano.a(lib_a-sprintf.o)
 .ARM.attributes
                0x0000084c       0x2d c:/program files (x86)/cypress/psoc creator/4.3/psoc creator/import/gnu/arm/5.4.1/bin/../lib/gcc/arm-none-eabi/5.4.1/../../../../arm-none-eabi/lib/armv7-m\libg_nano.a(lib_a-nano-svfprintf.o)
 .ARM.attributes
                0x00000879       0x2d c:/program files (x86)/cypress/psoc creator/4.3/psoc creator/import/gnu/arm/5.4.1/bin/../lib/gcc/arm-none-eabi/5.4.1/../../../../arm-none-eabi/lib/armv7-m\libg_nano.a(lib_a-nano-vfprintf_i.o)
 .ARM.attributes
                0x000008a6       0x2d c:/program files (x86)/cypress/psoc creator/4.3/psoc creator/import/gnu/arm/5.4.1/bin/../lib/gcc/arm-none-eabi/5.4.1/../../../../arm-none-eabi/lib/armv7-m\libg_nano.a(lib_a-memchr-stub.o)
 .ARM.attributes
                0x000008d3       0x2d c:/program files (x86)/cypress/psoc creator/4.3/psoc creator/import/gnu/arm/5.4.1/bin/../lib/gcc/arm-none-eabi/5.4.1/../../../../arm-none-eabi/lib/armv7-m\libg_nano.a(lib_a-memmove.o)
 .ARM.attributes
                0x00000900       0x2d c:/program files (x86)/cypress/psoc creator/4.3/psoc creator/import/gnu/arm/5.4.1/bin/../lib/gcc/arm-none-eabi/5.4.1/../../../../arm-none-eabi/lib/armv7-m\libg_nano.a(lib_a-nano-freer.o)
 .ARM.attributes
                0x0000092d       0x2d c:/program files (x86)/cypress/psoc creator/4.3/psoc creator/import/gnu/arm/5.4.1/bin/../lib/gcc/arm-none-eabi/5.4.1/../../../../arm-none-eabi/lib/armv7-m\libg_nano.a(lib_a-nano-mallocr.o)
 .ARM.attributes
                0x0000095a       0x2d c:/program files (x86)/cypress/psoc creator/4.3/psoc creator/import/gnu/arm/5.4.1/bin/../lib/gcc/arm-none-eabi/5.4.1/../../../../arm-none-eabi/lib/armv7-m\libg_nano.a(lib_a-nano-reallocr.o)
 .ARM.attributes
                0x00000987       0x2d c:/program files (x86)/cypress/psoc creator/4.3/psoc creator/import/gnu/arm/5.4.1/bin/../lib/gcc/arm-none-eabi/5.4.1/../../../../arm-none-eabi/lib/armv7-m\libg_nano.a(lib_a-sbrkr.o)
 .ARM.attributes
                0x000009b4       0x2d c:/program files (x86)/cypress/psoc creator/4.3/psoc creator/import/gnu/arm/5.4.1/bin/../lib/gcc/arm-none-eabi/5.4.1/../../../../arm-none-eabi/lib/armv7-m\libg_nano.a(lib_a-mlock.o)
 .ARM.attributes
                0x000009e1       0x2d c:/program files (x86)/cypress/psoc creator/4.3/psoc creator/import/gnu/arm/5.4.1/bin/../lib/gcc/arm-none-eabi/5.4.1/../../../../arm-none-eabi/lib/armv7-m\libg_nano.a(lib_a-nano-msizer.o)
 .ARM.attributes
                0x00000a0e       0x2d c:/program files (x86)/cypress/psoc creator/4.3/psoc creator/import/gnu/arm/5.4.1/bin/../lib/gcc/arm-none-eabi/5.4.1/../../../../arm-none-eabi/lib/armv7-m\libg_nano.a(lib_a-reent.o)
 .ARM.attributes
                0x00000a3b       0x2d c:/program files (x86)/cypress/psoc creator/4.3/psoc creator/import/gnu/arm/5.4.1/bin/../lib/gcc/arm-none-eabi/5.4.1/armv7-m/crtend.o
 .ARM.attributes
                0x00000a68       0x1d c:/program files (x86)/cypress/psoc creator/4.3/psoc creator/import/gnu/arm/5.4.1/bin/../lib/gcc/arm-none-eabi/5.4.1/armv7-m/crtn.o

/DISCARD/
 *(.note.GNU-stack)
OUTPUT(C:\Users\Vanessa Aloia.Vanessa\Desktop\Group_01_FinalProject\Group_01_FinalProject\FinalProject.cydsn\CortexM3\ARM_GCC_541\Debug\FinalProject.elf elf32-littlearm)
