Archive member included to satisfy reference by file (symbol)

.\CortexM3\ARM_GCC_541\Debug\FinalProject.a(isr_TIMER.o)
                              .\CortexM3\ARM_GCC_541\Debug\main.o (isr_TIMER_StartEx)
.\CortexM3\ARM_GCC_541\Debug\FinalProject.a(UART.o)
                              .\CortexM3\ARM_GCC_541\Debug\main.o (UART_Start)
.\CortexM3\ARM_GCC_541\Debug\FinalProject.a(Timer.o)
                              .\CortexM3\ARM_GCC_541\Debug\InterruptRoutines.o (Timer_ReadStatusRegister)
.\CortexM3\ARM_GCC_541\Debug\FinalProject.a(isr_UART.o)
                              .\CortexM3\ARM_GCC_541\Debug\main.o (isr_UART_StartEx)
.\CortexM3\ARM_GCC_541\Debug\FinalProject.a(UART_IntClock.o)
                              .\CortexM3\ARM_GCC_541\Debug\FinalProject.a(UART.o) (UART_IntClock_Start)
.\CortexM3\ARM_GCC_541\Debug\FinalProject.a(CyLib.o)
                              .\CortexM3\ARM_GCC_541\Debug\Cm3Start.o (CyHalt)
.\CortexM3\ARM_GCC_541\Debug\FinalProject.a(cyPm.o)
                              .\CortexM3\ARM_GCC_541\Debug\FinalProject.a(CyLib.o) (CyPmReadStatus)
.\CortexM3\ARM_GCC_541\Debug\FinalProject.a(ADC_DelSig.o)
                              .\CortexM3\ARM_GCC_541\Debug\main.o (ADC_DelSig_Start)
.\CortexM3\ARM_GCC_541\Debug\FinalProject.a(ADC_DelSig_INT.o)
                              .\CortexM3\ARM_GCC_541\Debug\FinalProject.a(ADC_DelSig.o) (ADC_DelSig_ISR1)
.\CortexM3\ARM_GCC_541\Debug\FinalProject.a(ADC_DelSig_AMux.o)
                              .\CortexM3\ARM_GCC_541\Debug\FinalProject.a(ADC_DelSig.o) (ADC_DelSig_AMux_Select)
.\CortexM3\ARM_GCC_541\Debug\FinalProject.a(ADC_DelSig_Ext_CP_Clk.o)
                              .\CortexM3\ARM_GCC_541\Debug\FinalProject.a(ADC_DelSig.o) (ADC_DelSig_Ext_CP_Clk_SetModeRegister)
.\CortexM3\ARM_GCC_541\Debug\FinalProject.a(ADC_DelSig_theACLK.o)
                              .\CortexM3\ARM_GCC_541\Debug\FinalProject.a(ADC_DelSig.o) (ADC_DelSig_theACLK_SetModeRegister)
.\CortexM3\ARM_GCC_541\Debug\FinalProject.a(I2C_MASTER.o)
                              .\CortexM3\ARM_GCC_541\Debug\I2C_Interface.o (I2C_Master_Start)
.\CortexM3\ARM_GCC_541\Debug\FinalProject.a(I2C_Master_INT.o)
                              .\CortexM3\ARM_GCC_541\Debug\FinalProject.a(I2C_MASTER.o) (I2C_Master_ISR)
.\CortexM3\ARM_GCC_541\Debug\FinalProject.a(I2C_Master_PM.o)
                              .\CortexM3\ARM_GCC_541\Debug\FinalProject.a(I2C_MASTER.o) (I2C_Master_backup)
.\CortexM3\ARM_GCC_541\Debug\FinalProject.a(I2C_Master_MASTER.o)
                              .\CortexM3\ARM_GCC_541\Debug\FinalProject.a(I2C_MASTER.o) (I2C_Master_mstrStatus)
.\CortexM3\ARM_GCC_541\Debug\FinalProject.a(CyBootAsmGnu.o)
                              .\CortexM3\ARM_GCC_541\Debug\cyfitter_cfg.o (CyDelayCycles)
.\CortexM3\ARM_GCC_541\Debug\FinalProject.a(CyFlash.o)
                              .\CortexM3\ARM_GCC_541\Debug\FinalProject.a(cyPm.o) (CyFlash_SetWaitCycles)
.\CortexM3\ARM_GCC_541\Debug\FinalProject.a(CySpc.o)
                              .\CortexM3\ARM_GCC_541\Debug\FinalProject.a(CyFlash.o) (CySpcStart)
c:/program files (x86)/cypress/psoc creator/4.3/psoc creator/import/gnu/arm/5.4.1/bin/../lib/gcc/arm-none-eabi/5.4.1/armv7-m\libgcc.a(_arm_addsubdf3.o)
                              .\CortexM3\ARM_GCC_541\Debug\InterruptRoutines.o (__aeabi_dsub)
c:/program files (x86)/cypress/psoc creator/4.3/psoc creator/import/gnu/arm/5.4.1/bin/../lib/gcc/arm-none-eabi/5.4.1/armv7-m\libgcc.a(_arm_muldivdf3.o)
                              .\CortexM3\ARM_GCC_541\Debug\InterruptRoutines.o (__aeabi_ddiv)
c:/program files (x86)/cypress/psoc creator/4.3/psoc creator/import/gnu/arm/5.4.1/bin/../lib/gcc/arm-none-eabi/5.4.1/armv7-m\libgcc.a(_arm_cmpdf2.o)
                              .\CortexM3\ARM_GCC_541\Debug\FinalProject.a(ADC_DelSig.o) (__aeabi_dcmpgt)
c:/program files (x86)/cypress/psoc creator/4.3/psoc creator/import/gnu/arm/5.4.1/bin/../lib/gcc/arm-none-eabi/5.4.1/armv7-m\libgcc.a(_arm_truncdfsf2.o)
                              .\CortexM3\ARM_GCC_541\Debug\InterruptRoutines.o (__aeabi_d2f)
c:/program files (x86)/cypress/psoc creator/4.3/psoc creator/import/gnu/arm/5.4.1/bin/../lib/gcc/arm-none-eabi/5.4.1/armv7-m\libgcc.a(_arm_addsubsf3.o)
                              .\CortexM3\ARM_GCC_541\Debug\FinalProject.a(ADC_DelSig.o) (__aeabi_ui2f)
c:/program files (x86)/cypress/psoc creator/4.3/psoc creator/import/gnu/arm/5.4.1/bin/../lib/gcc/arm-none-eabi/5.4.1/armv7-m\libgcc.a(_arm_muldivsf3.o)
                              .\CortexM3\ARM_GCC_541\Debug\FinalProject.a(ADC_DelSig.o) (__aeabi_fmul)
c:/program files (x86)/cypress/psoc creator/4.3/psoc creator/import/gnu/arm/5.4.1/bin/../lib/gcc/arm-none-eabi/5.4.1/armv7-m\libgcc.a(_arm_fixsfsi.o)
                              .\CortexM3\ARM_GCC_541\Debug\InterruptRoutines.o (__aeabi_f2iz)
c:/program files (x86)/cypress/psoc creator/4.3/psoc creator/import/gnu/arm/5.4.1/bin/../lib/gcc/arm-none-eabi/5.4.1/armv7-m\libgcc.a(_arm_fixunssfsi.o)
[...]
Memory Configuration

Name             Origin             Length             Attributes
rom              0x00000000         0x00040000         xr
ram              0x1fff8000         0x00010000         xrw
*default*        0x00000000         0xffffffff

Linker script and memory map

LOAD c:/program files (x86)/cypress/psoc creator/4.3/psoc creator/import/gnu/arm/5.4.1/bin/../lib/gcc/arm-none-eabi/5.4.1/armv7-m/crti.o
LOAD c:/program files (x86)/cypress/psoc creator/4.3/psoc creator/import/gnu/arm/5.4.1/bin/../lib/gcc/arm-none-eabi/5.4.1/armv7-m/crtbegin.o
LOAD c:/program files (x86)/cypress/psoc creator/4.3/psoc creator/import/gnu/arm/5.4.1/bin/../lib/gcc/arm-none-eabi/5.4.1/../../../../arm-none-eabi/lib/armv7-m/crt0.o
START GROUP
LOAD .\CortexM3\ARM_GCC_541\Debug\main.o
LOAD .\CortexM3\ARM_GCC_541\Debug\InterruptRoutines.o
LOAD .\CortexM3\ARM_GCC_541\Debug\I2C_Interface.o
LOAD .\CortexM3\ARM_GCC_541\Debug\cyfitter_cfg.o
LOAD .\CortexM3\ARM_GCC_541\Debug\cymetadata.o
LOAD .\CortexM3\ARM_GCC_541\Debug\Cm3Start.o
LOAD .\CortexM3\ARM_GCC_541\Debug\FinalProject.a
LOAD C:\Program Files (x86)\Cypress\PSoC Creator\4.3\PSoC Creator\psoc\content\cycomponentlibrary\CyComponentLibrary.cylib\CortexM3\ARM_GCC_541\Debug\CyComponentLibrary.a
END GROUP
START GROUP
LOAD c:/program files (x86)/cypress/psoc creator/4.3/psoc creator/import/gnu/arm/5.4.1/bin/../lib/gcc/arm-none-eabi/5.4.1/armv7-m\libgcc.a
LOAD c:/program files (x86)/cypress/psoc creator/4.3/psoc creator/import/gnu/arm/5.4.1/bin/../lib/gcc/arm-none-eabi/5.4.1/../../../../arm-none-eabi/lib/armv7-m\libg_nano.a
LOAD c:/program files (x86)/cypress/psoc creator/4.3/psoc creator/import/gnu/arm/5.4.1/bin/../lib/gcc/arm-none-eabi/5.4.1/../../../../arm-none-eabi/lib/armv7-m\libc_nano.a
END GROUP
START GROUP
LOAD c:/program files (x86)/cypress/psoc creator/4.3/psoc creator/import/gnu/arm/5.4.1/bin/../lib/gcc/arm-none-eabi/5.4.1/armv7-m\libgcc.a
LOAD c:/program files (x86)/cypress/psoc creator/4.3/psoc creator/import/gnu/arm/5.4.1/bin/../lib/gcc/arm-none-eabi/5.4.1/../../../../arm-none-eabi/lib/armv7-m\libc_nano.a
END GROUP
LOAD c:/program files (x86)/cypress/psoc creator/4.3/psoc creator/import/gnu/arm/5.4.1/bin/../lib/gcc/arm-none-eabi/5.4.1/armv7-m/crtend.o
LOAD c:/program files (x86)/cypress/psoc creator/4.3/psoc creator/import/gnu/arm/5.4.1/bin/../lib/gcc/arm-none-eabi/5.4.1/armv7-m/crtn.o
START GROUP
LOAD c:/program files (x86)/cypress/psoc creator/4.3/psoc creator/import/gnu/arm/5.4.1/bin/../lib/gcc/arm-none-eabi/5.4.1/armv7-m\libgcc.a
LOAD c:/program files (x86)/cypress/psoc creator/4.3/psoc creator/import/gnu/arm/5.4.1/bin/../lib/gcc/arm-none-eabi/5.4.1/../../../../arm-none-eabi/lib/armv7-m\libc.a
LOAD c:/program files (x86)/cypress/psoc creator/4.3/psoc creator/import/gnu/arm/5.4.1/bin/../lib/gcc/arm-none-eabi/5.4.1/../../../../arm-none-eabi/lib/armv7-m\libnosys.a
END GROUP
                0x00000000                CY_APPL_ORIGIN = 0x0
                0x00000100                CY_FLASH_ROW_SIZE = 0x100
                0x00000020                CY_ECC_ROW_SIZE = 0x20
                0x00000000                CY_EE_IN_BTLDR = 0x0
                0x00000000                CY_APPL_LOADABLE = 0x0
                0x00000800                CY_EE_SIZE = 0x800
                0x00000001                CY_APPL_NUM = 0x1
                0x00000001                CY_APPL_MAX = 0x1
                0x00000040                CY_METADATA_SIZE = 0x40
                0x00000000                CY_APPL_LOADABLE = 0x0
                0x00000000                CY_CHECKSUM_EXCLUDE_SIZE = ALIGN (0x0, CY_FLASH_ROW_SIZE)
                [!provide]                PROVIDE (__cy_heap_start, _end)
                0x00000001                PROVIDE (__cy_region_num, ((__cy_regions_end - __cy_regions) / 0x10))
                0x20008000                PROVIDE (__cy_stack, (ORIGIN (ram) + LENGTH (ram)))
                [!provide]                PROVIDE (__cy_heap_end, (__cy_stack - 0x800))

.cybootloader   0x00000000        0x0
 *(.cybootloader)
                0x00000000                appl1_start = CY_APPL_ORIGIN?CY_APPL_ORIGIN:ALIGN (CY_FLASH_ROW_SIZE)
                0x0001ff00                appl2_start = (appl1_start + ALIGN ((((LENGTH (rom) - appl1_start) - (0x2 * CY_FLASH_ROW_SIZE)) / 0x2), CY_FLASH_ROW_SIZE))
                0x00000000                appl_start = (CY_APPL_NUM == 0x1)?appl1_start:appl2_start
                0x00000000                ecc_offset = ((appl_start / CY_FLASH_ROW_SIZE) * CY_ECC_ROW_SIZE)
                0x00000000                ee_offset = (CY_APPL_LOADABLE && ! (CY_EE_IN_BTLDR))?((CY_EE_SIZE / CY_APPL_MAX) * (CY_APPL_NUM - 0x1)):0x0
                0x00000800                ee_size = (CY_APPL_LOADABLE && ! (CY_EE_IN_BTLDR))?(CY_EE_SIZE / CY_APPL_MAX):CY_EE_SIZE
                [!provide]                PROVIDE (CY_ECC_OFFSET, ecc_offset)

.text           0x00000000     0x2160
 CREATE_OBJECT_SYMBOLS
                0x00000000                PROVIDE (__cy_interrupt_vector, RomVectors)
 *(.romvectors)
 .romvectors    0x00000000       0x10 .\CortexM3\ARM_GCC_541\Debug\Cm3Start.o
                0x00000000                RomVectors
                0x00000001                ASSERT ((. != __cy_interrupt_vector), No interrupt vector)
                0x00000001                ASSERT (CY_APPL_ORIGIN?(SIZEOF (.cybootloader) <= CY_APPL_ORIGIN):0x1, Wrong image location)
                0x00000010                PROVIDE (__cy_reset, Reset)
 *(.text.Reset)
 .text.Reset    0x00000010       0x18 .\CortexM3\ARM_GCC_541\Debug\Cm3Start.o
                0x00000010                Reset
                0x00000001                ASSERT ((. != __cy_reset), No reset code)
 *(.dma_init)
                0x00000001                ASSERT ((((appl_start + .) <= 0x10000) || 0x1), DMA Init must be within the first 64k of flash)
 *(.text .text.* .gnu.linkonce.t.*)
 .text          0x00000028       0x5c c:/program files (x86)/cypress/psoc creator/4.3/psoc creator/import/gnu/arm/5.4.1/bin/../lib/gcc/arm-none-eabi/5.4.1/armv7-m/crtbegin.o
 .text.main     0x00000084       0x48 .\CortexM3\ARM_GCC_541\Debug\main.o
                0x00000084                main
 .text.CUSTOM_ISR_TIMER
                0x000000cc       0x78 .\CortexM3\ARM_GCC_541\Debug\InterruptRoutines.o
                0x000000cc                CUSTOM_ISR_TIMER
 .text.Custom_isr_UART
                0x00000144       0xa0 .\CortexM3\ARM_GCC_541\Debug\InterruptRoutines.o
                0x00000144                Custom_isr_UART
 .text.CyClockStartupError
                0x000001e4        0x4 .\CortexM3\ARM_GCC_541\Debug\cyfitter_cfg.o
 .text.cfg_write_bytes32
                0x000001e8       0x34 .\CortexM3\ARM_GCC_541\Debug\cyfitter_cfg.o
 .text.AnalogSetDefault
                0x0000021c       0x3c .\CortexM3\ARM_GCC_541\Debug\cyfitter_cfg.o
 .text.CYMEMZERO
                0x00000258        0xc .\CortexM3\ARM_GCC_541\Debug\cyfitter_cfg.o
 .text.CYCONFIGCPY
                0x00000264        0x8 .\CortexM3\ARM_GCC_541\Debug\cyfitter_cfg.o
 .text.ClockSetup
                0x0000026c      0x10c .\CortexM3\ARM_GCC_541\Debug\cyfitter_cfg.o
 .text.ADC_DelSig_AMux_Set
                0x00000378       0x1c .\CortexM3\ARM_GCC_541\Debug\cyfitter_cfg.o
                0x00000378                ADC_DelSig_AMux_Set
 .text.ADC_DelSig_AMux_Unset
                0x00000394       0x1c .\CortexM3\ARM_GCC_541\Debug\cyfitter_cfg.o
                0x00000394                ADC_DelSig_AMux_Unset
 .text.cyfitter_cfg
                0x000003b0      0x13c .\CortexM3\ARM_GCC_541\Debug\cyfitter_cfg.o
                0x000003b0                cyfitter_cfg
 .text.IntDefaultHandler
                0x000004ec       0x10 .\CortexM3\ARM_GCC_541\Debug\Cm3Start.o
                0x000004ec                IntDefaultHandler
 .text._sbrk    0x000004fc       0x30 .\CortexM3\ARM_GCC_541\Debug\Cm3Start.o
                0x000004fc                _sbrk
 .text.Start_c  0x0000052c       0x4c .\CortexM3\ARM_GCC_541\Debug\Cm3Start.o
                0x0000052c                Start_c
 .text.initialize_psoc
                0x00000578       0x68 .\CortexM3\ARM_GCC_541\Debug\Cm3Start.o
                0x00000578                initialize_psoc
 .text.isr_TIMER_SetVector
                0x000005e0       0x10 .\CortexM3\ARM_GCC_541\Debug\FinalProject.a(isr_TIMER.o)
                0x000005e0                isr_TIMER_SetVector
 .text.isr_TIMER_SetPriority
                0x000005f0       0x10 .\CortexM3\ARM_GCC_541\Debug\FinalProject.a(isr_TIMER.o)
                0x000005f0                isr_TIMER_SetPriority
 .text.isr_TIMER_Enable
                0x00000600       0x10 .\CortexM3\ARM_GCC_541\Debug\FinalProject.a(isr_TIMER.o)
                0x00000600                isr_TIMER_Enable
 .text.isr_TIMER_Disable
                0x00000610       0x10 .\CortexM3\ARM_GCC_541\Debug\FinalProject.a(isr_TIMER.o)
                0x00000610                isr_TIMER_Disable
 .text.isr_TIMER_StartEx
                0x00000620       0x1c .\CortexM3\ARM_GCC_541\Debug\FinalProject.a(isr_TIMER.o)
                0x00000620                isr_TIMER_StartEx
 .text.UART_Init
                0x0000063c       0x28 .\CortexM3\ARM_GCC_541\Debug\FinalProject.a(UART.o)
                0x0000063c                UART_Init
 .text.UART_Enable
                0x00000664       0x38 .\CortexM3\ARM_GCC_541\Debug\FinalProject.a(UART.o)
                0x00000664                UART_Enable
 .text.UART_Start
                0x0000069c       0x1c .\CortexM3\ARM_GCC_541\Debug\FinalProject.a(UART.o)
                0x0000069c                UART_Start
 .text.UART_GetChar
                0x000006b8       0x2c .\CortexM3\ARM_GCC_541\Debug\FinalProject.a(UART.o)
                0x000006b8                UART_GetChar
 .text.UART_PutChar
                0x000006e4       0x18 .\CortexM3\ARM_GCC_541\Debug\FinalProject.a(UART.o)
                0x000006e4                UART_PutChar
 .text.UART_PutString
                0x000006fc       0x24 .\CortexM3\ARM_GCC_541\Debug\FinalProject.a(UART.o)
                0x000006fc                UART_PutString
 .text.Timer_Enable
                0x00000720       0x28 .\CortexM3\ARM_GCC_541\Debug\FinalProject.a(Timer.o)
                0x00000720                Timer_Enable
 .text.Timer_SetInterruptMode
                0x00000748        0xc .\CortexM3\ARM_GCC_541\Debug\FinalProject.a(Timer.o)
                0x00000748                Timer_SetInterruptMode
 .text.Timer_ReadStatusRegister
                0x00000754        0xc .\CortexM3\ARM_GCC_541\Debug\FinalProject.a(Timer.o)
                0x00000754                Timer_ReadStatusRegister
 .text.Timer_WritePeriod
                0x00000760        0xc .\CortexM3\ARM_GCC_541\Debug\FinalProject.a(Timer.o)
                0x00000760                Timer_WritePeriod
 .text.Timer_WriteCounter
                0x0000076c        0xc .\CortexM3\ARM_GCC_541\Debug\FinalProject.a(Timer.o)
                0x0000076c                Timer_WriteCounter
 .text.Timer_Init
                0x00000778       0x68 .\CortexM3\ARM_GCC_541\Debug\FinalProject.a(Timer.o)
                0x00000778                Timer_Init
 .text.Timer_Start
                0x000007e0       0x1c .\CortexM3\ARM_GCC_541\Debug\FinalProject.a(Timer.o)
                0x000007e0                Timer_Start
 .text.isr_UART_SetVector
                0x000007fc        0xc .\CortexM3\ARM_GCC_541\Debug\FinalProject.a(isr_UART.o)
                0x000007fc                isr_UART_SetVector
 .text.isr_UART_SetPriority
                0x00000808       0x10 .\CortexM3\ARM_GCC_541\Debug\FinalProject.a(isr_UART.o)
                0x00000808                isr_UART_SetPriority
 .text.isr_UART_Enable
                0x00000818        0xc .\CortexM3\ARM_GCC_541\Debug\FinalProject.a(isr_UART.o)
                0x00000818                isr_UART_Enable
 .text.isr_UART_Disable
                0x00000824        0xc .\CortexM3\ARM_GCC_541\Debug\FinalProject.a(isr_UART.o)
                0x00000824                isr_UART_Disable
 .text.isr_UART_StartEx
                0x00000830       0x1c .\CortexM3\ARM_GCC_541\Debug\FinalProject.a(isr_UART.o)
                0x00000830                isr_UART_StartEx
 .text.UART_IntClock_Start
                0x0000084c       0x1c .\CortexM3\ARM_GCC_541\Debug\FinalProject.a(UART_IntClock.o)
                0x0000084c                UART_IntClock_Start
 .text.CyHalt   0x00000868        0x4 .\CortexM3\ARM_GCC_541\Debug\FinalProject.a(CyLib.o)
                0x00000868                CyHalt
 .text.CyDelayUs
                0x0000086c       0x14 .\CortexM3\ARM_GCC_541\Debug\FinalProject.a(CyLib.o)
                0x0000086c                CyDelayUs
 .text.CyIntSetVector
                0x00000880       0x28 .\CortexM3\ARM_GCC_541\Debug\FinalProject.a(CyLib.o)
                0x00000880                CyIntSetVector
 .text.CyIntSetPriority
                0x000008a8       0x30 .\CortexM3\ARM_GCC_541\Debug\FinalProject.a(CyLib.o)
                0x000008a8                CyIntSetPriority
 .text.ADC_DelSig_GainCompensation
                0x000008d8       0xdc .\CortexM3\ARM_GCC_541\Debug\FinalProject.a(ADC_DelSig.o)
 .text.ADC_DelSig_SetDSMRef0Reg
                0x000009b4       0x4c .\CortexM3\ARM_GCC_541\Debug\FinalProject.a(ADC_DelSig.o)
 .text.ADC_DelSig_InitConfig
                0x00000a00       0xe0 .\CortexM3\ARM_GCC_541\Debug\FinalProject.a(ADC_DelSig.o)
 .text.ADC_DelSig_Init
                0x00000ae0       0xc4 .\CortexM3\ARM_GCC_541\Debug\FinalProject.a(ADC_DelSig.o)
                0x00000ae0                ADC_DelSig_Init
 .text.ADC_DelSig_Enable
                0x00000ba4       0xd8 .\CortexM3\ARM_GCC_541\Debug\FinalProject.a(ADC_DelSig.o)
                0x00000ba4                ADC_DelSig_Enable
 .text.ADC_DelSig_Start
                0x00000c7c       0x28 .\CortexM3\ARM_GCC_541\Debug\FinalProject.a(ADC_DelSig.o)
                0x00000c7c                ADC_DelSig_Start
 .text.ADC_DelSig_StartConvert
                0x00000ca4       0x10 .\CortexM3\ARM_GCC_541\Debug\FinalProject.a(ADC_DelSig.o)
                0x00000ca4                ADC_DelSig_StartConvert
 .text.ADC_DelSig_StopConvert
                0x00000cb4       0x10 .\CortexM3\ARM_GCC_541\Debug\FinalProject.a(ADC_DelSig.o)
                0x00000cb4                ADC_DelSig_StopConvert
 .text.ADC_DelSig_IsEndConversion
                0x00000cc4       0x30 .\CortexM3\ARM_GCC_541\Debug\FinalProject.a(ADC_DelSig.o)
                0x00000cc4                ADC_DelSig_IsEndConversion
 .text.ADC_DelSig_GetResult32
                0x00000cf4       0x6c .\CortexM3\ARM_GCC_541\Debug\FinalProject.a(ADC_DelSig.o)
                0x00000cf4                ADC_DelSig_GetResult32
 .text.ADC_DelSig_CountsTo_mVolts
                0x00000d60       0x24 .\CortexM3\ARM_GCC_541\Debug\FinalProject.a(ADC_DelSig.o)
                0x00000d60                ADC_DelSig_CountsTo_mVolts
 .text.ADC_DelSig_Read32
                0x00000d84       0x28 .\CortexM3\ARM_GCC_541\Debug\FinalProject.a(ADC_DelSig.o)
                0x00000d84                ADC_DelSig_Read32
 .text.ADC_DelSig_ISR1
                0x00000dac        0x4 .\CortexM3\ARM_GCC_541\Debug\FinalProject.a(ADC_DelSig_INT.o)
                0x00000dac                ADC_DelSig_ISR1
 .text.ADC_DelSig_AMux_Start
                0x00000db0       0x20 .\CortexM3\ARM_GCC_541\Debug\FinalProject.a(ADC_DelSig_AMux.o)
                0x00000db0                ADC_DelSig_AMux_Start
 .text.ADC_DelSig_AMux_Select
                0x00000dd0       0x18 .\CortexM3\ARM_GCC_541\Debug\FinalProject.a(ADC_DelSig_AMux.o)
                0x00000dd0                ADC_DelSig_AMux_Select
 .text.ADC_DelSig_Ext_CP_Clk_GetDividerRegister
                0x00000de8        0xc .\CortexM3\ARM_GCC_541\Debug\FinalProject.a(ADC_DelSig_Ext_CP_Clk.o)
                0x00000de8                ADC_DelSig_Ext_CP_Clk_GetDividerRegister
 .text.ADC_DelSig_Ext_CP_Clk_SetModeRegister
                0x00000df4       0x14 .\CortexM3\ARM_GCC_541\Debug\FinalProject.a(ADC_DelSig_Ext_CP_Clk.o)
                0x00000df4                ADC_DelSig_Ext_CP_Clk_SetModeRegister
 .text.ADC_DelSig_Ext_CP_Clk_GetSourceRegister
                0x00000e08       0x10 .\CortexM3\ARM_GCC_541\Debug\FinalProject.a(ADC_DelSig_Ext_CP_Clk.o)
                0x00000e08                ADC_DelSig_Ext_CP_Clk_GetSourceRegister
 .text.ADC_DelSig_Ext_CP_Clk_SetDividerRegister
                0x00000e18       0xd8 .\CortexM3\ARM_GCC_541\Debug\FinalProject.a(ADC_DelSig_Ext_CP_Clk.o)
                0x00000e18                ADC_DelSig_Ext_CP_Clk_SetDividerRegister
 .text.ADC_DelSig_theACLK_GetDividerRegister
                0x00000ef0        0xc .\CortexM3\ARM_GCC_541\Debug\FinalProject.a(ADC_DelSig_theACLK.o)
                0x00000ef0                ADC_DelSig_theACLK_GetDividerRegister
 .text.ADC_DelSig_theACLK_SetModeRegister
                0x00000efc       0x14 .\CortexM3\ARM_GCC_541\Debug\FinalProject.a(ADC_DelSig_theACLK.o)
                0x00000efc                ADC_DelSig_theACLK_SetModeRegister
 .text.ADC_DelSig_theACLK_GetSourceRegister
                0x00000f10       0x10 .\CortexM3\ARM_GCC_541\Debug\FinalProject.a(ADC_DelSig_theACLK.o)
                0x00000f10                ADC_DelSig_theACLK_GetSourceRegister
 .text.ADC_DelSig_theACLK_SetDividerRegister
                0x00000f20       0xd8 .\CortexM3\ARM_GCC_541\Debug\FinalProject.a(ADC_DelSig_theACLK.o)
                0x00000f20                ADC_DelSig_theACLK_SetDividerRegister
 .text          0x00000ff8       0x20 .\CortexM3\ARM_GCC_541\Debug\FinalProject.a(CyBootAsmGnu.o)
                0x00000ff8                CyDelayCycles
                0x00001008                CyEnterCriticalSection
                0x00001010                CyExitCriticalSection
 .text          0x00001018      0x370 c:/program files (x86)/cypress/psoc creator/4.3/psoc creator/import/gnu/arm/5.4.1/bin/../lib/gcc/arm-none-eabi/5.4.1/armv7-m\libgcc.a(_arm_addsubdf3.o)
                0x00001018                __aeabi_drsub
                0x00001020                __aeabi_dsub
                0x00001020                __subdf3
                0x00001024                __aeabi_dadd
                0x00001024                __adddf3
                0x0000129c                __floatunsidf
                0x0000129c                __aeabi_ui2d
                0x000012bc                __floatsidf
                0x000012bc                __aeabi_i2d
                0x000012e0                __aeabi_f2d
                0x000012e0                __extendsfdf2
                0x0000131c                __floatundidf
                0x0000131c                __aeabi_ul2d
                0x0000132c                __floatdidf
                0x0000132c                __aeabi_l2d
 .text          0x00001388      0x424 c:/program files (x86)/cypress/psoc creator/4.3/psoc creator/import/gnu/arm/5.4.1/bin/../lib/gcc/arm-none-eabi/5.4.1/armv7-m\libgcc.a(_arm_muldivdf3.o)
                0x00001388                __aeabi_dmul
                0x00001388                __muldf3
                0x000015dc                __divdf3
                0x000015dc                __aeabi_ddiv
 .text          0x000017ac       0xa0 c:/program files (x86)/cypress/psoc creator/4.3/psoc creator/import/gnu/arm/5.4.1/bin/../lib/gcc/arm-none-eabi/5.4.1/armv7-m\libgcc.a(_arm_truncdfsf2.o)
                0x000017ac                __truncdfsf2
                0x000017ac                __aeabi_d2f
 .text          0x0000184c       0x4c c:/program files (x86)/cypress/psoc creator/4.3/psoc creator/import/gnu/arm/5.4.1/bin/../lib/gcc/arm-none-eabi/5.4.1/armv7-m\libgcc.a(_arm_fixsfsi.o)
                0x0000184c                __aeabi_f2iz
                0x0000184c                __fixsfsi
 .text.__errno  0x00001898        0xc c:/program files (x86)/cypress/psoc creator/4.3/psoc creator/import/gnu/arm/5.4.1/bin/../lib/gcc/arm-none-eabi/5.4.1/../../../../arm-none-eabi/lib/armv7-m\libg_nano.a(lib_a-errno.o)
                0x00001898                __errno
 .text.__libc_init_array
                0x000018a4       0x4c c:/program files (x86)/cypress/psoc creator/4.3/psoc creator/import/gnu/arm/5.4.1/bin/../lib/gcc/arm-none-eabi/5.4.1/../../../../arm-none-eabi/lib/armv7-m\libg_nano.a(lib_a-init.o)
                0x000018a4                __libc_init_array
 .text.memcpy   0x000018f0       0x16 c:/program files (x86)/cypress/psoc creator/4.3/psoc creator/import/gnu/arm/5.4.1/bin/../lib/gcc/arm-none-eabi/5.4.1/../../../../arm-none-eabi/lib/armv7-m\libg_nano.a(lib_a-memcpy-stub.o)
                0x000018f0                memcpy
 .text.memset   0x00001906       0x10 c:/program files (x86)/cypress/psoc creator/4.3/psoc creator/import/gnu/arm/5.4.1/bin/../lib/gcc/arm-none-eabi/5.4.1/../../../../arm-none-eabi/lib/armv7-m\libg_nano.a(lib_a-memset.o)
                0x00001906                memset
 *fill*         0x00001916        0x2 
 .text.sprintf  0x00001918       0x48 c:/program files (x86)/cypress/psoc creator/4.3/psoc creator/import/gnu/arm/5.4.1/bin/../lib/gcc/arm-none-eabi/5.4.1/../../../../arm-none-eabi/lib/armv7-m\libg_nano.a(lib_a-sprintf.o)
                0x00001918                siprintf
                0x00001918                sprintf
 .text.__ssputs_r
                0x00001960       0xb2 c:/program files (x86)/cypress/psoc creator/4.3/psoc creator/import/gnu/arm/5.4.1/bin/../lib/gcc/arm-none-eabi/5.4.1/../../../../arm-none-eabi/lib/armv7-m\libg_nano.a(lib_a-nano-svfprintf.o)
                0x00001960                __ssputs_r
 *fill*         0x00001a12        0x2 
 .text._svfprintf_r
                0x00001a14      0x1e8 c:/program files (x86)/cypress/psoc creator/4.3/psoc creator/import/gnu/arm/5.4.1/bin/../lib/gcc/arm-none-eabi/5.4.1/../../../../arm-none-eabi/lib/armv7-m\libg_nano.a(lib_a-nano-svfprintf.o)
                0x00001a14                _svfiprintf_r
                0x00001a14                _svfprintf_r
 .text._printf_common
                0x00001bfc       0xec c:/program files (x86)/cypress/psoc creator/4.3/psoc creator/import/gnu/arm/5.4.1/bin/../lib/gcc/arm-none-eabi/5.4.1/../../../../arm-none-eabi/lib/armv7-m\libg_nano.a(lib_a-nano-vfprintf_i.o)
                0x00001bfc                _printf_common
 .text._printf_i
                0x00001ce8      0x24c c:/program files (x86)/cypress/psoc creator/4.3/psoc creator/import/gnu/arm/5.4.1/bin/../lib/gcc/arm-none-eabi/5.4.1/../../../../arm-none-eabi/lib/armv7-m\libg_nano.a(lib_a-nano-vfprintf_i.o)
                0x00001ce8                _printf_i
 .text.memchr   0x00001f34       0x1c c:/program files (x86)/cypress/psoc creator/4.3/psoc creator/import/gnu/arm/5.4.1/bin/../lib/gcc/arm-none-eabi/5.4.1/../../../../arm-none-eabi/lib/armv7-m\libg_nano.a(lib_a-memchr-stub.o)
                0x00001f34                memchr
 .text.memmove  0x00001f50       0x36 c:/program files (x86)/cypress/psoc creator/4.3/psoc creator/import/gnu/arm/5.4.1/bin/../lib/gcc/arm-none-eabi/5.4.1/../../../../arm-none-eabi/lib/armv7-m\libg_nano.a(lib_a-memmove.o)
                0x00001f50                memmove
 *fill*         0x00001f86        0x2 
 .text._free_r  0x00001f88       0x98 c:/program files (x86)/cypress/psoc creator/4.3/psoc creator/import/gnu/arm/5.4.1/bin/../lib/gcc/arm-none-eabi/5.4.1/../../../../arm-none-eabi/lib/armv7-m\libg_nano.a(lib_a-nano-freer.o)
                0x00001f88                _free_r
 .text._malloc_r
                0x00002020       0xbc c:/program files (x86)/cypress/psoc creator/4.3/psoc creator/import/gnu/arm/5.4.1/bin/../lib/gcc/arm-none-eabi/5.4.1/../../../../arm-none-eabi/lib/armv7-m\libg_nano.a(lib_a-nano-mallocr.o)
                0x00002020                _malloc_r
 .text._realloc_r
                0x000020dc       0x4c c:/program files (x86)/cypress/psoc creator/4.3/psoc creator/import/gnu/arm/5.4.1/bin/../lib/gcc/arm-none-eabi/5.4.1/../../../../arm-none-eabi/lib/armv7-m\libg_nano.a(lib_a-nano-reallocr.o)
                0x000020dc                _realloc_r
 .text._sbrk_r  0x00002128       0x20 c:/program files (x86)/cypress/psoc creator/4.3/psoc creator/import/gnu/arm/5.4.1/bin/../lib/gcc/arm-none-eabi/5.4.1/../../../../arm-none-eabi/lib/armv7-m\libg_nano.a(lib_a-sbrkr.o)
                0x00002128                _sbrk_r
 .text.__malloc_lock
                0x00002148        0x2 c:/program files (x86)/cypress/psoc creator/4.3/psoc creator/import/gnu/arm/5.4.1/bin/../lib/gcc/arm-none-eabi/5.4.1/../../../../arm-none-eabi/lib/armv7-m\libg_nano.a(lib_a-mlock.o)
                0x00002148                __malloc_lock
 .text.__malloc_unlock
                0x0000214a        0x2 c:/program files (x86)/cypress/psoc creator/4.3/psoc creator/import/gnu/arm/5.4.1/bin/../lib/gcc/arm-none-eabi/5.4.1/../../../../arm-none-eabi/lib/armv7-m\libg_nano.a(lib_a-mlock.o)
                0x0000214a                __malloc_unlock
 .text._malloc_usable_size_r
                0x0000214c       0x14 c:/program files (x86)/cypress/psoc creator/4.3/psoc creator/import/gnu/arm/5.4.1/bin/../lib/gcc/arm-none-eabi/5.4.1/../../../../arm-none-eabi/lib/armv7-m\libg_nano.a(lib_a-nano-msizer.o)
                0x0000214c                _malloc_usable_size_r
 *(.plt)
 *(.gnu.warning)
 *(.glue_7t)
 .glue_7t       0x00002160        0x0 linker stubs
 *(.glue_7)
 .glue_7        0x00002160        0x0 linker stubs
 *(.vfp11_veneer)
 .vfp11_veneer  0x00002160        0x0 linker stubs
 *(.bootloader)
 *(.ARM.extab* .gnu.linkonce.armextab.*)
 *(.gcc_except_table)

.v4_bx          0x00002160        0x0
 .v4_bx         0x00002160        0x0 linker stubs

.iplt           0x00002160        0x0
 .iplt          0x00002160        0x0 c:/program files (x86)/cypress/psoc creator/4.3/psoc creator/import/gnu/arm/5.4.1/bin/../lib/gcc/arm-none-eabi/5.4.1/armv7-m/crtbegin.o

.eh_frame_hdr
 *(.eh_frame_hdr)

.eh_frame       0x00002160        0x4
 *(.eh_frame)
 .eh_frame      0x00002160        0x0 c:/program files (x86)/cypress/psoc creator/4.3/psoc creator/import/gnu/arm/5.4.1/bin/../lib/gcc/arm-none-eabi/5.4.1/armv7-m/crtbegin.o
 .eh_frame      0x00002160        0x4 c:/program files (x86)/cypress/psoc creator/4.3/psoc creator/import/gnu/arm/5.4.1/bin/../lib/gcc/arm-none-eabi/5.4.1/armv7-m/crtend.o
                [!provide]                PROVIDE (__exidx_start, .)

.ARM.exidx
 *(.ARM.exidx* .gnu.linkonce.armexidx.*)
                0x00002164                __exidx_end = .

.rodata         0x00002164       0xc4
 *(.rodata .rodata.* .gnu.linkonce.r.*)
 .rodata.str1.4
                0x00002164        0x8 .\CortexM3\ARM_GCC_541\Debug\InterruptRoutines.o
                                  0x5 (size before relaxing)
 .rodata        0x0000216c       0x4e .\CortexM3\ARM_GCC_541\Debug\cyfitter_cfg.o
                0x0000216c                ADC_DelSig_AMux__addrTable
                0x00002174                ADC_DelSig_AMux__maskTable
 .rodata.str1.1
                0x000021ba        0x2 c:/program files (x86)/cypress/psoc creator/4.3/psoc creator/import/gnu/arm/5.4.1/bin/../lib/gcc/arm-none-eabi/5.4.1/../../../../arm-none-eabi/lib/armv7-m\libg_nano.a(lib_a-impure.o)
 .rodata.str1.1
                0x000021bc       0x11 c:/program files (x86)/cypress/psoc creator/4.3/psoc creator/import/gnu/arm/5.4.1/bin/../lib/gcc/arm-none-eabi/5.4.1/../../../../arm-none-eabi/lib/armv7-m\libg_nano.a(lib_a-nano-svfprintf.o)
 .rodata.str1.1
                0x000021cd       0x22 c:/program files (x86)/cypress/psoc creator/4.3/psoc creator/import/gnu/arm/5.4.1/bin/../lib/gcc/arm-none-eabi/5.4.1/../../../../arm-none-eabi/lib/armv7-m\libg_nano.a(lib_a-nano-vfprintf_i.o)
                0x000021f0                . = ALIGN (0x4)
 *fill*         0x000021ef        0x1 
 *(.init)
 .init          0x000021f0        0x4 c:/program files (x86)/cypress/psoc creator/4.3/psoc creator/import/gnu/arm/5.4.1/bin/../lib/gcc/arm-none-eabi/5.4.1/armv7-m/crti.o
                0x000021f0                _init
 .init          0x000021f4        0x8 c:/program files (x86)/cypress/psoc creator/4.3/psoc creator/import/gnu/arm/5.4.1/bin/../lib/gcc/arm-none-eabi/5.4.1/armv7-m/crtn.o
                0x000021fc                . = ALIGN (0x4)
                0x000021fc                __preinit_array_start = .
 *(.preinit_array)
                0x000021fc                __preinit_array_end = .
                0x000021fc                . = ALIGN (0x4)
                0x000021fc                __init_array_start = .
 *(SORT(.init_array.*))
 *(.init_array)
 .init_array    0x000021fc        0x4 c:/program files (x86)/cypress/psoc creator/4.3/psoc creator/import/gnu/arm/5.4.1/bin/../lib/gcc/arm-none-eabi/5.4.1/armv7-m/crtbegin.o
 .init_array    0x00002200        0x4 .\CortexM3\ARM_GCC_541\Debug\Cm3Start.o
                0x00002204                __init_array_end = .
                0x00002204                . = ALIGN (0x4)
 *(.fini)
 .fini          0x00002204        0x4 c:/program files (x86)/cypress/psoc creator/4.3/psoc creator/import/gnu/arm/5.4.1/bin/../lib/gcc/arm-none-eabi/5.4.1/armv7-m/crti.o
                0x00002204                _fini
 .fini          0x00002208        0x8 c:/program files (x86)/cypress/psoc creator/4.3/psoc creator/import/gnu/arm/5.4.1/bin/../lib/gcc/arm-none-eabi/5.4.1/armv7-m/crtn.o
                0x00002210                . = ALIGN (0x4)
                0x00002210                __fini_array_start = .
 *(.fini_array)
 .fini_array    0x00002210        0x4 c:/program files (x86)/cypress/psoc creator/4.3/psoc creator/import/gnu/arm/5.4.1/bin/../lib/gcc/arm-none-eabi/5.4.1/armv7-m/crtbegin.o
 *(SORT(.fini_array.*))
                0x00002214                __fini_array_end = .
                0x00002214                . = ALIGN (0x4)
 *crtbegin.o(.ctors)
 *(EXCLUDE_FILE(*crtend.o) .ctors)
 *(SORT(.ctors.*))
 *crtend.o(.ctors)
                0x00002214                . = ALIGN (0x4)
 *crtbegin.o(.dtors)
 *(EXCLUDE_FILE(*crtend.o) .dtors)
 *(SORT(.dtors.*))
 *crtend.o(.dtors)
                0x00002214                . = ALIGN (0x4)
                0x00002214                __cy_regions = .
                0x00002214        0x4 LONG 0x2228 __cy_region_init_ram
                0x00002218        0x4 LONG 0x1fff80c8 __cy_region_start_data
                0x0000221c        0x4 LONG 0x80 __cy_region_init_size_ram
                0x00002220        0x4 LONG 0x60 __cy_region_zero_size_ram
                0x00002224                __cy_regions_end = .
                0x00002228                . = ALIGN (0x8)
 *fill*         0x00002224        0x4 
                0x00002228                _etext = .

.cy_checksum_exclude
                0x00002228        0x0
 *(.cy_checksum_exclude)

.ramvectors     0x1fff8000       0xc0
                0x1fff8000                __cy_region_start_ram = .
 *(.ramvectors)
 .ramvectors    0x1fff8000       0xc0 .\CortexM3\ARM_GCC_541\Debug\Cm3Start.o
                0x1fff8000                CyRamVectors

.noinit         0x1fff80c0        0x1
 *(.noinit)
 .noinit        0x1fff80c0        0x1 .\CortexM3\ARM_GCC_541\Debug\FinalProject.a(CyLib.o)
                0x1fff80c0                CyResetStatus

.data           0x1fff80c8       0x80 load address 0x00002228
                0x1fff80c8                __cy_region_start_data = .
 *(.jcr)
 .jcr           0x1fff80c8        0x0 c:/program files (x86)/cypress/psoc creator/4.3/psoc creator/import/gnu/arm/5.4.1/bin/../lib/gcc/arm-none-eabi/5.4.1/armv7-m/crtbegin.o
 .jcr           0x1fff80c8        0x4 c:/program files (x86)/cypress/psoc creator/4.3/psoc creator/import/gnu/arm/5.4.1/bin/../lib/gcc/arm-none-eabi/5.4.1/armv7-m/crtend.o
 *(.got.plt)
 *(.got)
 *(.shdata)
 *(.data .data.* .gnu.linkonce.d.*)
 .data          0x1fff80cc        0x4 .\CortexM3\ARM_GCC_541\Debug\Cm3Start.o
 .data          0x1fff80d0       0x10 .\CortexM3\ARM_GCC_541\Debug\FinalProject.a(CyLib.o)
                0x1fff80d0                cydelay_32k_ms
                0x1fff80d4                cydelay_freq_khz
                0x1fff80d8                cydelay_freq_mhz
                0x1fff80dc                cydelay_freq_hz
 .data          0x1fff80e0        0x1 .\CortexM3\ARM_GCC_541\Debug\FinalProject.a(ADC_DelSig.o)
                0x1fff80e0                ADC_DelSig_Config
 .data          0x1fff80e1        0x1 .\CortexM3\ARM_GCC_541\Debug\FinalProject.a(ADC_DelSig_AMux.o)
 *fill*         0x1fff80e2        0x2 
 .data.impure_data
                0x1fff80e4       0x60 c:/program files (x86)/cypress/psoc creator/4.3/psoc creator/import/gnu/arm/5.4.1/bin/../lib/gcc/arm-none-eabi/5.4.1/../../../../arm-none-eabi/lib/armv7-m\libg_nano.a(lib_a-impure.o)
 .data._impure_ptr
                0x1fff8144        0x4 c:/program files (x86)/cypress/psoc creator/4.3/psoc creator/import/gnu/arm/5.4.1/bin/../lib/gcc/arm-none-eabi/5.4.1/../../../../arm-none-eabi/lib/armv7-m\libg_nano.a(lib_a-impure.o)
                0x1fff8144                _impure_ptr
                0x1fff8148                . = ALIGN (0x8)
 *(.ram)
                0x1fff8148                _edata = .

.igot.plt       0x1fff8148        0x0 load address 0x000022a8
 .igot.plt      0x1fff8148        0x0 c:/program files (x86)/cypress/psoc creator/4.3/psoc creator/import/gnu/arm/5.4.1/bin/../lib/gcc/arm-none-eabi/5.4.1/armv7-m/crtbegin.o

.bss            0x1fff8148       0x60 load address 0x000022a8
                0x1fff8148                PROVIDE (__bss_start__, .)
 *(.shbss)
 *(.bss .bss.* .gnu.linkonce.b.*)
 .bss           0x1fff8148       0x1c c:/program files (x86)/cypress/psoc creator/4.3/psoc creator/import/gnu/arm/5.4.1/bin/../lib/gcc/arm-none-eabi/5.4.1/armv7-m/crtbegin.o
 .bss           0x1fff8164        0xc .\CortexM3\ARM_GCC_541\Debug\InterruptRoutines.o
                0x1fff8164                temperature_digit
                0x1fff8168                temperature_mv
                0x1fff816c                temperature_celsius
 .bss           0x1fff8170        0x2 .\CortexM3\ARM_GCC_541\Debug\FinalProject.a(UART.o)
                0x1fff8170                UART_initVar
 .bss           0x1fff8172        0x1 .\CortexM3\ARM_GCC_541\Debug\FinalProject.a(Timer.o)
                0x1fff8172                Timer_initVar
 *fill*         0x1fff8173        0x1 
 .bss           0x1fff8174        0xc .\CortexM3\ARM_GCC_541\Debug\FinalProject.a(ADC_DelSig.o)
                0x1fff8178                ADC_DelSig_stopConversion
                0x1fff8179                ADC_DelSig_convDone
                0x1fff817a                ADC_DelSig_initVar
                0x1fff817b                ADC_DelSig_started
                0x1fff817c                ADC_DelSig_Offset
 .bss.__malloc_sbrk_start
                0x1fff8180        0x4 c:/program files (x86)/cypress/psoc creator/4.3/psoc creator/import/gnu/arm/5.4.1/bin/../lib/gcc/arm-none-eabi/5.4.1/../../../../arm-none-eabi/lib/armv7-m\libg_nano.a(lib_a-nano-mallocr.o)
                0x1fff8180                __malloc_sbrk_start
 .bss.__malloc_free_list
                0x1fff8184        0x4 c:/program files (x86)/cypress/psoc creator/4.3/psoc creator/import/gnu/arm/5.4.1/bin/../lib/gcc/arm-none-eabi/5.4.1/../../../../arm-none-eabi/lib/armv7-m\libg_nano.a(lib_a-nano-mallocr.o)
                0x1fff8184                __malloc_free_list
 *(COMMON)
 COMMON         0x1fff8188        0x4 .\CortexM3\ARM_GCC_541\Debug\main.o
                0x1fff8188                change_settings_flag
                0x1fff8189                option_table
                0x1fff818a                FlagReady
                0x1fff818b                start
 COMMON         0x1fff818c       0x14 .\CortexM3\ARM_GCC_541\Debug\InterruptRoutines.o
                0x1fff818c                message
 COMMON         0x1fff81a0        0x4 .\CortexM3\ARM_GCC_541\Debug\FinalProject.a(ADC_DelSig.o)
                0x1fff81a0                ADC_DelSig_CountsPerVolt
 COMMON         0x1fff81a4        0x4 c:/program files (x86)/cypress/psoc creator/4.3/psoc creator/import/gnu/arm/5.4.1/bin/../lib/gcc/arm-none-eabi/5.4.1/../../../../arm-none-eabi/lib/armv7-m\libg_nano.a(lib_a-reent.o)
                0x1fff81a4                errno
                0x1fff81a8                . = ALIGN (0x8)
 *(.ram.b)
                0x1fff81a8                _end = .
                0x1fff81a8                __end = .
                0x1fff81a8                PROVIDE (end, .)
                0x1fff81a8                PROVIDE (__bss_end__, .)
                0x00002228                __cy_region_init_ram = LOADADDR (.data)
                0x00000080                __cy_region_init_size_ram = (_edata - ADDR (.data))
                0x00000060                __cy_region_zero_size_ram = (_end - _edata)

.heap           0x1fff81a8       0x80 load address 0x000022a8
                0x1fff81a8                . = _end
                0x1fff8228                . = (. + 0x80)
 *fill*         0x1fff81a8       0x80 
                0x1fff8228                __cy_heap_limit = .

.stack          0x20007800      0x800
                0x20007800                __cy_stack_limit = .
                0x20008000                . = (. + 0x800)
 *fill*         0x20007800      0x800 
                0x00000001                ASSERT ((__cy_stack_limit >= __cy_heap_limit), region RAM overflowed with stack)
                0x00000000                cy_checksum_exclude_size = (CY_APPL_LOADABLE == 0x1)?SIZEOF (.cy_checksum_exclude):0x0
                0x00000001                ASSERT ((cy_checksum_exclude_size <= CY_CHECKSUM_EXCLUDE_SIZE), CY_BOOT: Section .cy_checksum_exclude size exceedes specified limit.)

.cyloadermeta
 *(.cyloadermeta)

.cyloadablemeta
 *(.cyloadablemeta)

.cyconfigecc    0x80000000      0x674
 *(.cyconfigecc)
 .cyconfigecc   0x80000000      0x674 .\CortexM3\ARM_GCC_541\Debug\cymetadata.o
                0x80000000                cy_meta_configecc

.cycustnvl      0x90000000        0x4
 *(.cycustnvl)
 .cycustnvl     0x90000000        0x4 .\CortexM3\ARM_GCC_541\Debug\cymetadata.o
                0x90000000                cy_meta_custnvl

.cywolatch      0x90100000        0x4
 *(.cywolatch)
 .cywolatch     0x90100000        0x4 .\CortexM3\ARM_GCC_541\Debug\cymetadata.o
                0x90100000                cy_meta_wonvl

.cyeeprom       0x90200000        0x0
 *(.cyeeprom)
                0x00000001                ASSERT ((. <= ((0x90200000 + ee_offset) + ee_size)), .cyeeprom data will not fit in EEPROM)

.cyflashprotect
                0x90400000      0x100
 *(.cyflashprotect)
 .cyflashprotect
                0x90400000      0x100 .\CortexM3\ARM_GCC_541\Debug\cymetadata.o
                0x90400000                cy_meta_flashprotect

.cymeta         0x90500000        0xc
 *(.cymeta)
 .cymeta        0x90500000        0xc .\CortexM3\ARM_GCC_541\Debug\cymetadata.o
                0x90500000                cy_metadata

.rel.dyn        0x000022a8        0x0 load address 0x9050000c
 .rel.iplt      0x000022a8        0x0 c:/program files (x86)/cypress/psoc creator/4.3/psoc creator/import/gnu/arm/5.4.1/bin/../lib/gcc/arm-none-eabi/5.4.1/armv7-m/crtbegin.o

.stab
 *(.stab)

.stabstr
 *(.stabstr)

.debug
 *(.debug)

.line
 *(.line)

.debug_srcinfo
 *(.debug_srcinfo)

.debug_sfnames
 *(.debug_sfnames)

.debug_aranges  0x00000000      0xbf0
 *(.debug_aranges)
 .debug_aranges
                0x00000000       0x20 .\CortexM3\ARM_GCC_541\Debug\main.o
 .debug_aranges
                0x00000020       0x28 .\CortexM3\ARM_GCC_541\Debug\InterruptRoutines.o
 .debug_aranges
                0x00000048       0x48 .\CortexM3\ARM_GCC_541\Debug\I2C_Interface.o
 .debug_aranges
                0x00000090       0x68 .\CortexM3\ARM_GCC_541\Debug\cyfitter_cfg.o
 .debug_aranges
                0x000000f8       0x18 .\CortexM3\ARM_GCC_541\Debug\cymetadata.o
 .debug_aranges
                0x00000110       0x48 .\CortexM3\ARM_GCC_541\Debug\Cm3Start.o
 .debug_aranges
                0x00000158       0x80 .\CortexM3\ARM_GCC_541\Debug\FinalProject.a(isr_TIMER.o)
 .debug_aranges
                0x000001d8       0xf0 .\CortexM3\ARM_GCC_541\Debug\FinalProject.a(UART.o)
 .debug_aranges
                0x000002c8       0x88 .\CortexM3\ARM_GCC_541\Debug\FinalProject.a(Timer.o)
 .debug_aranges
                0x00000350       0x80 .\CortexM3\ARM_GCC_541\Debug\FinalProject.a(isr_UART.o)
 .debug_aranges
                0x000003d0       0x70 .\CortexM3\ARM_GCC_541\Debug\FinalProject.a(UART_IntClock.o)
 .debug_aranges
                0x00000440      0x2a0 .\CortexM3\ARM_GCC_541\Debug\FinalProject.a(CyLib.o)
 .debug_aranges
                0x000006e0       0x98 .\CortexM3\ARM_GCC_541\Debug\FinalProject.a(cyPm.o)
 .debug_aranges
                0x00000778       0xe8 .\CortexM3\ARM_GCC_541\Debug\FinalProject.a(ADC_DelSig.o)
 .debug_aranges
                0x00000860       0x38 .\CortexM3\ARM_GCC_541\Debug\FinalProject.a(ADC_DelSig_INT.o)
 .debug_aranges
                0x00000898       0x30 .\CortexM3\ARM_GCC_541\Debug\FinalProject.a(ADC_DelSig_AMux.o)
 .debug_aranges
                0x000008c8       0x70 .\CortexM3\ARM_GCC_541\Debug\FinalProject.a(ADC_DelSig_Ext_CP_Clk.o)
 .debug_aranges
                0x00000938       0x80 .\CortexM3\ARM_GCC_541\Debug\FinalProject.a(ADC_DelSig_theACLK.o)
 .debug_aranges
                0x000009b8       0x38 .\CortexM3\ARM_GCC_541\Debug\FinalProject.a(I2C_MASTER.o)
 .debug_aranges
                0x000009f0       0x20 .\CortexM3\ARM_GCC_541\Debug\FinalProject.a(I2C_Master_INT.o)
 .debug_aranges
                0x00000a10       0x38 .\CortexM3\ARM_GCC_541\Debug\FinalProject.a(I2C_Master_PM.o)
 .debug_aranges
                0x00000a48       0x80 .\CortexM3\ARM_GCC_541\Debug\FinalProject.a(I2C_Master_MASTER.o)
 .debug_aranges
                0x00000ac8       0x20 .\CortexM3\ARM_GCC_541\Debug\FinalProject.a(CyBootAsmGnu.o)
 .debug_aranges
                0x00000ae8       0x88 .\CortexM3\ARM_GCC_541\Debug\FinalProject.a(CyFlash.o)
 .debug_aranges
                0x00000b70       0x80 .\CortexM3\ARM_GCC_541\Debug\FinalProject.a(CySpc.o)

.debug_pubnames
 *(.debug_pubnames)

.debug_info     0x00000000     0x6a0c
 *(.debug_info .gnu.linkonce.wi.*)
 .debug_info    0x00000000      0x1a6 .\CortexM3\ARM_GCC_541\Debug\main.o
 .debug_info    0x000001a6      0x237 .\CortexM3\ARM_GCC_541\Debug\InterruptRoutines.o
 .debug_info    0x000003dd      0x402 .\CortexM3\ARM_GCC_541\Debug\I2C_Interface.o
 .debug_info    0x000007df      0x6b3 .\CortexM3\ARM_GCC_541\Debug\cyfitter_cfg.o
 .debug_info    0x00000e92      0x138 .\CortexM3\ARM_GCC_541\Debug\cymetadata.o
 .debug_info    0x00000fca      0x3bb .\CortexM3\ARM_GCC_541\Debug\Cm3Start.o
 .debug_info    0x00001385      0x2d2 .\CortexM3\ARM_GCC_541\Debug\FinalProject.a(isr_TIMER.o)
 .debug_info    0x00001657      0x60c .\CortexM3\ARM_GCC_541\Debug\FinalProject.a(UART.o)
 .debug_info    0x00001c63      0x295 .\CortexM3\ARM_GCC_541\Debug\FinalProject.a(Timer.o)
 .debug_info    0x00001ef8      0x2d2 .\CortexM3\ARM_GCC_541\Debug\FinalProject.a(isr_UART.o)
 .debug_info    0x000021ca      0x283 .\CortexM3\ARM_GCC_541\Debug\FinalProject.a(UART_IntClock.o)
 .debug_info    0x0000244d     0x1374 .\CortexM3\ARM_GCC_541\Debug\FinalProject.a(CyLib.o)
 .debug_info    0x000037c1      0xa2a .\CortexM3\ARM_GCC_541\Debug\FinalProject.a(cyPm.o)
 .debug_info    0x000041eb      0xa19 .\CortexM3\ARM_GCC_541\Debug\FinalProject.a(ADC_DelSig.o)
 .debug_info    0x00004c04       0xd3 .\CortexM3\ARM_GCC_541\Debug\FinalProject.a(ADC_DelSig_INT.o)
 .debug_info    0x00004cd7      0x165 .\CortexM3\ARM_GCC_541\Debug\FinalProject.a(ADC_DelSig_AMux.o)
 .debug_info    0x00004e3c      0x283 .\CortexM3\ARM_GCC_541\Debug\FinalProject.a(ADC_DelSig_Ext_CP_Clk.o)
 .debug_info    0x000050bf      0x2c4 .\CortexM3\ARM_GCC_541\Debug\FinalProject.a(ADC_DelSig_theACLK.o)
 .debug_info    0x00005383      0x2ad .\CortexM3\ARM_GCC_541\Debug\FinalProject.a(I2C_MASTER.o)
 .debug_info    0x00005630      0x184 .\CortexM3\ARM_GCC_541\Debug\FinalProject.a(I2C_Master_INT.o)
 .debug_info    0x000057b4      0x207 .\CortexM3\ARM_GCC_541\Debug\FinalProject.a(I2C_Master_PM.o)
 .debug_info    0x000059bb      0x407 .\CortexM3\ARM_GCC_541\Debug\FinalProject.a(I2C_Master_MASTER.o)
 .debug_info    0x00005dc2       0xad .\CortexM3\ARM_GCC_541\Debug\FinalProject.a(CyBootAsmGnu.o)
 .debug_info    0x00005e6f      0x64d .\CortexM3\ARM_GCC_541\Debug\FinalProject.a(CyFlash.o)
 .debug_info    0x000064bc      0x550 .\CortexM3\ARM_GCC_541\Debug\FinalProject.a(CySpc.o)

.debug_abbrev   0x00000000     0x1e4e
 *(.debug_abbrev)
 .debug_abbrev  0x00000000       0xa8 .\CortexM3\ARM_GCC_541\Debug\main.o
 .debug_abbrev  0x000000a8      0x102 .\CortexM3\ARM_GCC_541\Debug\InterruptRoutines.o
 .debug_abbrev  0x000001aa       0xea .\CortexM3\ARM_GCC_541\Debug\I2C_Interface.o
 .debug_abbrev  0x00000294      0x22d .\CortexM3\ARM_GCC_541\Debug\cyfitter_cfg.o
 .debug_abbrev  0x000004c1       0x77 .\CortexM3\ARM_GCC_541\Debug\cymetadata.o
 .debug_abbrev  0x00000538      0x1e8 .\CortexM3\ARM_GCC_541\Debug\Cm3Start.o
 .debug_abbrev  0x00000720      0x173 .\CortexM3\ARM_GCC_541\Debug\FinalProject.a(isr_TIMER.o)
 .debug_abbrev  0x00000893      0x175 .\CortexM3\ARM_GCC_541\Debug\FinalProject.a(UART.o)
 .debug_abbrev  0x00000a08      0x11a .\CortexM3\ARM_GCC_541\Debug\FinalProject.a(Timer.o)
 .debug_abbrev  0x00000b22      0x173 .\CortexM3\ARM_GCC_541\Debug\FinalProject.a(isr_UART.o)
 .debug_abbrev  0x00000c95      0x139 .\CortexM3\ARM_GCC_541\Debug\FinalProject.a(UART_IntClock.o)
 .debug_abbrev  0x00000dce      0x254 .\CortexM3\ARM_GCC_541\Debug\FinalProject.a(CyLib.o)
 .debug_abbrev  0x00001022      0x1ab .\CortexM3\ARM_GCC_541\Debug\FinalProject.a(cyPm.o)
 .debug_abbrev  0x000011cd      0x1eb .\CortexM3\ARM_GCC_541\Debug\FinalProject.a(ADC_DelSig.o)
 .debug_abbrev  0x000013b8       0x42 .\CortexM3\ARM_GCC_541\Debug\FinalProject.a(ADC_DelSig_INT.o)
 .debug_abbrev  0x000013fa       0xb1 .\CortexM3\ARM_GCC_541\Debug\FinalProject.a(ADC_DelSig_AMux.o)
 .debug_abbrev  0x000014ab      0x139 .\CortexM3\ARM_GCC_541\Debug\FinalProject.a(ADC_DelSig_Ext_CP_Clk.o)
 .debug_abbrev  0x000015e4      0x121 .\CortexM3\ARM_GCC_541\Debug\FinalProject.a(ADC_DelSig_theACLK.o)
 .debug_abbrev  0x00001705      0x10a .\CortexM3\ARM_GCC_541\Debug\FinalProject.a(I2C_MASTER.o)
 .debug_abbrev  0x0000180f       0xb6 .\CortexM3\ARM_GCC_541\Debug\FinalProject.a(I2C_Master_INT.o)
 .debug_abbrev  0x000018c5       0xfe .\CortexM3\ARM_GCC_541\Debug\FinalProject.a(I2C_Master_PM.o)
 .debug_abbrev  0x000019c3      0x13c .\CortexM3\ARM_GCC_541\Debug\FinalProject.a(I2C_Master_MASTER.o)
 .debug_abbrev  0x00001aff       0x14 .\CortexM3\ARM_GCC_541\Debug\FinalProject.a(CyBootAsmGnu.o)
 .debug_abbrev  0x00001b13      0x1a7 .\CortexM3\ARM_GCC_541\Debug\FinalProject.a(CyFlash.o)
 .debug_abbrev  0x00001cba      0x194 .\CortexM3\ARM_GCC_541\Debug\FinalProject.a(CySpc.o)

.debug_line     0x00000000     0x30bc
 *(.debug_line)
 .debug_line    0x00000000      0x1c9 .\CortexM3\ARM_GCC_541\Debug\main.o
 .debug_line    0x000001c9      0x25f .\CortexM3\ARM_GCC_541\Debug\InterruptRoutines.o
 .debug_line    0x00000428      0x1ec .\CortexM3\ARM_GCC_541\Debug\I2C_Interface.o
 .debug_line    0x00000614      0x227 .\CortexM3\ARM_GCC_541\Debug\cyfitter_cfg.o
 .debug_line    0x0000083b      0x141 .\CortexM3\ARM_GCC_541\Debug\cymetadata.o
 .debug_line    0x0000097c      0x234 .\CortexM3\ARM_GCC_541\Debug\Cm3Start.o
 .debug_line    0x00000bb0      0x136 .\CortexM3\ARM_GCC_541\Debug\FinalProject.a(isr_TIMER.o)
 .debug_line    0x00000ce6      0x2bc .\CortexM3\ARM_GCC_541\Debug\FinalProject.a(UART.o)
 .debug_line    0x00000fa2      0x153 .\CortexM3\ARM_GCC_541\Debug\FinalProject.a(Timer.o)
 .debug_line    0x000010f5      0x135 .\CortexM3\ARM_GCC_541\Debug\FinalProject.a(isr_UART.o)
 .debug_line    0x0000122a      0x17c .\CortexM3\ARM_GCC_541\Debug\FinalProject.a(UART_IntClock.o)
 .debug_line    0x000013a6      0x816 .\CortexM3\ARM_GCC_541\Debug\FinalProject.a(CyLib.o)
 .debug_line    0x00001bbc      0x367 .\CortexM3\ARM_GCC_541\Debug\FinalProject.a(cyPm.o)
 .debug_line    0x00001f23      0x373 .\CortexM3\ARM_GCC_541\Debug\FinalProject.a(ADC_DelSig.o)
 .debug_line    0x00002296       0x87 .\CortexM3\ARM_GCC_541\Debug\FinalProject.a(ADC_DelSig_INT.o)
 .debug_line    0x0000231d       0xb3 .\CortexM3\ARM_GCC_541\Debug\FinalProject.a(ADC_DelSig_AMux.o)
 .debug_line    0x000023d0      0x184 .\CortexM3\ARM_GCC_541\Debug\FinalProject.a(ADC_DelSig_Ext_CP_Clk.o)
 .debug_line    0x00002554      0x1a4 .\CortexM3\ARM_GCC_541\Debug\FinalProject.a(ADC_DelSig_theACLK.o)
 .debug_line    0x000026f8       0xee .\CortexM3\ARM_GCC_541\Debug\FinalProject.a(I2C_MASTER.o)
 .debug_line    0x000027e6      0x122 .\CortexM3\ARM_GCC_541\Debug\FinalProject.a(I2C_Master_INT.o)
 .debug_line    0x00002908       0xc9 .\CortexM3\ARM_GCC_541\Debug\FinalProject.a(I2C_Master_PM.o)
 .debug_line    0x000029d1      0x20b .\CortexM3\ARM_GCC_541\Debug\FinalProject.a(I2C_Master_MASTER.o)
 .debug_line    0x00002bdc       0x66 .\CortexM3\ARM_GCC_541\Debug\FinalProject.a(CyBootAsmGnu.o)
 .debug_line    0x00002c42      0x21a .\CortexM3\ARM_GCC_541\Debug\FinalProject.a(CyFlash.o)
 .debug_line    0x00002e5c      0x260 .\CortexM3\ARM_GCC_541\Debug\FinalProject.a(CySpc.o)

.debug_frame    0x00000000     0x20f4
 *(.debug_frame)
 .debug_frame   0x00000000       0x2c .\CortexM3\ARM_GCC_541\Debug\main.o
 .debug_frame   0x0000002c       0x48 .\CortexM3\ARM_GCC_541\Debug\InterruptRoutines.o
 .debug_frame   0x00000074       0xd4 .\CortexM3\ARM_GCC_541\Debug\I2C_Interface.o
 .debug_frame   0x00000148      0x104 .\CortexM3\ARM_GCC_541\Debug\cyfitter_cfg.o
 .debug_frame   0x0000024c       0xb8 .\CortexM3\ARM_GCC_541\Debug\Cm3Start.o
 .debug_frame   0x00000304      0x104 .\CortexM3\ARM_GCC_541\Debug\FinalProject.a(isr_TIMER.o)
 .debug_frame   0x00000408      0x250 .\CortexM3\ARM_GCC_541\Debug\FinalProject.a(UART.o)
 .debug_frame   0x00000658      0x108 .\CortexM3\ARM_GCC_541\Debug\FinalProject.a(Timer.o)
 .debug_frame   0x00000760      0x104 .\CortexM3\ARM_GCC_541\Debug\FinalProject.a(isr_UART.o)
 .debug_frame   0x00000864       0xe0 .\CortexM3\ARM_GCC_541\Debug\FinalProject.a(UART_IntClock.o)
 .debug_frame   0x00000944      0x738 .\CortexM3\ARM_GCC_541\Debug\FinalProject.a(CyLib.o)
 .debug_frame   0x0000107c      0x1f8 .\CortexM3\ARM_GCC_541\Debug\FinalProject.a(cyPm.o)
 .debug_frame   0x00001274      0x284 .\CortexM3\ARM_GCC_541\Debug\FinalProject.a(ADC_DelSig.o)
 .debug_frame   0x000014f8       0x50 .\CortexM3\ARM_GCC_541\Debug\FinalProject.a(ADC_DelSig_INT.o)
 .debug_frame   0x00001548       0x64 .\CortexM3\ARM_GCC_541\Debug\FinalProject.a(ADC_DelSig_AMux.o)
 .debug_frame   0x000015ac       0xe0 .\CortexM3\ARM_GCC_541\Debug\FinalProject.a(ADC_DelSig_Ext_CP_Clk.o)
 .debug_frame   0x0000168c      0x100 .\CortexM3\ARM_GCC_541\Debug\FinalProject.a(ADC_DelSig_theACLK.o)
 .debug_frame   0x0000178c       0x94 .\CortexM3\ARM_GCC_541\Debug\FinalProject.a(I2C_MASTER.o)
 .debug_frame   0x00001820       0x30 .\CortexM3\ARM_GCC_541\Debug\FinalProject.a(I2C_Master_INT.o)
 .debug_frame   0x00001850       0x74 .\CortexM3\ARM_GCC_541\Debug\FinalProject.a(I2C_Master_PM.o)
 .debug_frame   0x000018c4      0x138 .\CortexM3\ARM_GCC_541\Debug\FinalProject.a(I2C_Master_MASTER.o)
 .debug_frame   0x000019fc      0x194 .\CortexM3\ARM_GCC_541\Debug\FinalProject.a(CyFlash.o)
 .debug_frame   0x00001b90      0x180 .\CortexM3\ARM_GCC_541\Debug\FinalProject.a(CySpc.o)
 .debug_frame   0x00001d10       0x20 c:/program files (x86)/cypress/psoc creator/4.3/psoc creator/import/gnu/arm/5.4.1/bin/../lib/gcc/arm-none-eabi/5.4.1/../../../../arm-none-eabi/lib/armv7-m\libg_nano.a(lib_a-errno.o)
 .debug_frame   0x00001d30       0x28 c:/program files (x86)/cypress/psoc creator/4.3/psoc creator/import/gnu/arm/5.4.1/bin/../lib/gcc/arm-none-eabi/5.4.1/../../../../arm-none-eabi/lib/armv7-m\libg_nano.a(lib_a-exit.o)
 .debug_frame   0x00001d58       0x2c c:/program files (x86)/cypress/psoc creator/4.3/psoc creator/import/gnu/arm/5.4.1/bin/../lib/gcc/arm-none-eabi/5.4.1/../../../../arm-none-eabi/lib/armv7-m\libg_nano.a(lib_a-init.o)
 .debug_frame   0x00001d84       0x28 c:/program files (x86)/cypress/psoc creator/4.3/psoc creator/import/gnu/arm/5.4.1/bin/../lib/gcc/arm-none-eabi/5.4.1/../../../../arm-none-eabi/lib/armv7-m\libg_nano.a(lib_a-memcpy-stub.o)
 .debug_frame   0x00001dac       0x20 c:/program files (x86)/cypress/psoc creator/4.3/psoc creator/import/gnu/arm/5.4.1/bin/../lib/gcc/arm-none-eabi/5.4.1/../../../../arm-none-eabi/lib/armv7-m\libg_nano.a(lib_a-memset.o)
 .debug_frame   0x00001dcc       0x70 c:/program files (x86)/cypress/psoc creator/4.3/psoc creator/import/gnu/arm/5.4.1/bin/../lib/gcc/arm-none-eabi/5.4.1/../../../../arm-none-eabi/lib/armv7-m\libg_nano.a(lib_a-sprintf.o)
 .debug_frame   0x00001e3c       0x90 c:/program files (x86)/cypress/psoc creator/4.3/psoc creator/import/gnu/arm/5.4.1/bin/../lib/gcc/arm-none-eabi/5.4.1/../../../../arm-none-eabi/lib/armv7-m\libg_nano.a(lib_a-nano-svfprintf.o)
 .debug_frame   0x00001ecc       0x60 c:/program files (x86)/cypress/psoc creator/4.3/psoc creator/import/gnu/arm/5.4.1/bin/../lib/gcc/arm-none-eabi/5.4.1/../../../../arm-none-eabi/lib/armv7-m\libg_nano.a(lib_a-nano-vfprintf_i.o)
 .debug_frame   0x00001f2c       0x28 c:/program files (x86)/cypress/psoc creator/4.3/psoc creator/import/gnu/arm/5.4.1/bin/../lib/gcc/arm-none-eabi/5.4.1/../../../../arm-none-eabi/lib/armv7-m\libg_nano.a(lib_a-memchr-stub.o)
 .debug_frame   0x00001f54       0x28 c:/program files (x86)/cypress/psoc creator/4.3/psoc creator/import/gnu/arm/5.4.1/bin/../lib/gcc/arm-none-eabi/5.4.1/../../../../arm-none-eabi/lib/armv7-m\libg_nano.a(lib_a-memmove.o)
 .debug_frame   0x00001f7c       0x38 c:/program files (x86)/cypress/psoc creator/4.3/psoc creator/import/gnu/arm/5.4.1/bin/../lib/gcc/arm-none-eabi/5.4.1/../../../../arm-none-eabi/lib/armv7-m\libg_nano.a(lib_a-nano-freer.o)
 .debug_frame   0x00001fb4       0x2c c:/program files (x86)/cypress/psoc creator/4.3/psoc creator/import/gnu/arm/5.4.1/bin/../lib/gcc/arm-none-eabi/5.4.1/../../../../arm-none-eabi/lib/armv7-m\libg_nano.a(lib_a-nano-mallocr.o)
 .debug_frame   0x00001fe0       0x3c c:/program files (x86)/cypress/psoc creator/4.3/psoc creator/import/gnu/arm/5.4.1/bin/../lib/gcc/arm-none-eabi/5.4.1/../../../../arm-none-eabi/lib/armv7-m\libg_nano.a(lib_a-nano-reallocr.o)
 .debug_frame   0x0000201c       0x2c c:/program files (x86)/cypress/psoc creator/4.3/psoc creator/import/gnu/arm/5.4.1/bin/../lib/gcc/arm-none-eabi/5.4.1/../../../../arm-none-eabi/lib/armv7-m\libg_nano.a(lib_a-sbrkr.o)
 .debug_frame   0x00002048       0x30 c:/program files (x86)/cypress/psoc creator/4.3/psoc creator/import/gnu/arm/5.4.1/bin/../lib/gcc/arm-none-eabi/5.4.1/../../../../arm-none-eabi/lib/armv7-m\libg_nano.a(lib_a-mlock.o)
 .debug_frame   0x00002078       0x20 c:/program files (x86)/cypress/psoc creator/4.3/psoc creator/import/gnu/arm/5.4.1/bin/../lib/gcc/arm-none-eabi/5.4.1/../../../../arm-none-eabi/lib/armv7-m\libg_nano.a(lib_a-nano-msizer.o)
 .debug_frame   0x00002098       0x5c c:/program files (x86)/cypress/psoc creator/4.3/psoc creator/import/gnu/arm/5.4.1/bin/../lib/gcc/arm-none-eabi/5.4.1/../../../../arm-none-eabi/lib/armv7-m\libg_nano.a(lib_a-reent.o)

.debug_str      0x00000000     0x2968
 *(.debug_str)
 .debug_str     0x00000000      0x205 .\CortexM3\ARM_GCC_541\Debug\main.o
                                0x25e (size before relaxing)
 .debug_str     0x00000205       0xe8 .\CortexM3\ARM_GCC_541\Debug\InterruptRoutines.o
                                0x2dd (size before relaxing)
 .debug_str     0x000002ed      0x1b6 .\CortexM3\ARM_GCC_541\Debug\I2C_Interface.o
                                0x361 (size before relaxing)
 .debug_str     0x000004a3      0x218 .\CortexM3\ARM_GCC_541\Debug\cyfitter_cfg.o
                                0x3c9 (size before relaxing)
 .debug_str     0x000006bb       0x75 .\CortexM3\ARM_GCC_541\Debug\cymetadata.o
                                0x201 (size before relaxing)
 .debug_str     0x00000730      0x144 .\CortexM3\ARM_GCC_541\Debug\Cm3Start.o
                                0x327 (size before relaxing)
 .debug_str     0x00000874      0x124 .\CortexM3\ARM_GCC_541\Debug\FinalProject.a(isr_TIMER.o)
                                0x2fb (size before relaxing)
 .debug_str     0x00000998      0x297 .\CortexM3\ARM_GCC_541\Debug\FinalProject.a(UART.o)
                                0x492 (size before relaxing)
 .debug_str     0x00000c2f      0x12d .\CortexM3\ARM_GCC_541\Debug\FinalProject.a(Timer.o)
                                0x312 (size before relaxing)
 .debug_str     0x00000d5c       0xff .\CortexM3\ARM_GCC_541\Debug\FinalProject.a(isr_UART.o)
                                0x2ed (size before relaxing)
 .debug_str     0x00000e5b      0x183 .\CortexM3\ARM_GCC_541\Debug\FinalProject.a(UART_IntClock.o)
                                0x353 (size before relaxing)
 .debug_str     0x00000fde      0x809 .\CortexM3\ARM_GCC_541\Debug\FinalProject.a(CyLib.o)
                                0xa64 (size before relaxing)
 .debug_str     0x000017e7      0x365 .\CortexM3\ARM_GCC_541\Debug\FinalProject.a(cyPm.o)
                                0x750 (size before relaxing)
 .debug_str     0x00001b4c      0x42e .\CortexM3\ARM_GCC_541\Debug\FinalProject.a(ADC_DelSig.o)
                                0x705 (size before relaxing)
 .debug_str     0x00001f7a       0x68 .\CortexM3\ARM_GCC_541\Debug\FinalProject.a(ADC_DelSig_INT.o)
                                0x200 (size before relaxing)
 .debug_str     0x00001fe2       0x7b .\CortexM3\ARM_GCC_541\Debug\FinalProject.a(ADC_DelSig_AMux.o)
                                0x24d (size before relaxing)
 .debug_str     0x0000205d      0x170 .\CortexM3\ARM_GCC_541\Debug\FinalProject.a(ADC_DelSig_Ext_CP_Clk.o)
                                0x3b3 (size before relaxing)
 .debug_str     0x000021cd      0x1a3 .\CortexM3\ARM_GCC_541\Debug\FinalProject.a(ADC_DelSig_theACLK.o)
                                0x3e0 (size before relaxing)
 .debug_str     0x00002370      0x116 .\CortexM3\ARM_GCC_541\Debug\FinalProject.a(I2C_MASTER.o)
                                0x352 (size before relaxing)
 .debug_str     0x00002486       0xb7 .\CortexM3\ARM_GCC_541\Debug\FinalProject.a(I2C_Master_INT.o)
                                0x2c9 (size before relaxing)
 .debug_str     0x0000253d       0x79 .\CortexM3\ARM_GCC_541\Debug\FinalProject.a(I2C_Master_PM.o)
                                0x2d9 (size before relaxing)
 .debug_str     0x000025b6      0x14b .\CortexM3\ARM_GCC_541\Debug\FinalProject.a(I2C_Master_MASTER.o)
                                0x462 (size before relaxing)
 .debug_str     0x00002701      0x1bb .\CortexM3\ARM_GCC_541\Debug\FinalProject.a(CyFlash.o)
                                0x3dd (size before relaxing)
 .debug_str     0x000028bc       0xac .\CortexM3\ARM_GCC_541\Debug\FinalProject.a(CySpc.o)
                                0x355 (size before relaxing)

.debug_loc      0x00000000     0x3016
 *(.debug_loc)
 .debug_loc     0x00000000      0x24a .\CortexM3\ARM_GCC_541\Debug\I2C_Interface.o
 .debug_loc     0x0000024a      0x29b .\CortexM3\ARM_GCC_541\Debug\cyfitter_cfg.o
 .debug_loc     0x000004e5      0x144 .\CortexM3\ARM_GCC_541\Debug\Cm3Start.o
 .debug_loc     0x00000629       0x56 .\CortexM3\ARM_GCC_541\Debug\FinalProject.a(isr_TIMER.o)
 .debug_loc     0x0000067f      0x258 .\CortexM3\ARM_GCC_541\Debug\FinalProject.a(UART.o)
 .debug_loc     0x000008d7       0x56 .\CortexM3\ARM_GCC_541\Debug\FinalProject.a(isr_UART.o)
 .debug_loc     0x0000092d      0x128 .\CortexM3\ARM_GCC_541\Debug\FinalProject.a(UART_IntClock.o)
 .debug_loc     0x00000a55      0xa11 .\CortexM3\ARM_GCC_541\Debug\FinalProject.a(CyLib.o)
 .debug_loc     0x00001466      0x1e4 .\CortexM3\ARM_GCC_541\Debug\FinalProject.a(cyPm.o)
 .debug_loc     0x0000164a      0x68c .\CortexM3\ARM_GCC_541\Debug\FinalProject.a(ADC_DelSig.o)
 .debug_loc     0x00001cd6       0x6c .\CortexM3\ARM_GCC_541\Debug\FinalProject.a(ADC_DelSig_AMux.o)
 .debug_loc     0x00001d42      0x12c .\CortexM3\ARM_GCC_541\Debug\FinalProject.a(ADC_DelSig_Ext_CP_Clk.o)
 .debug_loc     0x00001e6e      0x14d .\CortexM3\ARM_GCC_541\Debug\FinalProject.a(ADC_DelSig_theACLK.o)
 .debug_loc     0x00001fbb       0x39 .\CortexM3\ARM_GCC_541\Debug\FinalProject.a(I2C_MASTER.o)
 .debug_loc     0x00001ff4       0x29 .\CortexM3\ARM_GCC_541\Debug\FinalProject.a(I2C_Master_INT.o)
 .debug_loc     0x0000201d       0x13 .\CortexM3\ARM_GCC_541\Debug\FinalProject.a(I2C_Master_PM.o)
 .debug_loc     0x00002030      0x52f .\CortexM3\ARM_GCC_541\Debug\FinalProject.a(I2C_Master_MASTER.o)
 .debug_loc     0x0000255f      0x3b2 .\CortexM3\ARM_GCC_541\Debug\FinalProject.a(CyFlash.o)
 .debug_loc     0x00002911      0x705 .\CortexM3\ARM_GCC_541\Debug\FinalProject.a(CySpc.o)

.debug_macinfo
 *(.debug_macinfo)

.debug_ranges   0x00000000      0xa60
 *(.debug_ranges)
 .debug_ranges  0x00000000       0x10 .\CortexM3\ARM_GCC_541\Debug\main.o
 .debug_ranges  0x00000010       0x18 .\CortexM3\ARM_GCC_541\Debug\InterruptRoutines.o
 .debug_ranges  0x00000028       0x50 .\CortexM3\ARM_GCC_541\Debug\I2C_Interface.o
 .debug_ranges  0x00000078       0x58 .\CortexM3\ARM_GCC_541\Debug\cyfitter_cfg.o
 .debug_ranges  0x000000d0       0x38 .\CortexM3\ARM_GCC_541\Debug\Cm3Start.o
 .debug_ranges  0x00000108       0x70 .\CortexM3\ARM_GCC_541\Debug\FinalProject.a(isr_TIMER.o)
 .debug_ranges  0x00000178       0xe0 .\CortexM3\ARM_GCC_541\Debug\FinalProject.a(UART.o)
 .debug_ranges  0x00000258       0x78 .\CortexM3\ARM_GCC_541\Debug\FinalProject.a(Timer.o)
 .debug_ranges  0x000002d0       0x70 .\CortexM3\ARM_GCC_541\Debug\FinalProject.a(isr_UART.o)
 .debug_ranges  0x00000340       0x60 .\CortexM3\ARM_GCC_541\Debug\FinalProject.a(UART_IntClock.o)
 .debug_ranges  0x000003a0      0x290 .\CortexM3\ARM_GCC_541\Debug\FinalProject.a(CyLib.o)
 .debug_ranges  0x00000630       0x88 .\CortexM3\ARM_GCC_541\Debug\FinalProject.a(cyPm.o)
 .debug_ranges  0x000006b8       0xd8 .\CortexM3\ARM_GCC_541\Debug\FinalProject.a(ADC_DelSig.o)
 .debug_ranges  0x00000790       0x28 .\CortexM3\ARM_GCC_541\Debug\FinalProject.a(ADC_DelSig_INT.o)
 .debug_ranges  0x000007b8       0x20 .\CortexM3\ARM_GCC_541\Debug\FinalProject.a(ADC_DelSig_AMux.o)
 .debug_ranges  0x000007d8       0x60 .\CortexM3\ARM_GCC_541\Debug\FinalProject.a(ADC_DelSig_Ext_CP_Clk.o)
 .debug_ranges  0x00000838       0x70 .\CortexM3\ARM_GCC_541\Debug\FinalProject.a(ADC_DelSig_theACLK.o)
 .debug_ranges  0x000008a8       0x28 .\CortexM3\ARM_GCC_541\Debug\FinalProject.a(I2C_MASTER.o)
 .debug_ranges  0x000008d0       0x10 .\CortexM3\ARM_GCC_541\Debug\FinalProject.a(I2C_Master_INT.o)
 .debug_ranges  0x000008e0       0x28 .\CortexM3\ARM_GCC_541\Debug\FinalProject.a(I2C_Master_PM.o)
 .debug_ranges  0x00000908       0x70 .\CortexM3\ARM_GCC_541\Debug\FinalProject.a(I2C_Master_MASTER.o)
 .debug_ranges  0x00000978       0x78 .\CortexM3\ARM_GCC_541\Debug\FinalProject.a(CyFlash.o)
 .debug_ranges  0x000009f0       0x70 .\CortexM3\ARM_GCC_541\Debug\FinalProject.a(CySpc.o)

.comment        0x00000000       0x6e
 .comment       0x00000000       0x6e .\CortexM3\ARM_GCC_541\Debug\main.o
                                 0x6f (size before relaxing)
 .comment       0x0000006e       0x6f .\CortexM3\ARM_GCC_541\Debug\InterruptRoutines.o
 .comment       0x0000006e       0x6f .\CortexM3\ARM_GCC_541\Debug\I2C_Interface.o
 .comment       0x0000006e       0x6f .\CortexM3\ARM_GCC_541\Debug\cyfitter_cfg.o
 .comment       0x0000006e       0x6f .\CortexM3\ARM_GCC_541\Debug\cymetadata.o
 .comment       0x0000006e       0x6f .\CortexM3\ARM_GCC_541\Debug\Cm3Start.o
 .comment       0x0000006e       0x6f .\CortexM3\ARM_GCC_541\Debug\FinalProject.a(isr_TIMER.o)
 .comment       0x0000006e       0x6f .\CortexM3\ARM_GCC_541\Debug\FinalProject.a(UART.o)
 .comment       0x0000006e       0x6f .\CortexM3\ARM_GCC_541\Debug\FinalProject.a(Timer.o)
 .comment       0x0000006e       0x6f .\CortexM3\ARM_GCC_541\Debug\FinalProject.a(isr_UART.o)
 .comment       0x0000006e       0x6f .\CortexM3\ARM_GCC_541\Debug\FinalProject.a(UART_IntClock.o)
 .comment       0x0000006e       0x6f .\CortexM3\ARM_GCC_541\Debug\FinalProject.a(CyLib.o)
 .comment       0x0000006e       0x6f .\CortexM3\ARM_GCC_541\Debug\FinalProject.a(cyPm.o)
 .comment       0x0000006e       0x6f .\CortexM3\ARM_GCC_541\Debug\FinalProject.a(ADC_DelSig.o)
 .comment       0x0000006e       0x6f .\CortexM3\ARM_GCC_541\Debug\FinalProject.a(ADC_DelSig_INT.o)
 .comment       0x0000006e       0x6f .\CortexM3\ARM_GCC_541\Debug\FinalProject.a(ADC_DelSig_AMux.o)
 .comment       0x0000006e       0x6f .\CortexM3\ARM_GCC_541\Debug\FinalProject.a(ADC_DelSig_Ext_CP_Clk.o)
 .comment       0x0000006e       0x6f .\CortexM3\ARM_GCC_541\Debug\FinalProject.a(ADC_DelSig_theACLK.o)
 .comment       0x0000006e       0x6f .\CortexM3\ARM_GCC_541\Debug\FinalProject.a(I2C_MASTER.o)
 .comment       0x0000006e       0x6f .\CortexM3\ARM_GCC_541\Debug\FinalProject.a(I2C_Master_INT.o)
 .comment       0x0000006e       0x6f .\CortexM3\ARM_GCC_541\Debug\FinalProject.a(I2C_Master_PM.o)
 .comment       0x0000006e       0x6f .\CortexM3\ARM_GCC_541\Debug\FinalProject.a(I2C_Master_MASTER.o)
 .comment       0x0000006e       0x6f .\CortexM3\ARM_GCC_541\Debug\FinalProject.a(CyFlash.o)
 .comment       0x0000006e       0x6f .\CortexM3\ARM_GCC_541\Debug\FinalProject.a(CySpc.o)

.debug_weaknames
 *(.debug_weaknames)

.debug_funcnames
 *(.debug_funcnames)

.debug_typenames
 *(.debug_typenames)

.debug_varnames
 *(.debug_varnames)

.note.gnu.arm.ident
 *(.note.gnu.arm.ident)

.ARM.attributes
                0x00000000       0x29
 *(.ARM.attributes)
 .ARM.attributes
                0x00000000       0x1d c:/program files (x86)/cypress/psoc creator/4.3/psoc creator/import/gnu/arm/5.4.1/bin/../lib/gcc/arm-none-eabi/5.4.1/armv7-m/crti.o
 .ARM.attributes
                0x0000001d       0x2d c:/program files (x86)/cypress/psoc creator/4.3/psoc creator/import/gnu/arm/5.4.1/bin/../lib/gcc/arm-none-eabi/5.4.1/armv7-m/crtbegin.o
 .ARM.attributes
                0x0000004a       0x1b c:/program files (x86)/cypress/psoc creator/4.3/psoc creator/import/gnu/arm/5.4.1/bin/../lib/gcc/arm-none-eabi/5.4.1/../../../../arm-none-eabi/lib/armv7-m/crt0.o
 .ARM.attributes
                0x00000065       0x33 .\CortexM3\ARM_GCC_541\Debug\main.o
 .ARM.attributes
                0x00000098       0x33 .\CortexM3\ARM_GCC_541\Debug\InterruptRoutines.o
 .ARM.attributes
                0x000000cb       0x33 .\CortexM3\ARM_GCC_541\Debug\I2C_Interface.o
 .ARM.attributes
                0x000000fe       0x33 .\CortexM3\ARM_GCC_541\Debug\cyfitter_cfg.o
 .ARM.attributes
                0x00000131       0x33 .\CortexM3\ARM_GCC_541\Debug\cymetadata.o
 .ARM.attributes
                0x00000164       0x33 .\CortexM3\ARM_GCC_541\Debug\Cm3Start.o
 .ARM.attributes
                0x00000197       0x33 .\CortexM3\ARM_GCC_541\Debug\FinalProject.a(isr_TIMER.o)
 .ARM.attributes
                0x000001ca       0x33 .\CortexM3\ARM_GCC_541\Debug\FinalProject.a(UART.o)
 .ARM.attributes
                0x000001fd       0x33 .\CortexM3\ARM_GCC_541\Debug\FinalProject.a(Timer.o)
 .ARM.attributes
                0x00000230       0x33 .\CortexM3\ARM_GCC_541\Debug\FinalProject.a(isr_UART.o)
 .ARM.attributes
                0x00000263       0x33 .\CortexM3\ARM_GCC_541\Debug\FinalProject.a(UART_IntClock.o)
 .ARM.attributes
                0x00000296       0x33 .\CortexM3\ARM_GCC_541\Debug\FinalProject.a(CyLib.o)
 .ARM.attributes
                0x000002c9       0x33 .\CortexM3\ARM_GCC_541\Debug\FinalProject.a(cyPm.o)
 .ARM.attributes
                0x000002fc       0x33 .\CortexM3\ARM_GCC_541\Debug\FinalProject.a(ADC_DelSig.o)
 .ARM.attributes
                0x0000032f       0x33 .\CortexM3\ARM_GCC_541\Debug\FinalProject.a(ADC_DelSig_INT.o)
 .ARM.attributes
                0x00000362       0x33 .\CortexM3\ARM_GCC_541\Debug\FinalProject.a(ADC_DelSig_AMux.o)
 .ARM.attributes
                0x00000395       0x33 .\CortexM3\ARM_GCC_541\Debug\FinalProject.a(ADC_DelSig_Ext_CP_Clk.o)
 .ARM.attributes
                0x000003c8       0x33 .\CortexM3\ARM_GCC_541\Debug\FinalProject.a(ADC_DelSig_theACLK.o)
 .ARM.attributes
                0x000003fb       0x33 .\CortexM3\ARM_GCC_541\Debug\FinalProject.a(I2C_MASTER.o)
 .ARM.attributes
                0x0000042e       0x33 .\CortexM3\ARM_GCC_541\Debug\FinalProject.a(I2C_Master_INT.o)
 .ARM.attributes
                0x00000461       0x33 .\CortexM3\ARM_GCC_541\Debug\FinalProject.a(I2C_Master_PM.o)
 .ARM.attributes
                0x00000494       0x33 .\CortexM3\ARM_GCC_541\Debug\FinalProject.a(I2C_Master_MASTER.o)
 .ARM.attributes
                0x000004c7       0x21 .\CortexM3\ARM_GCC_541\Debug\FinalProject.a(CyBootAsmGnu.o)
 .ARM.attributes
                0x000004e8       0x33 .\CortexM3\ARM_GCC_541\Debug\FinalProject.a(CyFlash.o)
 .ARM.attributes
                0x0000051b       0x33 .\CortexM3\ARM_GCC_541\Debug\FinalProject.a(CySpc.o)
 .ARM.attributes
                0x0000054e       0x1d c:/program files (x86)/cypress/psoc creator/4.3/psoc creator/import/gnu/arm/5.4.1/bin/../lib/gcc/arm-none-eabi/5.4.1/armv7-m\libgcc.a(_arm_addsubdf3.o)
 .ARM.attributes
                0x0000056b       0x1d c:/program files (x86)/cypress/psoc creator/4.3/psoc creator/import/gnu/arm/5.4.1/bin/../lib/gcc/arm-none-eabi/5.4.1/armv7-m\libgcc.a(_arm_muldivdf3.o)
 .ARM.attributes
                0x00000588       0x1d c:/program files (x86)/cypress/psoc creator/4.3/psoc creator/import/gnu/arm/5.4.1/bin/../lib/gcc/arm-none-eabi/5.4.1/armv7-m\libgcc.a(_arm_cmpdf2.o)
 .ARM.attributes
                0x000005a5       0x1d c:/program files (x86)/cypress/psoc creator/4.3/psoc creator/import/gnu/arm/5.4.1/bin/../lib/gcc/arm-none-eabi/5.4.1/armv7-m\libgcc.a(_arm_truncdfsf2.o)
 .ARM.attributes
                0x000005c2       0x1d c:/program files (x86)/cypress/psoc creator/4.3/psoc creator/import/gnu/arm/5.4.1/bin/../lib/gcc/arm-none-eabi/5.4.1/armv7-m\libgcc.a(_arm_addsubsf3.o)
 .ARM.attributes
                0x000005df       0x1d c:/program files (x86)/cypress/psoc creator/4.3/psoc creator/import/gnu/arm/5.4.1/bin/../lib/gcc/arm-none-eabi/5.4.1/armv7-m\libgcc.a(_arm_muldivsf3.o)
 .ARM.attributes
                0x000005fc       0x1d c:/program files (x86)/cypress/psoc creator/4.3/psoc creator/import/gnu/arm/5.4.1/bin/../lib/gcc/arm-none-eabi/5.4.1/armv7-m\libgcc.a(_arm_fixsfsi.o)
 .ARM.attributes
                0x00000619       0x1d c:/program files (x86)/cypress/psoc creator/4.3/psoc creator/import/gnu/arm/5.4.1/bin/../lib/gcc/arm-none-eabi/5.4.1/armv7-m\libgcc.a(_arm_fixunssfsi.o)
 .ARM.attributes
                0x00000636       0x2d c:/program files (x86)/cypress/psoc creator/4.3/psoc creator/import/gnu/arm/5.4.1/bin/../lib/gcc/arm-none-eabi/5.4.1/../../../../arm-none-eabi/lib/armv7-m\libg_nano.a(lib_a-errno.o)
 .ARM.attributes
                0x00000663       0x2d c:/program files (x86)/cypress/psoc creator/4.3/psoc creator/import/gnu/arm/5.4.1/bin/../lib/gcc/arm-none-eabi/5.4.1/../../../../arm-none-eabi/lib/armv7-m\libg_nano.a(lib_a-exit.o)
 .ARM.attributes
                0x00000690       0x2d c:/program files (x86)/cypress/psoc creator/4.3/psoc creator/import/gnu/arm/5.4.1/bin/../lib/gcc/arm-none-eabi/5.4.1/../../../../arm-none-eabi/lib/armv7-m\libg_nano.a(lib_a-impure.o)
 .ARM.attributes
                0x000006bd       0x2d c:/program files (x86)/cypress/psoc creator/4.3/psoc creator/import/gnu/arm/5.4.1/bin/../lib/gcc/arm-none-eabi/5.4.1/../../../../arm-none-eabi/lib/armv7-m\libg_nano.a(lib_a-init.o)
 .ARM.attributes
                0x000006ea       0x2d c:/program files (x86)/cypress/psoc creator/4.3/psoc creator/import/gnu/arm/5.4.1/bin/../lib/gcc/arm-none-eabi/5.4.1/../../../../arm-none-eabi/lib/armv7-m\libg_nano.a(lib_a-memcpy-stub.o)
 .ARM.attributes
                0x00000717       0x2d c:/program files (x86)/cypress/psoc creator/4.3/psoc creator/import/gnu/arm/5.4.1/bin/../lib/gcc/arm-none-eabi/5.4.1/../../../../arm-none-eabi/lib/armv7-m\libg_nano.a(lib_a-memset.o)
 .ARM.attributes
                0x00000744       0x2d c:/program files (x86)/cypress/psoc creator/4.3/psoc creator/import/gnu/arm/5.4.1/bin/../lib/gcc/arm-none-eabi/5.4.1/../../../../arm-none-eabi/lib/armv7-m\libg_nano.a(lib_a-sprintf.o)
 .ARM.attributes
                0x00000771       0x2d c:/program files (x86)/cypress/psoc creator/4.3/psoc creator/import/gnu/arm/5.4.1/bin/../lib/gcc/arm-none-eabi/5.4.1/../../../../arm-none-eabi/lib/armv7-m\libg_nano.a(lib_a-nano-svfprintf.o)
 .ARM.attributes
                0x0000079e       0x2d c:/program files (x86)/cypress/psoc creator/4.3/psoc creator/import/gnu/arm/5.4.1/bin/../lib/gcc/arm-none-eabi/5.4.1/../../../../arm-none-eabi/lib/armv7-m\libg_nano.a(lib_a-nano-vfprintf_i.o)
 .ARM.attributes
                0x000007cb       0x2d c:/program files (x86)/cypress/psoc creator/4.3/psoc creator/import/gnu/arm/5.4.1/bin/../lib/gcc/arm-none-eabi/5.4.1/../../../../arm-none-eabi/lib/armv7-m\libg_nano.a(lib_a-memchr-stub.o)
 .ARM.attributes
                0x000007f8       0x2d c:/program files (x86)/cypress/psoc creator/4.3/psoc creator/import/gnu/arm/5.4.1/bin/../lib/gcc/arm-none-eabi/5.4.1/../../../../arm-none-eabi/lib/armv7-m\libg_nano.a(lib_a-memmove.o)
 .ARM.attributes
                0x00000825       0x2d c:/program files (x86)/cypress/psoc creator/4.3/psoc creator/import/gnu/arm/5.4.1/bin/../lib/gcc/arm-none-eabi/5.4.1/../../../../arm-none-eabi/lib/armv7-m\libg_nano.a(lib_a-nano-freer.o)
 .ARM.attributes
                0x00000852       0x2d c:/program files (x86)/cypress/psoc creator/4.3/psoc creator/import/gnu/arm/5.4.1/bin/../lib/gcc/arm-none-eabi/5.4.1/../../../../arm-none-eabi/lib/armv7-m\libg_nano.a(lib_a-nano-mallocr.o)
 .ARM.attributes
                0x0000087f       0x2d c:/program files (x86)/cypress/psoc creator/4.3/psoc creator/import/gnu/arm/5.4.1/bin/../lib/gcc/arm-none-eabi/5.4.1/../../../../arm-none-eabi/lib/armv7-m\libg_nano.a(lib_a-nano-reallocr.o)
 .ARM.attributes
                0x000008ac       0x2d c:/program files (x86)/cypress/psoc creator/4.3/psoc creator/import/gnu/arm/5.4.1/bin/../lib/gcc/arm-none-eabi/5.4.1/../../../../arm-none-eabi/lib/armv7-m\libg_nano.a(lib_a-sbrkr.o)
 .ARM.attributes
                0x000008d9       0x2d c:/program files (x86)/cypress/psoc creator/4.3/psoc creator/import/gnu/arm/5.4.1/bin/../lib/gcc/arm-none-eabi/5.4.1/../../../../arm-none-eabi/lib/armv7-m\libg_nano.a(lib_a-mlock.o)
 .ARM.attributes
                0x00000906       0x2d c:/program files (x86)/cypress/psoc creator/4.3/psoc creator/import/gnu/arm/5.4.1/bin/../lib/gcc/arm-none-eabi/5.4.1/../../../../arm-none-eabi/lib/armv7-m\libg_nano.a(lib_a-nano-msizer.o)
 .ARM.attributes
                0x00000933       0x2d c:/program files (x86)/cypress/psoc creator/4.3/psoc creator/import/gnu/arm/5.4.1/bin/../lib/gcc/arm-none-eabi/5.4.1/../../../../arm-none-eabi/lib/armv7-m\libg_nano.a(lib_a-reent.o)
 .ARM.attributes
                0x00000960       0x2d c:/program files (x86)/cypress/psoc creator/4.3/psoc creator/import/gnu/arm/5.4.1/bin/../lib/gcc/arm-none-eabi/5.4.1/armv7-m/crtend.o
 .ARM.attributes
                0x0000098d       0x1d c:/program files (x86)/cypress/psoc creator/4.3/psoc creator/import/gnu/arm/5.4.1/bin/../lib/gcc/arm-none-eabi/5.4.1/armv7-m/crtn.o

/DISCARD/
 *(.note.GNU-stack)
OUTPUT(C:\Users\annat\OneDrive\Desktop\Group_01_FinalProject\Group_01_FinalProject\FinalProject.cydsn\CortexM3\ARM_GCC_541\Debug\FinalProject.elf elf32-littlearm)
